11-21 13:59:24.841   396   432 I InputDispatcher: Dropping event because there is no touched window.
11-21 13:59:24.849   396   432 I InputDispatcher: Dropping event because there is no touched window.
11-21 13:59:24.857   396   432 I InputDispatcher: Dropping event because there is no touched window.
11-21 13:59:24.865   396   432 I InputDispatcher: Dropping event because there is no touched window.
11-21 13:59:24.873   396   432 I InputDispatcher: Dropping event because there is no touched window.
11-21 13:59:24.882   396   432 I InputDispatcher: Dropping event because there is no touched window.
11-21 13:59:24.889   396   432 I InputDispatcher: Dropping event because there is no touched window.
11-21 13:59:24.897   396   432 I InputDispatcher: Dropping event because there is no touched window.
11-21 13:59:24.904   396   432 I InputDispatcher: Dropping event because there is no touched window.
11-21 13:59:24.913   396   432 I InputDispatcher: Dropping event because there is no touched window.
11-21 13:59:24.946   643   643 D libEGL  : loaded /system/lib/egl/libEGL_mali.so
11-21 13:59:24.948   643   643 D libEGL  : loaded /system/lib/egl/libGLESv1_CM_mali.so
11-21 13:59:24.954   643   643 D libEGL  : loaded /system/lib/egl/libGLESv2_mali.so
11-21 13:59:24.996    80   394 W BufferQueue: freeAllBuffersLocked called but mQueue is not empty
11-21 13:59:25.047   643   643 D OpenGLRenderer: Enabling debug mode 0
11-21 13:59:25.249   643   643 W System.err: Removed 2131231219
11-21 13:59:25.251   643   643 W System.err: Removed 2131231228
11-21 13:59:25.282   643   646 D dalvikvm: GC_CONCURRENT freed 109K, 3% free 4688K/4820K, paused 2ms+3ms, total 27ms
11-21 13:59:25.307   539   543 D dalvikvm: GC_CONCURRENT freed 108K, 3% free 6069K/6248K, paused 4ms+3ms, total 66ms
11-21 13:59:25.524   396   411 I ActivityManager: Displayed com.android.settings/.Settings: +1s261ms
11-21 13:59:27.175   643   646 D dalvikvm: GC_CONCURRENT freed 357K, 8% free 4829K/5216K, paused 4ms+13ms, total 68ms
11-21 13:59:27.175   643   643 D dalvikvm: WAIT_FOR_CONCURRENT_GC blocked 7ms
11-21 13:59:28.275   539   543 D dalvikvm: GC_CONCURRENT freed 153K, 4% free 6434K/6664K, paused 3ms+3ms, total 64ms
11-21 13:59:31.021   396   594 D dalvikvm: GC_EXPLICIT freed 266K, 6% free 6498K/6892K, paused 9ms+18ms, total 143ms
11-21 13:59:31.215   539   543 D dalvikvm: GC_CONCURRENT freed 210K, 4% free 6874K/7160K, paused 2ms+3ms, total 57ms
11-21 13:59:31.911   396   800 D dalvikvm: GC_EXPLICIT freed 164K, 7% free 6443K/6892K, paused 9ms+7ms, total 124ms
11-21 13:59:31.997   539   852 D dalvikvm: GC_EXPLICIT freed 275K, 6% free 6787K/7160K, paused 2ms+5ms, total 48ms
11-21 13:59:32.757   396   789 D dalvikvm: GC_EXPLICIT freed 109K, 7% free 6444K/6892K, paused 8ms+7ms, total 100ms
11-21 13:59:33.546   396   407 D dalvikvm: GC_EXPLICIT freed 110K, 7% free 6444K/6892K, paused 8ms+6ms, total 91ms
11-21 13:59:33.639   539   852 D dalvikvm: GC_EXPLICIT freed 267K, 5% free 6943K/7284K, paused 2ms+8ms, total 51ms
11-21 13:59:34.389   396   407 D dalvikvm: GC_EXPLICIT freed 109K, 7% free 6444K/6892K, paused 9ms+6ms, total 98ms
11-21 13:59:35.132   396   594 D dalvikvm: GC_EXPLICIT freed 111K, 7% free 6444K/6892K, paused 7ms+6ms, total 88ms
11-21 13:59:35.223   539   852 D dalvikvm: GC_EXPLICIT freed 459K, 8% free 6944K/7472K, paused 2ms+7ms, total 51ms
11-21 13:59:36.065   396   597 D dalvikvm: GC_EXPLICIT freed 110K, 7% free 6444K/6892K, paused 8ms+16ms, total 138ms
11-21 13:59:36.863   396   597 D dalvikvm: GC_EXPLICIT freed 109K, 7% free 6444K/6892K, paused 7ms+7ms, total 99ms
11-21 13:59:36.973   539   852 D dalvikvm: GC_EXPLICIT freed 570K, 9% free 6944K/7580K, paused 4ms+8ms, total 68ms
11-21 13:59:37.646   396   799 D dalvikvm: GC_EXPLICIT freed 110K, 7% free 6443K/6892K, paused 9ms+6ms, total 86ms
11-21 13:59:38.391   396   407 D dalvikvm: GC_EXPLICIT freed 110K, 7% free 6444K/6892K, paused 8ms+6ms, total 97ms
11-21 13:59:38.483   539   852 D dalvikvm: GC_EXPLICIT freed 521K, 9% free 6944K/7580K, paused 2ms+7ms, total 52ms
11-21 13:59:39.232   396   594 D dalvikvm: GC_EXPLICIT freed 110K, 7% free 6443K/6892K, paused 9ms+6ms, total 108ms
11-21 13:59:39.945   396   789 D dalvikvm: GC_EXPLICIT freed 110K, 7% free 6443K/6892K, paused 7ms+6ms, total 90ms
11-21 13:59:40.035   539   852 D dalvikvm: GC_EXPLICIT freed 509K, 9% free 6944K/7580K, paused 3ms+8ms, total 52ms
11-21 13:59:40.784   396   799 D dalvikvm: GC_EXPLICIT freed 111K, 7% free 6444K/6892K, paused 8ms+6ms, total 106ms
11-21 13:59:41.393   396   799 D dalvikvm: GC_EXPLICIT freed 109K, 7% free 6444K/6892K, paused 4ms+8ms, total 72ms
11-21 13:59:41.524   539   852 D dalvikvm: GC_EXPLICIT freed 584K, 9% free 6945K/7596K, paused 3ms+8ms, total 82ms
11-21 13:59:42.526   396   406 D dalvikvm: GC_EXPLICIT freed 110K, 7% free 6443K/6892K, paused 9ms+16ms, total 143ms
11-21 13:59:43.443   396   597 D dalvikvm: GC_EXPLICIT freed 110K, 7% free 6444K/6892K, paused 6ms+11ms, total 104ms
11-21 13:59:43.536   539   852 D dalvikvm: GC_EXPLICIT freed 572K, 9% free 6945K/7596K, paused 3ms+8ms, total 52ms
11-21 13:59:43.981   539   545 D dalvikvm: null clazz in OP_INSTANCE_OF, single-stepping
11-21 13:59:44.397   396   800 D dalvikvm: GC_EXPLICIT freed 110K, 7% free 6443K/6892K, paused 15ms+6ms, total 136ms
11-21 13:59:45.360   396   396 D dalvikvm: GC_EXPLICIT freed 110K, 7% free 6444K/6892K, paused 8ms+6ms, total 120ms
11-21 13:59:45.438   539   852 D dalvikvm: GC_EXPLICIT freed 562K, 9% free 6944K/7596K, paused 2ms+8ms, total 52ms
11-21 13:59:46.300   396   597 D dalvikvm: GC_EXPLICIT freed 111K, 7% free 6444K/6892K, paused 8ms+16ms, total 138ms
11-21 13:59:47.113   396   800 D dalvikvm: GC_EXPLICIT freed 110K, 7% free 6443K/6892K, paused 8ms+16ms, total 140ms
11-21 13:59:47.296   539   852 D dalvikvm: GC_EXPLICIT freed 508K, 9% free 6945K/7596K, paused 7ms+19ms, total 125ms
11-21 13:59:48.087   396   407 D dalvikvm: GC_EXPLICIT freed 110K, 7% free 6444K/6892K, paused 9ms+5ms, total 104ms
11-21 13:59:48.934   396   407 D dalvikvm: GC_EXPLICIT freed 109K, 7% free 6444K/6892K, paused 9ms+6ms, total 124ms
11-21 13:59:49.026   539   852 D dalvikvm: GC_EXPLICIT freed 495K, 9% free 6946K/7596K, paused 3ms+7ms, total 66ms
11-21 13:59:49.611   977   977 D AndroidRuntime: 
11-21 13:59:49.611   977   977 D AndroidRuntime: >>>>>> AndroidRuntime START com.android.internal.os.RuntimeInit <<<<<<
11-21 13:59:49.611   977   977 D AndroidRuntime: CheckJNI is OFF
11-21 13:59:49.631   977   977 D dalvikvm: Trying to load lib libjavacore.so 0x0
11-21 13:59:49.638   977   977 D dalvikvm: Added shared lib libjavacore.so 0x0
11-21 13:59:49.648   977   977 D dalvikvm: Trying to load lib libnativehelper.so 0x0
11-21 13:59:49.648   977   977 D dalvikvm: Added shared lib libnativehelper.so 0x0
11-21 13:59:49.691   396   594 D dalvikvm: GC_EXPLICIT freed 110K, 7% free 6443K/6892K, paused 4ms+6ms, total 62ms
11-21 13:59:49.907   977   977 D AndroidRuntime: Calling main entry com.android.commands.pm.Pm
11-21 13:59:49.914   396   416 I PackageManager: Removing non-system package:com.lenovo.vctl
11-21 13:59:49.915   396   413 I ActivityManager: Force stopping package com.lenovo.vctl appid=10030 user=-1
11-21 13:59:49.915   396   413 I ActivityManager: Killing proc 693:com.lenovo.vctl/u0a10030: force stop com.lenovo.vctl
11-21 13:59:49.980   396   416 W PackageManager: Couldn't delete native library directory /data/app-lib/com.lenovo.vctl
11-21 13:59:50.164   396   416 I ActivityManager: Force stopping package com.lenovo.vctl appid=10030 user=0
11-21 13:59:50.212   396   433 I InputReader: Reconfiguring input devices.  changes=0x00000010
11-21 13:59:50.223   812   839 I AccountTypeManager: Loaded meta-data for 0 account types, 0 accounts in 4ms(wall) 1ms(cpu)
11-21 13:59:50.224   396   421 W InputMethodManagerService: Found no subtypes in a system IME: com.android.inputmethod.pinyin
11-21 13:59:50.232   987   987 I dalvikvm: !!!!!mountMode is 2
11-21 13:59:50.241   396   413 I ActivityManager: Start proc com.android.keychain for broadcast com.android.keychain/.KeyChainBroadcastReceiver: pid=987 uid=1000 gids={41000, 1015, 1028, 3002, 3001, 3003}
11-21 13:59:50.294   840   840 D dalvikvm: GC_EXPLICIT freed 226K, 6% free 4464K/4716K, paused 71ms+4ms, total 113ms
11-21 13:59:50.305   396   409 D PackageManager: generateServicesMap() for 0
11-21 13:59:50.316   396   409 D DevicePolicyManagerService: Handling package changes for user 0
11-21 13:59:50.317   396   409 D PackageManager: generateServicesMap() for 0
11-21 13:59:50.329   987   987 E Trace   : error opening trace file: No such file or directory (2)
11-21 13:59:50.417   987   987 W ApplicationContext: Calling a method in the system process without a qualified user: android.app.ContextImpl.startService:1352 android.content.ContextWrapper.startService:450 android.content.ContextWrapper.startService:450 
11-21 13:59:50.434   987   999 D SQLiteOpenHelper: get write db : grants.db
11-21 13:59:50.472  1001  1001 I dalvikvm: !!!!!mountMode is 2
11-21 13:59:50.479   840  1000 D VoicemailCleanupService: Cleaning up data for package: com.lenovo.vctl
11-21 13:59:50.511   396   406 I ActivityManager: Start proc com.android.musicfx for broadcast com.android.musicfx/.Compatibility$Receiver: pid=1001 uid=10019 gids={50019, 3003, 3002, 1028}
11-21 13:59:50.517    81    81 D dalvikvm: GC_EXPLICIT freed 40K, 2% free 4161K/4228K, paused 3ms+4ms, total 39ms
11-21 13:59:50.531  1001  1001 E Trace   : error opening trace file: No such file or directory (2)
11-21 13:59:50.553    81    81 D dalvikvm: GC_EXPLICIT freed <1K, 2% free 4161K/4228K, paused 2ms+4ms, total 36ms
11-21 13:59:50.586    81    81 D dalvikvm: GC_EXPLICIT freed <1K, 2% free 4161K/4228K, paused 2ms+3ms, total 33ms
11-21 13:59:50.626   396   416 D dalvikvm: GC_EXPLICIT freed 381K, 7% free 6515K/6932K, paused 52ms+18ms, total 374ms
11-21 13:59:50.646  1014  1014 I dalvikvm: !!!!!mountMode is 2
11-21 13:59:50.657   396   800 I ActivityManager: Start proc com.android.gallery3d for broadcast com.android.gallery3d/.app.PackagesMonitor: pid=1014 uid=10023 gids={50023, 1006, 3003, 1015, 1028}
11-21 13:59:50.694  1014  1014 E Trace   : error opening trace file: No such file or directory (2)
11-21 13:59:50.743   596   596 E AppsCustomizePagedView: Widget ComponentInfo{com.wmt.music/com.wmt.mediawidget.SimpleMusicWidgetProvider} can not fit on this device (1000, 1000)
11-21 13:59:50.989  1014  1014 I ActivityThread: Pub com.android.gallery3d.filtershow.provider.SharedImageProvider: com.android.gallery3d.filtershow.provider.SharedImageProvider
11-21 13:59:51.061  1014  1014 I ActivityThread: Pub com.android.gallery3d.provider: com.android.gallery3d.provider.GalleryProvider
11-21 13:59:51.081  1014  1014 E Environment: getVolumePath: sPrimaryVolume is null, return /storage/sdcard1
11-21 13:59:51.081  1014  1014 E Environment: getVolumePath: sPrimaryVolume is null, return /storage/udisk
11-21 13:59:51.107   539   852 D dalvikvm: GC_EXPLICIT freed 493K, 8% free 7007K/7596K, paused 4ms+10ms, total 80ms
11-21 13:59:51.339  1014  1017 D dalvikvm: GC_CONCURRENT freed 144K, 4% free 4453K/4632K, paused 3ms+5ms, total 68ms
11-21 13:59:51.350   977   977 D AndroidRuntime: Shutting down VM
11-21 13:59:51.356   977   981 D dalvikvm: GC_CONCURRENT freed 100K, 19% free 467K/572K, paused 1ms+0ms, total 5ms
11-21 13:59:51.357   977   983 D jdwp    : Got wake-up signal, bailing out of select
11-21 13:59:51.357   977   983 D dalvikvm: Debugger has detached; object registry had 1 entries
11-21 13:59:51.370  1029  1029 I dalvikvm: !!!!!mountMode is 3
11-21 13:59:51.373   396   416 I ActivityManager: Start proc com.android.defcontainer for service com.android.defcontainer/.DefaultContainerService: pid=1029 uid=10010 gids={50010, 1015, 2001, 1028}
11-21 13:59:51.409  1029  1029 E Trace   : error opening trace file: No such file or directory (2)
11-21 13:59:51.446  1029  1041 E Environment: getVolumePath: sPrimaryVolume is null, return /storage/sdcard1
11-21 13:59:51.446  1029  1041 E Environment: getVolumePath: sPrimaryVolume is null, return /storage/udisk
11-21 13:59:58.943   396   396 D dalvikvm: GC_EXPLICIT freed 236K, 7% free 6477K/6932K, paused 9ms+6ms, total 97ms
11-21 13:59:59.396   539   543 D dalvikvm: GC_CONCURRENT freed 937K, 13% free 6915K/7904K, paused 2ms+6ms, total 70ms
11-21 13:59:59.646   396   597 D dalvikvm: GC_EXPLICIT freed 120K, 7% free 6466K/6932K, paused 4ms+8ms, total 74ms
11-21 14:00:00.615   539   543 D dalvikvm: GC_CONCURRENT freed 749K, 12% free 6998K/7904K, paused 2ms+7ms, total 47ms
11-21 14:00:02.938   396   407 I AudioService:  AudioFocus  abandonAudioFocus() from android.media.AudioManager@41b80298com.wmt.music.MediaPlaybackService$5@41b7df58
11-21 14:00:02.945  1001  1001 V MusicFXControlPanelReceiver: onReceive
11-21 14:00:02.946  1001  1001 V MusicFXControlPanelReceiver: Action: android.media.action.CLOSE_AUDIO_EFFECT_CONTROL_SESSION
11-21 14:00:02.946  1001  1001 V MusicFXControlPanelReceiver: Package name: com.wmt.music
11-21 14:00:02.950  1001  1001 V MusicFXControlPanelReceiver: Audio session: 6
11-21 14:00:02.961  1001  1001 V MusicFXControlPanelEffect: closeSession(android.app.ReceiverRestrictedContext@41b6f768, com.wmt.music, 6)
11-21 14:00:04.031  1048  1048 D AndroidRuntime: 
11-21 14:00:04.031  1048  1048 D AndroidRuntime: >>>>>> AndroidRuntime START com.android.internal.os.RuntimeInit <<<<<<
11-21 14:00:04.031  1048  1048 D AndroidRuntime: CheckJNI is OFF
11-21 14:00:04.047  1048  1048 D dalvikvm: Trying to load lib libjavacore.so 0x0
11-21 14:00:04.052  1048  1048 D dalvikvm: Added shared lib libjavacore.so 0x0
11-21 14:00:04.061  1048  1048 D dalvikvm: Trying to load lib libnativehelper.so 0x0
11-21 14:00:04.061  1048  1048 D dalvikvm: Added shared lib libnativehelper.so 0x0
11-21 14:00:04.267  1048  1048 D AndroidRuntime: Calling main entry com.android.commands.pm.Pm
11-21 14:00:04.276   396   416 I PackageManager: Trying to bind to DefaultContainerService
11-21 14:00:04.282   396   409 I PackageManager: onServiceConnected
11-21 14:00:04.297   396   416 W ActivityManager: No content provider found for permission revoke: file:///data/local/tmp/OpenmaxTest.apk
11-21 14:00:04.372   396   416 W ActivityManager: No content provider found for permission revoke: file:///data/local/tmp/OpenmaxTest.apk
11-21 14:00:04.373   396   416 I PackageManager: Copying native libraries to /data/app-lib/vmdl-564653591
11-21 14:00:04.590   396   416 I PackageManager: Checking for more work or unbind...
11-21 14:00:04.591   396   416 I PackageManager: Posting delayed MCS_UNBIND
11-21 14:00:04.751   396   416 I PackageManager: Linking native library dir for /data/app/com.lenovo.vctl-1.apk
11-21 14:00:04.777   396   416 I PackageManager: Running dexopt on: com.lenovo.vctl
11-21 14:00:04.921  1059  1059 D dalvikvm: DexOpt: load 16ms, verify+opt 29ms, 256764 bytes
11-21 14:00:04.940   396   594 D dalvikvm: GC_EXPLICIT freed 336K, 7% free 6515K/6932K, paused 4ms+7ms, total 65ms
11-21 14:00:04.949   396   413 I ActivityManager: Force stopping package com.lenovo.vctl appid=10030 user=-1
11-21 14:00:05.122   396   416 D PackageManager: New package installed in /data/app/com.lenovo.vctl-1.apk
11-21 14:00:05.124   396   416 W PackageManager: Not granting permission android.permission.CALL_PRIVILEGED to package com.lenovo.vctl (protectionLevel=18 flags=0x8be46)
11-21 14:00:05.125   396   416 W PackageManager: Not granting permission android.permission.READ_LOGS to package com.lenovo.vctl (protectionLevel=50 flags=0x8be46)
11-21 14:00:05.126   396   416 W PackageManager: Unknown permission android.permission.CONFIGURE_SIP in package com.lenovo.vctl
11-21 14:00:05.321   396   409 D PackageManager: generateServicesMap() for 0
11-21 14:00:05.323   396   409 D PackageManager: generateServicesMap() for 0
11-21 14:00:05.370  1060  1060 I dalvikvm: !!!!!mountMode is 2
11-21 14:00:05.378   396   413 I ActivityManager: Start proc com.svox.pico for broadcast com.svox.pico/.VoiceDataInstallerReceiver: pid=1060 uid=10005 gids={50005, 1015, 1028}
11-21 14:00:05.392   396   421 W InputMethodManagerService: Found no subtypes in a system IME: com.android.inputmethod.pinyin
11-21 14:00:05.393   596   596 I Launcher: setLoadOnResume
11-21 14:00:05.405   396   433 I InputReader: Reconfiguring input devices.  changes=0x00000010
11-21 14:00:05.445   812   839 I AccountTypeManager: Loaded meta-data for 0 account types, 0 accounts in 107ms(wall) 1ms(cpu)
11-21 14:00:05.467  1060  1060 E Trace   : error opening trace file: No such file or directory (2)
11-21 14:00:05.503  1060  1060 I ActivityThread: Pub com.svox.pico.providers.SettingsProvider: com.svox.pico.providers.SettingsProvider
11-21 14:00:05.582   396   416 D dalvikvm: GC_EXPLICIT freed 547K, 9% free 6556K/7132K, paused 7ms+21ms, total 246ms
11-21 14:00:05.587  1048  1048 D AndroidRuntime: Shutting down VM
11-21 14:00:05.596  1048  1052 D dalvikvm: GC_CONCURRENT freed 101K, 19% free 470K/576K, paused 1ms+0ms, total 8ms
11-21 14:00:05.597  1048  1054 D jdwp    : Got wake-up signal, bailing out of select
11-21 14:00:05.597  1048  1054 D dalvikvm: Debugger has detached; object registry had 1 entries
11-21 14:00:05.640   396   421 W RecognitionManagerService: no available voice recognition services found for user 0
11-21 14:00:05.693   596   596 E AppsCustomizePagedView: Widget ComponentInfo{com.wmt.music/com.wmt.mediawidget.SimpleMusicWidgetProvider} can not fit on this device (1000, 1000)
11-21 14:00:05.798   596   603 D dalvikvm: GC_CONCURRENT freed 1351K, 21% free 5432K/6808K, paused 4ms+9ms, total 48ms
11-21 14:00:06.057  1079  1079 D AndroidRuntime: 
11-21 14:00:06.057  1079  1079 D AndroidRuntime: >>>>>> AndroidRuntime START com.android.internal.os.RuntimeInit <<<<<<
11-21 14:00:06.057  1079  1079 D AndroidRuntime: CheckJNI is OFF
11-21 14:00:06.078  1079  1079 D dalvikvm: Trying to load lib libjavacore.so 0x0
11-21 14:00:06.085  1079  1079 D dalvikvm: Added shared lib libjavacore.so 0x0
11-21 14:00:06.096  1079  1079 D dalvikvm: Trying to load lib libnativehelper.so 0x0
11-21 14:00:06.096  1079  1079 D dalvikvm: Added shared lib libnativehelper.so 0x0
11-21 14:00:06.361  1079  1079 D AndroidRuntime: Calling main entry com.android.commands.am.Am
11-21 14:00:06.364  1079  1079 D dalvikvm: Note: class Landroid/app/ActivityManagerNative; has 156 unimplemented (abstract) methods
11-21 14:00:06.379   396   597 I ActivityManager: START u0 {act=android.intent.action.MAIN cat=[android.intent.category.LAUNCHER] flg=0x10000000 cmp=com.lenovo.vctl/.OpenmaxTestActivity} from pid 1079
11-21 14:00:06.439   396   597 D dalvikvm: GC_FOR_ALLOC freed 185K, 9% free 6541K/7132K, paused 40ms, total 40ms
11-21 14:00:06.440   396   597 I dalvikvm-heap: Grow heap (frag case) to 6.536MB for 124216-byte allocation
11-21 14:00:06.482   396   800 D dalvikvm: GC_FOR_ALLOC freed 12K, 9% free 6650K/7256K, paused 41ms, total 41ms
11-21 14:00:06.495  1079  1079 D AndroidRuntime: Shutting down VM
11-21 14:00:06.502  1079  1083 D dalvikvm: GC_CONCURRENT freed 102K, 18% free 502K/608K, paused 0ms+1ms, total 5ms
11-21 14:00:06.503  1079  1085 D jdwp    : Got wake-up signal, bailing out of select
11-21 14:00:06.503  1079  1085 D dalvikvm: Debugger has detached; object registry had 1 entries
11-21 14:00:06.514  1089  1089 I dalvikvm: !!!!!mountMode is 2
11-21 14:00:06.517  1089  1089 D dalvikvm: Late-enabling CheckJNI
11-21 14:00:06.527   396   789 I ActivityManager: Start proc com.lenovo.vctl for activity com.lenovo.vctl/.OpenmaxTestActivity: pid=1089 uid=10030 gids={50030, 3003, 3002, 1015, 1006, 1028}
11-21 14:00:06.617  1089  1089 E Trace   : error opening trace file: No such file or directory (2)
11-21 14:00:06.661  1089  1089 D dalvikvm: Trying to load lib /data/app-lib/com.lenovo.vctl-1/libOMXCodecForPJSIP.so 0x41b651f0
11-21 14:00:06.666  1089  1089 D dalvikvm: Added shared lib /data/app-lib/com.lenovo.vctl-1/libOMXCodecForPJSIP.so 0x41b651f0
11-21 14:00:06.666  1089  1089 D dalvikvm: No JNI_OnLoad found in /data/app-lib/com.lenovo.vctl-1/libOMXCodecForPJSIP.so 0x41b651f0, skipping init
11-21 14:00:06.673  1089  1089 D dalvikvm: Trying to load lib /data/app-lib/com.lenovo.vctl-1/libopenmax.so 0x41b651f0
11-21 14:00:06.674  1089  1089 D dalvikvm: Added shared lib /data/app-lib/com.lenovo.vctl-1/libopenmax.so 0x41b651f0
11-21 14:00:06.675  1089  1089 E local_preview.c: JNI_onload now
11-21 14:00:06.696  1089  1089 I OpenmaxTest: onCreate
11-21 14:00:06.799  1089  1089 E local_preview.c: native setup now 
11-21 14:00:06.816    83   341 D WMTOMXPLUGIN: library "libOMX.WMT.Video.Encoder.so" loaded
11-21 14:00:06.816    83   341 D WMT_ENV : get syspara wmt.camera.param
11-21 14:00:06.833    83   341 W OMX_WMTH264ENC: wmt.camera.param is  set to 0:0:0:0:0:2:-1:0:0:0
11-21 14:00:06.833    83   341 W OMX_WMTH264ENC: 
11-21 14:00:06.833    83   341 W OMX_WMTH264ENC: 
11-21 14:00:06.833    83   341 W OMX_WMTH264ENC: privatedata->mtype = 0
11-21 14:00:06.833    83   341 E FFMPEG  : [MB-ERR] MB (22) get version error. Not a typewriter.
11-21 14:00:06.834    83   341 D WMTOMXPLUGIN: Component[0] "OMX.WMT.h264.encoder" handle 0x41b32150 inited
11-21 14:00:06.839    83   342 D OMX_WMTH264ENC: change width=640,height=480
11-21 14:00:06.839    83   342 D OMX_WMTH264ENC: nStride=640,nBytesize=460800
11-21 14:00:06.839    83   342 D OMX_WMTH264ENC: frame rate = 1966080
11-21 14:00:06.842    83    83 D OMX_WMTH264ENC: set nPFrames = 29
11-21 14:00:06.843    83   341 D OMX_WMTH264ENC: set bit rate mode= 1
11-21 14:00:06.843    83   341 D OMX_WMTH264ENC: set bit rate = 2457600
11-21 14:00:06.852    83  1103 I OMX_WMTH264ENC: finish callback function
11-21 14:00:06.853    83  1103 I OMX_WMTH264ENC: Leave handle a command
11-21 14:00:06.854    83  1103 I OMX_WMTH264ENC: Leave handle a command
11-21 14:00:06.856  1089  1089 W libc    : pthread_create sched_setscheduler call failed: Operation not permitted
11-21 14:00:06.858  1089  1089 W libc    : pthread_create sched_setscheduler call failed: Operation not permitted
11-21 14:00:06.858  1089  1089 E local_preview.c: success init omx decoder
11-21 14:00:06.859    83   343 D OMX_WMTH264ENC: SetConfig bitRateConfig 2457600
11-21 14:00:06.861  1089  1089 E encode.c: yuv init success
11-21 14:00:06.862  1089  1108 E decode.c: enter  decode_thread
11-21 14:00:06.863  1089  1089 I OpenmaxTest: onCreate, setupResult = 0
11-21 14:00:06.875    83   343 I AwesomePlayer: setDataSource_l(URL suppressed)
11-21 14:00:06.881    83    83 D WMTOMXPLUGIN: library "libOMX.WMT.Video.Decoder.so" loaded
11-21 14:00:06.883    83    83 I OMXWmtDec: [98324] [AVC] update in port resolution 320x240
11-21 14:00:06.883    83    83 I OMXWmtDec: [98325] [AVC] update out port resolution 320x240 size 115200
11-21 14:00:06.883    83    83 E FFMPEG  : [MB-ERR] MB (25) get version error. Not a typewriter.
11-21 14:00:06.887    83    83 D WMTOMXPLUGIN: Component[4] "OMX.WMT.avc.decoder" handle 0x43265760 inited
11-21 14:00:06.889    83   342 I OMXWmtDec: [98331] [AVC] set VideoPortFormat param. IN port coding 7 color 0 fps 0
11-21 14:00:06.890    83  1109 E WVMExtractor: Failed to open libwvm.so
11-21 14:00:06.890    83   341 I OMXWmtDec: [98332] [AVC] get VideoPortFormat param. index 0 - YUV420SemiPlanar
11-21 14:00:06.891    83    83 I OMXWmtDec: [98333] [AVC] get VideoPortFormat param. index 1 - YUV420Planar
11-21 14:00:06.892    83   342 I OMXWmtDec: [98334] [AVC] set VideoPortFormat param. OUT port coding 0 color 19 fps 0
11-21 14:00:06.893    83    83 I OMXWmtDec: [98335] [AVC] update in port resolution 640x480
11-21 14:00:06.894    83   341 I OMXWmtDec: [98337] [AVC] update out port resolution 640x480 size 460800
11-21 14:00:06.898  1089  1107 I OMXCodec: [OMX.WMT.avc.decoder] video dimensions are 640 x 480
11-21 14:00:06.898  1089  1107 I OMXCodec: [OMX.WMT.avc.decoder] Crop rect is 640 x 480 @ (0, 0)
11-21 14:00:06.908    83   343 I AwesomePlayer: setDataSource_l(URL suppressed)
11-21 14:00:06.915    83  1114 E WVMExtractor: Failed to open libwvm.so
11-21 14:00:06.932    83   343 I CameraClient: Opening camera 0
11-21 14:00:06.933    83   343 D V4L2Camera: YUYV, 640x480, 30fps
11-21 14:00:06.933    83   343 D V4L2Camera: YUYV, 640x480, 25fps
11-21 14:00:06.934    83   343 D V4L2Camera: YUYV, 640x480, 20fps
11-21 14:00:06.938    83   343 D V4L2Camera: YUYV, 640x480, 15fps
11-21 14:00:06.938    83   343 D V4L2Camera: YUYV, 640x480, 10fps
11-21 14:00:06.938    83   343 D V4L2Camera: YUYV, 640x480, 5fps
11-21 14:00:06.938    83   343 D V4L2Camera: YUYV, 640x480
11-21 14:00:06.938    83   343 D V4L2Camera: YUYV, 160x120, 30fps
11-21 14:00:06.938    83   343 D V4L2Camera: YUYV, 160x120, 25fps
11-21 14:00:06.938    83   343 D V4L2Camera: YUYV, 160x120, 20fps
11-21 14:00:06.938    83   343 D V4L2Camera: YUYV, 160x120, 15fps
11-21 14:00:06.938    83   343 D V4L2Camera: YUYV, 160x120, 10fps
11-21 14:00:06.938    83   343 D V4L2Camera: YUYV, 160x120, 5fps
11-21 14:00:06.938    83   343 D V4L2Camera: YUYV, 160x120
11-21 14:00:06.938    83   343 D V4L2Camera: YUYV, 176x144, 30fps
11-21 14:00:06.938    83   343 D V4L2Camera: YUYV, 176x144, 25fps
11-21 14:00:06.938    83   343 D V4L2Camera: YUYV, 176x144, 20fps
11-21 14:00:06.938    83   343 D V4L2Camera: YUYV, 176x144, 15fps
11-21 14:00:06.938    83   343 D V4L2Camera: YUYV, 176x144, 10fps
11-21 14:00:06.938    83   343 D V4L2Camera: YUYV, 176x144, 5fps
11-21 14:00:06.938    83   343 D V4L2Camera: YUYV, 176x144
11-21 14:00:06.938    83   343 D V4L2Camera: YUYV, 320x176, 30fps
11-21 14:00:06.938    83   343 D V4L2Camera: YUYV, 320x176, 25fps
11-21 14:00:06.938    83   343 D V4L2Camera: YUYV, 320x176, 20fps
11-21 14:00:06.938    83   343 D V4L2Camera: YUYV, 320x176, 15fps
11-21 14:00:06.938    83   343 D V4L2Camera: YUYV, 320x176, 10fps
11-21 14:00:06.938    83   343 D V4L2Camera: YUYV, 320x176, 5fps
11-21 14:00:06.938    83   343 D V4L2Camera: YUYV, 320x176
11-21 14:00:06.938    83   343 D V4L2Camera: YUYV, 320x240, 30fps
11-21 14:00:06.938    83   343 D V4L2Camera: YUYV, 320x240, 25fps
11-21 14:00:06.938    83   343 D V4L2Camera: YUYV, 320x240, 20fps
11-21 14:00:06.938    83   343 D V4L2Camera: YUYV, 320x240, 15fps
11-21 14:00:06.938    83   343 D V4L2Camera: YUYV, 320x240, 10fps
11-21 14:00:06.938    83   343 D V4L2Camera: YUYV, 320x240, 5fps
11-21 14:00:06.938    83   343 D V4L2Camera: YUYV, 320x240
11-21 14:00:06.939    83   343 D V4L2Camera: YUYV, 352x288, 30fps
11-21 14:00:06.939    83   343 D V4L2Camera: YUYV, 352x288, 25fps
11-21 14:00:06.939    83   343 D V4L2Camera: YUYV, 352x288, 20fps
11-21 14:00:06.939    83   343 D V4L2Camera: YUYV, 352x288, 15fps
11-21 14:00:06.939    83   343 D V4L2Camera: YUYV, 352x288, 10fps
11-21 14:00:06.939    83   343 D V4L2Camera: YUYV, 352x288, 5fps
11-21 14:00:06.939    83   343 D V4L2Camera: YUYV, 352x288
11-21 14:00:06.939    83   343 D V4L2Camera: YUYV, 432x240, 30fps
11-21 14:00:06.939    83   343 D V4L2Camera: YUYV, 432x240, 25fps
11-21 14:00:06.939    83   343 D V4L2Camera: YUYV, 432x240, 20fps
11-21 14:00:06.939    83   343 D V4L2Camera: YUYV, 432x240, 15fps
11-21 14:00:06.939    83   343 D V4L2Camera: YUYV, 432x240, 10fps
11-21 14:00:06.939    83   343 D V4L2Camera: YUYV, 432x240, 5fps
11-21 14:00:06.939    83   343 D V4L2Camera: YUYV, 432x240
11-21 14:00:06.939    83   343 D V4L2Camera: YUYV, 544x288, 30fps
11-21 14:00:06.939    83   343 D V4L2Camera: YUYV, 544x288, 25fps
11-21 14:00:06.939    83   343 D V4L2Camera: YUYV, 544x288, 20fps
11-21 14:00:06.939    83   343 D V4L2Camera: YUYV, 544x288, 15fps
11-21 14:00:06.939    83   343 D V4L2Camera: YUYV, 544x288, 10fps
11-21 14:00:06.939    83   343 D V4L2Camera: YUYV, 544x288, 5fps
11-21 14:00:06.939    83   343 D V4L2Camera: YUYV, 544x288
11-21 14:00:06.939    83   343 D V4L2Camera: YUYV, 640x360, 30fps
11-21 14:00:06.939    83   343 D V4L2Camera: YUYV, 640x360, 25fps
11-21 14:00:06.939    83   343 D V4L2Camera: YUYV, 640x360, 20fps
11-21 14:00:06.939    83   343 D V4L2Camera: YUYV, 640x360, 15fps
11-21 14:00:06.939    83   343 D V4L2Camera: YUYV, 640x360, 10fps
11-21 14:00:06.939    83   343 D V4L2Camera: YUYV, 640x360, 5fps
11-21 14:00:06.939    83   343 D V4L2Camera: YUYV, 640x360
11-21 14:00:06.939    83   343 D V4L2Camera: YUYV, 752x416, 25fps
11-21 14:00:06.939    83   343 D V4L2Camera: YUYV, 752x416, 20fps
11-21 14:00:06.939    83   343 D V4L2Camera: YUYV, 752x416, 15fps
11-21 14:00:06.939    83   343 D V4L2Camera: YUYV, 752x416, 10fps
11-21 14:00:06.939    83   343 D V4L2Camera: YUYV, 752x416, 5fps
11-21 14:00:06.939    83   343 D V4L2Camera: YUYV, 752x416
11-21 14:00:06.939    83   343 D V4L2Camera: YUYV, 800x448, 25fps
11-21 14:00:06.939    83   343 D V4L2Camera: YUYV, 800x448, 20fps
11-21 14:00:06.939    83   343 D V4L2Camera: YUYV, 800x448, 15fps
11-21 14:00:06.939    83   343 D V4L2Camera: YUYV, 800x448, 10fps
11-21 14:00:06.939    83   343 D V4L2Camera: YUYV, 800x448, 5fps
11-21 14:00:06.939    83   343 D V4L2Camera: YUYV, 800x448
11-21 14:00:06.939    83   343 D V4L2Camera: YUYV, 800x600, 20fps
11-21 14:00:06.939    83   343 D V4L2Camera: YUYV, 800x600, 15fps
11-21 14:00:06.939    83   343 D V4L2Camera: YUYV, 800x600, 10fps
11-21 14:00:06.939    83   343 D V4L2Camera: YUYV, 800x600, 5fps
11-21 14:00:06.939    83   343 D V4L2Camera: YUYV, 800x600
11-21 14:00:06.939    83   343 D V4L2Camera: YUYV, 864x480, 20fps
11-21 14:00:06.939    83   343 D V4L2Camera: YUYV, 864x480, 15fps
11-21 14:00:06.939    83   343 D V4L2Camera: YUYV, 864x480, 10fps
11-21 14:00:06.939    83   343 D V4L2Camera: YUYV, 864x480, 5fps
11-21 14:00:06.939    83   343 D V4L2Camera: YUYV, 864x480
11-21 14:00:06.939    83   343 D V4L2Camera: YUYV, 960x544, 15fps
11-21 14:00:06.939    83   343 D V4L2Camera: YUYV, 960x544, 10fps
11-21 14:00:06.939    83   343 D V4L2Camera: YUYV, 960x544, 5fps
11-21 14:00:06.939    83   343 D V4L2Camera: YUYV, 960x544
11-21 14:00:06.939    83   343 D V4L2Camera: YUYV, 960x720, 10fps
11-21 14:00:06.939    83   343 D V4L2Camera: YUYV, 960x720, 5fps
11-21 14:00:06.939    83   343 D V4L2Camera: YUYV, 960x720
11-21 14:00:06.939    83   343 D V4L2Camera: YUYV, 1024x576, 10fps
11-21 14:00:06.939    83   343 D V4L2Camera: YUYV, 1024x576, 5fps
11-21 14:00:06.939    83   343 D V4L2Camera: YUYV, 1024x576
11-21 14:00:06.939    83   343 D V4L2Camera: YUYV, 1184x656, 10fps
11-21 14:00:06.939    83   343 D V4L2Camera: YUYV, 1184x656, 5fps
11-21 14:00:06.940    83   343 D V4L2Camera: YUYV, 1184x656
11-21 14:00:06.940    83   343 D V4L2Camera: YUYV, 1280x720, 10fps
11-21 14:00:06.940    83   343 D V4L2Camera: YUYV, 1280x720, 5fps
11-21 14:00:06.940    83   343 D V4L2Camera: YUYV, 1280x720
11-21 14:00:06.940    83   343 D V4L2Camera: YUYV, 1280x960, 15fps
11-21 14:00:06.940    83   343 D V4L2Camera: YUYV, 1280x960, 5fps
11-21 14:00:06.940    83   343 D V4L2Camera: YUYV, 1280x960
11-21 14:00:06.940    83   343 D V4L2Camera: MJPG, 640x480, 30fps
11-21 14:00:06.940    83   343 D V4L2Camera: MJPG, 640x480, 25fps
11-21 14:00:06.940    83   343 D V4L2Camera: MJPG, 640x480, 20fps
11-21 14:00:06.940    83   343 D V4L2Camera: MJPG, 640x480, 15fps
11-21 14:00:06.940    83   343 D V4L2Camera: MJPG, 640x480, 10fps
11-21 14:00:06.940    83   343 D V4L2Camera: MJPG, 640x480, 5fps
11-21 14:00:06.940    83   343 D V4L2Camera: MJPG, 640x480
11-21 14:00:06.940    83   343 D V4L2Camera: MJPG, 160x120, 30fps
11-21 14:00:06.940    83   343 D V4L2Camera: MJPG, 160x120, 25fps
11-21 14:00:06.940    83   343 D V4L2Camera: MJPG, 160x120, 20fps
11-21 14:00:06.940    83   343 D V4L2Camera: MJPG, 160x120, 15fps
11-21 14:00:06.940    83   343 D V4L2Camera: MJPG, 160x120, 10fps
11-21 14:00:06.940    83   343 D V4L2Camera: MJPG, 160x120, 5fps
11-21 14:00:06.940    83   343 D V4L2Camera: MJPG, 160x120
11-21 14:00:06.940    83   343 D V4L2Camera: MJPG, 176x144, 30fps
11-21 14:00:06.940    83   343 D V4L2Camera: MJPG, 176x144, 25fps
11-21 14:00:06.940    83   343 D V4L2Camera: MJPG, 176x144, 20fps
11-21 14:00:06.940    83   343 D V4L2Camera: MJPG, 176x144, 15fps
11-21 14:00:06.940    83   343 D V4L2Camera: MJPG, 176x144, 10fps
11-21 14:00:06.940    83   343 D V4L2Camera: MJPG, 176x144, 5fps
11-21 14:00:06.940    83   343 D V4L2Camera: MJPG, 176x144
11-21 14:00:06.940    83   343 D V4L2Camera: MJPG, 320x176, 30fps
11-21 14:00:06.940    83   343 D V4L2Camera: MJPG, 320x176, 25fps
11-21 14:00:06.940    83   343 D V4L2Camera: MJPG, 320x176, 20fps
11-21 14:00:06.940    83   343 D V4L2Camera: MJPG, 320x176, 15fps
11-21 14:00:06.940    83   343 D V4L2Camera: MJPG, 320x176, 10fps
11-21 14:00:06.940    83   343 D V4L2Camera: MJPG, 320x176, 5fps
11-21 14:00:06.940    83   343 D V4L2Camera: MJPG, 320x176
11-21 14:00:06.940    83   343 D V4L2Camera: MJPG, 320x240, 30fps
11-21 14:00:06.940    83   343 D V4L2Camera: MJPG, 320x240, 25fps
11-21 14:00:06.940    83   343 D V4L2Camera: MJPG, 320x240, 20fps
11-21 14:00:06.940    83   343 D V4L2Camera: MJPG, 320x240, 15fps
11-21 14:00:06.940    83   343 D V4L2Camera: MJPG, 320x240, 10fps
11-21 14:00:06.940    83   343 D V4L2Camera: MJPG, 320x240, 5fps
11-21 14:00:06.940    83   343 D V4L2Camera: MJPG, 320x240
11-21 14:00:06.940    83   343 D V4L2Camera: MJPG, 352x288, 30fps
11-21 14:00:06.940    83   343 D V4L2Camera: MJPG, 352x288, 25fps
11-21 14:00:06.940    83   343 D V4L2Camera: MJPG, 352x288, 20fps
11-21 14:00:06.940    83   343 D V4L2Camera: MJPG, 352x288, 15fps
11-21 14:00:06.940    83   343 D V4L2Camera: MJPG, 352x288, 10fps
11-21 14:00:06.940    83   343 D V4L2Camera: MJPG, 352x288, 5fps
11-21 14:00:06.940    83   343 D V4L2Camera: MJPG, 352x288
11-21 14:00:06.940    83   343 D V4L2Camera: MJPG, 432x240, 30fps
11-21 14:00:06.940    83   343 D V4L2Camera: MJPG, 432x240, 25fps
11-21 14:00:06.940    83   343 D V4L2Camera: MJPG, 432x240, 20fps
11-21 14:00:06.940    83   343 D V4L2Camera: MJPG, 432x240, 15fps
11-21 14:00:06.940    83   343 D V4L2Camera: MJPG, 432x240, 10fps
11-21 14:00:06.940    83   343 D V4L2Camera: MJPG, 432x240, 5fps
11-21 14:00:06.940    83   343 D V4L2Camera: MJPG, 432x240
11-21 14:00:06.940    83   343 D V4L2Camera: MJPG, 544x288, 30fps
11-21 14:00:06.940    83   343 D V4L2Camera: MJPG, 544x288, 25fps
11-21 14:00:06.940    83   343 D V4L2Camera: MJPG, 544x288, 20fps
11-21 14:00:06.940    83   343 D V4L2Camera: MJPG, 544x288, 15fps
11-21 14:00:06.940    83   343 D V4L2Camera: MJPG, 544x288, 10fps
11-21 14:00:06.941    83   343 D V4L2Camera: MJPG, 544x288, 5fps
11-21 14:00:06.941    83   343 D V4L2Camera: MJPG, 544x288
11-21 14:00:06.941    83   343 D V4L2Camera: MJPG, 640x360, 30fps
11-21 14:00:06.941    83   343 D V4L2Camera: MJPG, 640x360, 25fps
11-21 14:00:06.941    83   343 D V4L2Camera: MJPG, 640x360, 20fps
11-21 14:00:06.941    83   343 D V4L2Camera: MJPG, 640x360, 15fps
11-21 14:00:06.941    83   343 D V4L2Camera: MJPG, 640x360, 10fps
11-21 14:00:06.941    83   343 D V4L2Camera: MJPG, 640x360, 5fps
11-21 14:00:06.941    83   343 D V4L2Camera: MJPG, 640x360
11-21 14:00:06.941    83   343 D V4L2Camera: MJPG, 752x416, 30fps
11-21 14:00:06.941    83   343 D V4L2Camera: MJPG, 752x416, 25fps
11-21 14:00:06.941    83   343 D V4L2Camera: MJPG, 752x416, 20fps
11-21 14:00:06.941    83   343 D V4L2Camera: MJPG, 752x416, 15fps
11-21 14:00:06.941    83   343 D V4L2Camera: MJPG, 752x416, 10fps
11-21 14:00:06.941    83   343 D V4L2Camera: MJPG, 752x416, 5fps
11-21 14:00:06.941    83   343 D V4L2Camera: MJPG, 752x416
11-21 14:00:06.941    83   343 D V4L2Camera: MJPG, 800x448, 30fps
11-21 14:00:06.941    83   343 D V4L2Camera: MJPG, 800x448, 25fps
11-21 14:00:06.941    83   343 D V4L2Camera: MJPG, 800x448, 20fps
11-21 14:00:06.941    83   343 D V4L2Camera: MJPG, 800x448, 15fps
11-21 14:00:06.941    83   343 D V4L2Camera: MJPG, 800x448, 10fps
11-21 14:00:06.941    83   343 D V4L2Camera: MJPG, 800x448, 5fps
11-21 14:00:06.941    83   343 D V4L2Camera: MJPG, 800x448
11-21 14:00:06.941    83   343 D V4L2Camera: MJPG, 800x600, 30fps
11-21 14:00:06.941    83   343 D V4L2Camera: MJPG, 800x600, 25fps
11-21 14:00:06.941    83   343 D V4L2Camera: MJPG, 800x600, 20fps
11-21 14:00:06.941    83   343 D V4L2Camera: MJPG, 800x600, 15fps
11-21 14:00:06.941    83   343 D V4L2Camera: MJPG, 800x600, 10fps
11-21 14:00:06.941    83   343 D V4L2Camera: MJPG, 800x600, 5fps
11-21 14:00:06.941    83   343 D V4L2Camera: MJPG, 800x600
11-21 14:00:06.941    83   343 D V4L2Camera: MJPG, 864x480, 30fps
11-21 14:00:06.941    83   343 D V4L2Camera: MJPG, 864x480, 25fps
11-21 14:00:06.941    83   343 D V4L2Camera: MJPG, 864x480, 20fps
11-21 14:00:06.941    83   343 D V4L2Camera: MJPG, 864x480, 15fps
11-21 14:00:06.941    83   343 D V4L2Camera: MJPG, 864x480, 10fps
11-21 14:00:06.941    83   343 D V4L2Camera: MJPG, 864x480, 5fps
11-21 14:00:06.941    83   343 D V4L2Camera: MJPG, 864x480
11-21 14:00:06.941    83   343 D V4L2Camera: MJPG, 960x544, 30fps
11-21 14:00:06.941    83   343 D V4L2Camera: MJPG, 960x544, 25fps
11-21 14:00:06.941    83   343 D V4L2Camera: MJPG, 960x544, 20fps
11-21 14:00:06.941    83   343 D V4L2Camera: MJPG, 960x544, 15fps
11-21 14:00:06.941    83   343 D V4L2Camera: MJPG, 960x544, 10fps
11-21 14:00:06.941    83   343 D V4L2Camera: MJPG, 960x544, 5fps
11-21 14:00:06.941    83   343 D V4L2Camera: MJPG, 960x544
11-21 14:00:06.941    83   343 D V4L2Camera: MJPG, 960x720, 30fps
11-21 14:00:06.941    83   343 D V4L2Camera: MJPG, 960x720, 25fps
11-21 14:00:06.941    83   343 D V4L2Camera: MJPG, 960x720, 20fps
11-21 14:00:06.941    83   343 D V4L2Camera: MJPG, 960x720, 15fps
11-21 14:00:06.941    83   343 D V4L2Camera: MJPG, 960x720, 10fps
11-21 14:00:06.941    83   343 D V4L2Camera: MJPG, 960x720, 5fps
11-21 14:00:06.941    83   343 D V4L2Camera: MJPG, 960x720
11-21 14:00:06.941    83   343 D V4L2Camera: MJPG, 1024x576, 30fps
11-21 14:00:06.941    83   343 D V4L2Camera: MJPG, 1024x576, 25fps
11-21 14:00:06.941    83   343 D V4L2Camera: MJPG, 1024x576, 20fps
11-21 14:00:06.941    83   343 D V4L2Camera: MJPG, 1024x576, 15fps
11-21 14:00:06.941    83   343 D V4L2Camera: MJPG, 1024x576, 10fps
11-21 14:00:06.941    83   343 D V4L2Camera: MJPG, 1024x576, 5fps
11-21 14:00:06.941    83   343 D V4L2Camera: MJPG, 1024x576
11-21 14:00:06.941    83   343 D V4L2Camera: MJPG, 1184x656, 30fps
11-21 14:00:06.941    83   343 D V4L2Camera: MJPG, 1184x656, 25fps
11-21 14:00:06.941    83   343 D V4L2Camera: MJPG, 1184x656, 20fps
11-21 14:00:06.941    83   343 D V4L2Camera: MJPG, 1184x656, 15fps
11-21 14:00:06.942    83   343 D V4L2Camera: MJPG, 1184x656, 10fps
11-21 14:00:06.942    83   343 D V4L2Camera: MJPG, 1184x656, 5fps
11-21 14:00:06.942    83   343 D V4L2Camera: MJPG, 1184x656
11-21 14:00:06.942    83   343 D V4L2Camera: MJPG, 1280x720, 30fps
11-21 14:00:06.942    83   343 D V4L2Camera: MJPG, 1280x720, 25fps
11-21 14:00:06.942    83   343 D V4L2Camera: MJPG, 1280x720, 20fps
11-21 14:00:06.942    83   343 D V4L2Camera: MJPG, 1280x720, 15fps
11-21 14:00:06.942    83   343 D V4L2Camera: MJPG, 1280x720, 10fps
11-21 14:00:06.942    83   343 D V4L2Camera: MJPG, 1280x720, 5fps
11-21 14:00:06.942    83   343 D V4L2Camera: MJPG, 1280x720
11-21 14:00:06.942    83   343 D V4L2Camera: MJPG, 1280x960, 30fps
11-21 14:00:06.942    83   343 D V4L2Camera: MJPG, 1280x960, 25fps
11-21 14:00:06.942    83   343 D V4L2Camera: MJPG, 1280x960, 20fps
11-21 14:00:06.942    83   343 D V4L2Camera: MJPG, 1280x960, 15fps
11-21 14:00:06.942    83   343 D V4L2Camera: MJPG, 1280x960, 10fps
11-21 14:00:06.942    83   343 D V4L2Camera: MJPG, 1280x960, 5fps
11-21 14:00:06.942    83   343 D V4L2Camera: MJPG, 1280x960
11-21 14:00:07.001  1089  1089 D dalvikvm: GC_FOR_ALLOC freed 127K, 4% free 4269K/4424K, paused 42ms, total 44ms
11-21 14:00:07.005  1089  1089 I dalvikvm-heap: Grow heap (frag case) to 4.632MB for 460816-byte allocation
11-21 14:00:07.055  1089  1098 D dalvikvm: GC_FOR_ALLOC freed 1K, 4% free 4717K/4876K, paused 49ms, total 49ms
11-21 14:00:07.062   396   432 I InputDispatcher: Dropping event because there is no touched window.
11-21 14:00:07.073   396   432 I InputDispatcher: Dropping event because there is no touched window.
11-21 14:00:07.078   396   432 I InputDispatcher: Dropping event because there is no touched window.
11-21 14:00:07.086   396   432 I InputDispatcher: Dropping event because there is no touched window.
11-21 14:00:07.093  1089  1092 D dalvikvm: GC_CONCURRENT freed <1K, 4% free 4717K/4876K, paused 9ms+1ms, total 38ms
11-21 14:00:07.093  1089  1089 D dalvikvm: WAIT_FOR_CONCURRENT_GC blocked 29ms
11-21 14:00:07.095   396   432 I InputDispatcher: Dropping event because there is no touched window.
11-21 14:00:07.097  1089  1089 I dalvikvm-heap: Grow heap (frag case) to 5.070MB for 460816-byte allocation
11-21 14:00:07.103   396   432 I InputDispatcher: Dropping event because there is no touched window.
11-21 14:00:07.111   396   432 I InputDispatcher: Dropping event because there is no touched window.
11-21 14:00:07.118   396   432 I InputDispatcher: Dropping event because there is no touched window.
11-21 14:00:07.126   396   432 I InputDispatcher: Dropping event because there is no touched window.
11-21 14:00:07.131  1089  1098 D dalvikvm: GC_FOR_ALLOC freed <1K, 4% free 5167K/5328K, paused 33ms, total 33ms
11-21 14:00:07.137   396   432 I InputDispatcher: Dropping event because there is no touched window.
11-21 14:00:07.142   396   432 I InputDispatcher: Dropping event because there is no touched window.
11-21 14:00:07.151   396   432 I InputDispatcher: Dropping event because there is no touched window.
11-21 14:00:07.158   396   432 I InputDispatcher: Dropping event because there is no touched window.
11-21 14:00:07.167   396   432 I InputDispatcher: Dropping event because there is no touched window.
11-21 14:00:07.175   396   432 I InputDispatcher: Dropping event because there is no touched window.
11-21 14:00:07.177  1089  1089 D dalvikvm: GC_FOR_ALLOC freed 0K, 4% free 5167K/5328K, paused 46ms, total 46ms
11-21 14:00:07.182  1089  1089 I dalvikvm-heap: Grow heap (frag case) to 5.509MB for 460816-byte allocation
11-21 14:00:07.183   396   432 I InputDispatcher: Dropping event because there is no touched window.
11-21 14:00:07.192   396   432 I InputDispatcher: Dropping event because there is no touched window.
11-21 14:00:07.198   396   432 I InputDispatcher: Dropping event because there is no touched window.
11-21 14:00:07.208   396   432 I InputDispatcher: Dropping event because there is no touched window.
11-21 14:00:07.215   396   432 I InputDispatcher: Dropping event because there is no touched window.
11-21 14:00:07.223   396   432 I InputDispatcher: Dropping event because there is no touched window.
11-21 14:00:07.232   396   432 I InputDispatcher: Dropping event because there is no touched window.
11-21 14:00:07.232  1089  1098 D dalvikvm: GC_FOR_ALLOC freed 0K, 3% free 5617K/5780K, paused 50ms, total 50ms
11-21 14:00:07.238   396   432 I InputDispatcher: Dropping event because there is no touched window.
11-21 14:00:07.249   396   432 I InputDispatcher: Dropping event because there is no touched window.
11-21 14:00:07.254   396   432 I InputDispatcher: Dropping event because there is no touched window.
11-21 14:00:07.263   396   432 I InputDispatcher: Dropping event because there is no touched window.
11-21 14:00:07.271   396   432 I InputDispatcher: Dropping event because there is no touched window.
11-21 14:00:07.273  1089  1092 D dalvikvm: GC_CONCURRENT freed <1K, 3% free 5617K/5780K, paused 11ms+5ms, total 40ms
11-21 14:00:07.273  1089  1089 D dalvikvm: WAIT_FOR_CONCURRENT_GC blocked 30ms
11-21 14:00:07.281   396   432 I InputDispatcher: Dropping event because there is no touched window.
11-21 14:00:07.284  1089  1089 I dalvikvm-heap: Grow heap (frag case) to 5.949MB for 460816-byte allocation
11-21 14:00:07.287   396   432 I InputDispatcher: Dropping event because there is no touched window.
11-21 14:00:07.296   396   432 I InputDispatcher: Dropping event because there is no touched window.
11-21 14:00:07.303   396   432 I InputDispatcher: Dropping event because there is no touched window.
11-21 14:00:07.312   396   432 I InputDispatcher: Dropping event because there is no touched window.
11-21 14:00:07.316  1089  1089 D dalvikvm: GC_FOR_ALLOC freed <1K, 3% free 6067K/6232K, paused 32ms, total 32ms
11-21 14:00:07.319   396   432 I InputDispatcher: Dropping event because there is no touched window.
11-21 14:00:07.328   396   432 I InputDispatcher: Dropping event because there is no touched window.
11-21 14:00:07.330  1089  1089 I OpenmaxTest: onCreate end
11-21 14:00:07.331  1089  1089 I OpenmaxTest: onResume
11-21 14:00:07.334   396   432 I InputDispatcher: Dropping event because there is no touched window.
11-21 14:00:07.342   396   432 I InputDispatcher: Dropping event because there is no touched window.
11-21 14:00:07.351   396   432 I InputDispatcher: Dropping event because there is no touched window.
11-21 14:00:07.360   396   432 I InputDispatcher: Dropping event because there is no touched window.
11-21 14:00:07.364  1089  1092 D dalvikvm: GC_CONCURRENT freed 2K, 3% free 6527K/6684K, paused 7ms+4ms, total 42ms
11-21 14:00:07.368   396   432 I InputDispatcher: Dropping event because there is no touched window.
11-21 14:00:07.375   396   432 I InputDispatcher: Dropping event because there is no touched window.
11-21 14:00:07.382   396   432 I InputDispatcher: Dropping event because there is no touched window.
11-21 14:00:07.391   396   432 I InputDispatcher: Dropping event because there is no touched window.
11-21 14:00:07.398   396   432 I InputDispatcher: Dropping event because there is no touched window.
11-21 14:00:07.406   396   432 I InputDispatcher: Dropping event because there is no touched window.
11-21 14:00:07.414   396   432 I InputDispatcher: Dropping event because there is no touched window.
11-21 14:00:07.424   396   432 I InputDispatcher: Dropping event because there is no touched window.
11-21 14:00:07.430   396   432 I InputDispatcher: Dropping event because there is no touched window.
11-21 14:00:07.439   396   432 I InputDispatcher: Dropping event because there is no touched window.
11-21 14:00:07.449   396   432 I InputDispatcher: Dropping event because there is no touched window.
11-21 14:00:07.475  1089  1089 D libEGL  : loaded /system/lib/egl/libEGL_mali.so
11-21 14:00:07.479  1089  1089 D libEGL  : loaded /system/lib/egl/libGLESv1_CM_mali.so
11-21 14:00:07.484  1089  1089 D libEGL  : loaded /system/lib/egl/libGLESv2_mali.so
11-21 14:00:07.537    80   233 W BufferQueue: freeAllBuffersLocked called but mQueue is not empty
11-21 14:00:07.586  1089  1089 D OpenGLRenderer: Enabling debug mode 0
11-21 14:00:07.645  1089  1089 I OpenmaxTest: surfaceCreated
11-21 14:00:07.655    83   341 D CameraHardware: Camera mPreviewFrameSize 460800(640x480).
11-21 14:00:07.743   539   543 D dalvikvm: GC_CONCURRENT freed 760K, 11% free 7116K/7928K, paused 12ms+12ms, total 111ms
11-21 14:00:07.752  1089  1089 I OpenmaxTest: surfaceChanged
11-21 14:00:07.752  1089  1089 I OpenmaxTest: stopPreview
11-21 14:00:10.039  1089  1089 I OpenmaxTest: setPreviewDisplay
11-21 14:00:10.058    83   341 W V4L2Camera: V4L2 not open when call v4l2_ioctl_s_ctrl
11-21 14:00:10.059    83   341 W V4L2Camera: V4L2 not open when call v4l2_ioctl_s_ctrl
11-21 14:00:10.060    83   341 W V4L2Camera: V4L2 not open when call v4l2_ioctl_s_ctrl
11-21 14:00:10.082  1089  1089 D dalvikvm: GC_FOR_ALLOC freed 17K, 3% free 6983K/7136K, paused 18ms, total 18ms
11-21 14:00:10.102  1089  1089 D dalvikvm: GC_FOR_ALLOC freed 0K, 3% free 7433K/7588K, paused 18ms, total 18ms
11-21 14:00:10.124  1089  1089 D dalvikvm: GC_FOR_ALLOC freed 0K, 2% free 8333K/8492K, paused 18ms, total 18ms
11-21 14:00:10.128    83    83 D CameraHardware: Camera mPreviewFrameSize 460800(640x480).
11-21 14:00:10.128    83    83 W V4L2Camera: V4L2 not open when call startPreview
11-21 14:00:10.130    83    83 D V4L2Camera: YUYV, 640x480, 30fps
11-21 14:00:10.130    83    83 D V4L2Camera: YUYV, 640x480, 25fps
11-21 14:00:10.130    83    83 D V4L2Camera: YUYV, 640x480, 20fps
11-21 14:00:10.130    83    83 D V4L2Camera: YUYV, 640x480, 15fps
11-21 14:00:10.130    83    83 D V4L2Camera: YUYV, 640x480, 10fps
11-21 14:00:10.131    83    83 D V4L2Camera: YUYV, 640x480, 5fps
11-21 14:00:10.131    83    83 D V4L2Camera: YUYV, 640x480
11-21 14:00:10.131    83    83 D V4L2Camera: YUYV, 160x120, 30fps
11-21 14:00:10.131    83    83 D V4L2Camera: YUYV, 160x120, 25fps
11-21 14:00:10.132    83    83 D V4L2Camera: YUYV, 160x120, 20fps
11-21 14:00:10.132    83    83 D V4L2Camera: YUYV, 160x120, 15fps
11-21 14:00:10.132    83    83 D V4L2Camera: YUYV, 160x120, 10fps
11-21 14:00:10.132    83    83 D V4L2Camera: YUYV, 160x120, 5fps
11-21 14:00:10.132    83    83 D V4L2Camera: YUYV, 160x120
11-21 14:00:10.133    83    83 D V4L2Camera: YUYV, 176x144, 30fps
11-21 14:00:10.133    83    83 D V4L2Camera: YUYV, 176x144, 25fps
11-21 14:00:10.133    83    83 D V4L2Camera: YUYV, 176x144, 20fps
11-21 14:00:10.133    83    83 D V4L2Camera: YUYV, 176x144, 15fps
11-21 14:00:10.134    83    83 D V4L2Camera: YUYV, 176x144, 10fps
11-21 14:00:10.134    83    83 D V4L2Camera: YUYV, 176x144, 5fps
11-21 14:00:10.134    83    83 D V4L2Camera: YUYV, 176x144
11-21 14:00:10.134    83    83 D V4L2Camera: YUYV, 320x176, 30fps
11-21 14:00:10.134    83    83 D V4L2Camera: YUYV, 320x176, 25fps
11-21 14:00:10.134    83    83 D V4L2Camera: YUYV, 320x176, 20fps
11-21 14:00:10.135    83    83 D V4L2Camera: YUYV, 320x176, 15fps
11-21 14:00:10.135    83    83 D V4L2Camera: YUYV, 320x176, 10fps
11-21 14:00:10.135    83    83 D V4L2Camera: YUYV, 320x176, 5fps
11-21 14:00:10.135    83    83 D V4L2Camera: YUYV, 320x176
11-21 14:00:10.135    83    83 D V4L2Camera: YUYV, 320x240, 30fps
11-21 14:00:10.135    83    83 D V4L2Camera: YUYV, 320x240, 25fps
11-21 14:00:10.136    83    83 D V4L2Camera: YUYV, 320x240, 20fps
11-21 14:00:10.136    83    83 D V4L2Camera: YUYV, 320x240, 15fps
11-21 14:00:10.136    83    83 D V4L2Camera: YUYV, 320x240, 10fps
