11-21 14:00:10.136    83    83 D V4L2Camera: YUYV, 320x240, 5fps
11-21 14:00:10.136    83    83 D V4L2Camera: YUYV, 320x240
11-21 14:00:10.137    83    83 D V4L2Camera: YUYV, 352x288, 30fps
11-21 14:00:10.137    83    83 D V4L2Camera: YUYV, 352x288, 25fps
11-21 14:00:10.137    83    83 D V4L2Camera: YUYV, 352x288, 20fps
11-21 14:00:10.137    83    83 D V4L2Camera: YUYV, 352x288, 15fps
11-21 14:00:10.137    83    83 D V4L2Camera: YUYV, 352x288, 10fps
11-21 14:00:10.138    83    83 D V4L2Camera: YUYV, 352x288, 5fps
11-21 14:00:10.138    83    83 D V4L2Camera: YUYV, 352x288
11-21 14:00:10.138    83    83 D V4L2Camera: YUYV, 432x240, 30fps
11-21 14:00:10.138    83    83 D V4L2Camera: YUYV, 432x240, 25fps
11-21 14:00:10.138    83    83 D V4L2Camera: YUYV, 432x240, 20fps
11-21 14:00:10.139    83    83 D V4L2Camera: YUYV, 432x240, 15fps
11-21 14:00:10.139    83    83 D V4L2Camera: YUYV, 432x240, 10fps
11-21 14:00:10.139    83    83 D V4L2Camera: YUYV, 432x240, 5fps
11-21 14:00:10.139    83    83 D V4L2Camera: YUYV, 432x240
11-21 14:00:10.139    83    83 D V4L2Camera: YUYV, 544x288, 30fps
11-21 14:00:10.140    83    83 D V4L2Camera: YUYV, 544x288, 25fps
11-21 14:00:10.140    83    83 D V4L2Camera: YUYV, 544x288, 20fps
11-21 14:00:10.140    83    83 D V4L2Camera: YUYV, 544x288, 15fps
11-21 14:00:10.140    83    83 D V4L2Camera: YUYV, 544x288, 10fps
11-21 14:00:10.140    83    83 D V4L2Camera: YUYV, 544x288, 5fps
11-21 14:00:10.141    83    83 D V4L2Camera: YUYV, 544x288
11-21 14:00:10.141    83    83 D V4L2Camera: YUYV, 640x360, 30fps
11-21 14:00:10.141    83    83 D V4L2Camera: YUYV, 640x360, 25fps
11-21 14:00:10.141    83    83 D V4L2Camera: YUYV, 640x360, 20fps
11-21 14:00:10.141    83    83 D V4L2Camera: YUYV, 640x360, 15fps
11-21 14:00:10.142    83    83 D V4L2Camera: YUYV, 640x360, 10fps
11-21 14:00:10.142    83    83 D V4L2Camera: YUYV, 640x360, 5fps
11-21 14:00:10.142    83    83 D V4L2Camera: YUYV, 640x360
11-21 14:00:10.142    83    83 D V4L2Camera: YUYV, 752x416, 25fps
11-21 14:00:10.142    83    83 D V4L2Camera: YUYV, 752x416, 20fps
11-21 14:00:10.143    83    83 D V4L2Camera: YUYV, 752x416, 15fps
11-21 14:00:10.143    83    83 D V4L2Camera: YUYV, 752x416, 10fps
11-21 14:00:10.143    83    83 D V4L2Camera: YUYV, 752x416, 5fps
11-21 14:00:10.143    83    83 D V4L2Camera: YUYV, 752x416
11-21 14:00:10.143    83    83 D V4L2Camera: YUYV, 800x448, 25fps
11-21 14:00:10.144    83    83 D V4L2Camera: YUYV, 800x448, 20fps
11-21 14:00:10.144    83    83 D V4L2Camera: YUYV, 800x448, 15fps
11-21 14:00:10.144    83    83 D V4L2Camera: YUYV, 800x448, 10fps
11-21 14:00:10.144    83    83 D V4L2Camera: YUYV, 800x448, 5fps
11-21 14:00:10.145    83    83 D V4L2Camera: YUYV, 800x448
11-21 14:00:10.145    83    83 D V4L2Camera: YUYV, 800x600, 20fps
11-21 14:00:10.145    83    83 D V4L2Camera: YUYV, 800x600, 15fps
11-21 14:00:10.145    83    83 D V4L2Camera: YUYV, 800x600, 10fps
11-21 14:00:10.145    83    83 D V4L2Camera: YUYV, 800x600, 5fps
11-21 14:00:10.146    83    83 D V4L2Camera: YUYV, 800x600
11-21 14:00:10.146    83    83 D V4L2Camera: YUYV, 864x480, 20fps
11-21 14:00:10.146    83    83 D V4L2Camera: YUYV, 864x480, 15fps
11-21 14:00:10.146    83    83 D V4L2Camera: YUYV, 864x480, 10fps
11-21 14:00:10.146    83    83 D V4L2Camera: YUYV, 864x480, 5fps
11-21 14:00:10.146    83    83 D V4L2Camera: YUYV, 864x480
11-21 14:00:10.146    83    83 D V4L2Camera: YUYV, 960x544, 15fps
11-21 14:00:10.146    83    83 D V4L2Camera: YUYV, 960x544, 10fps
11-21 14:00:10.146    83    83 D V4L2Camera: YUYV, 960x544, 5fps
11-21 14:00:10.146    83    83 D V4L2Camera: YUYV, 960x544
11-21 14:00:10.146    83    83 D V4L2Camera: YUYV, 960x720, 10fps
11-21 14:00:10.146    83    83 D V4L2Camera: YUYV, 960x720, 5fps
11-21 14:00:10.146    83    83 D V4L2Camera: YUYV, 960x720
11-21 14:00:10.146    83    83 D V4L2Camera: YUYV, 1024x576, 10fps
11-21 14:00:10.146    83    83 D V4L2Camera: YUYV, 1024x576, 5fps
11-21 14:00:10.146    83    83 D V4L2Camera: YUYV, 1024x576
11-21 14:00:10.146    83    83 D V4L2Camera: YUYV, 1184x656, 10fps
11-21 14:00:10.146    83    83 D V4L2Camera: YUYV, 1184x656, 5fps
11-21 14:00:10.146    83    83 D V4L2Camera: YUYV, 1184x656
11-21 14:00:10.146    83    83 D V4L2Camera: YUYV, 1280x720, 10fps
11-21 14:00:10.146    83    83 D V4L2Camera: YUYV, 1280x720, 5fps
11-21 14:00:10.146    83    83 D V4L2Camera: YUYV, 1280x720
11-21 14:00:10.146    83    83 D V4L2Camera: YUYV, 1280x960, 15fps
11-21 14:00:10.146    83    83 D V4L2Camera: YUYV, 1280x960, 5fps
11-21 14:00:10.146    83    83 D V4L2Camera: YUYV, 1280x960
11-21 14:00:10.146    83    83 D V4L2Camera: MJPG, 640x480, 30fps
11-21 14:00:10.146    83    83 D V4L2Camera: MJPG, 640x480, 25fps
11-21 14:00:10.146    83    83 D V4L2Camera: MJPG, 640x480, 20fps
11-21 14:00:10.146    83    83 D V4L2Camera: MJPG, 640x480, 15fps
11-21 14:00:10.146    83    83 D V4L2Camera: MJPG, 640x480, 10fps
11-21 14:00:10.146    83    83 D V4L2Camera: MJPG, 640x480, 5fps
11-21 14:00:10.146    83    83 D V4L2Camera: MJPG, 640x480
11-21 14:00:10.146    83    83 D V4L2Camera: MJPG, 160x120, 30fps
11-21 14:00:10.147    83    83 D V4L2Camera: MJPG, 160x120, 25fps
11-21 14:00:10.147    83    83 D V4L2Camera: MJPG, 160x120, 20fps
11-21 14:00:10.147    83    83 D V4L2Camera: MJPG, 160x120, 15fps
11-21 14:00:10.147    83    83 D V4L2Camera: MJPG, 160x120, 10fps
11-21 14:00:10.147    83    83 D V4L2Camera: MJPG, 160x120, 5fps
11-21 14:00:10.147    83    83 D V4L2Camera: MJPG, 160x120
11-21 14:00:10.147    83    83 D V4L2Camera: MJPG, 176x144, 30fps
11-21 14:00:10.147    83    83 D V4L2Camera: MJPG, 176x144, 25fps
11-21 14:00:10.147    83    83 D V4L2Camera: MJPG, 176x144, 20fps
11-21 14:00:10.147    83    83 D V4L2Camera: MJPG, 176x144, 15fps
11-21 14:00:10.147    83    83 D V4L2Camera: MJPG, 176x144, 10fps
11-21 14:00:10.147    83    83 D V4L2Camera: MJPG, 176x144, 5fps
11-21 14:00:10.147    83    83 D V4L2Camera: MJPG, 176x144
11-21 14:00:10.147    83    83 D V4L2Camera: MJPG, 320x176, 30fps
11-21 14:00:10.147    83    83 D V4L2Camera: MJPG, 320x176, 25fps
11-21 14:00:10.147    83    83 D V4L2Camera: MJPG, 320x176, 20fps
11-21 14:00:10.147    83    83 D V4L2Camera: MJPG, 320x176, 15fps
11-21 14:00:10.147    83    83 D V4L2Camera: MJPG, 320x176, 10fps
11-21 14:00:10.147    83    83 D V4L2Camera: MJPG, 320x176, 5fps
11-21 14:00:10.147    83    83 D V4L2Camera: MJPG, 320x176
11-21 14:00:10.147    83    83 D V4L2Camera: MJPG, 320x240, 30fps
11-21 14:00:10.147    83    83 D V4L2Camera: MJPG, 320x240, 25fps
11-21 14:00:10.147    83    83 D V4L2Camera: MJPG, 320x240, 20fps
11-21 14:00:10.147    83    83 D V4L2Camera: MJPG, 320x240, 15fps
11-21 14:00:10.147    83    83 D V4L2Camera: MJPG, 320x240, 10fps
11-21 14:00:10.147    83    83 D V4L2Camera: MJPG, 320x240, 5fps
11-21 14:00:10.147    83    83 D V4L2Camera: MJPG, 320x240
11-21 14:00:10.147    83    83 D V4L2Camera: MJPG, 352x288, 30fps
11-21 14:00:10.147    83    83 D V4L2Camera: MJPG, 352x288, 25fps
11-21 14:00:10.147    83    83 D V4L2Camera: MJPG, 352x288, 20fps
11-21 14:00:10.147    83    83 D V4L2Camera: MJPG, 352x288, 15fps
11-21 14:00:10.147    83    83 D V4L2Camera: MJPG, 352x288, 10fps
11-21 14:00:10.147    83    83 D V4L2Camera: MJPG, 352x288, 5fps
11-21 14:00:10.147    83    83 D V4L2Camera: MJPG, 352x288
11-21 14:00:10.147    83    83 D V4L2Camera: MJPG, 432x240, 30fps
11-21 14:00:10.147    83    83 D V4L2Camera: MJPG, 432x240, 25fps
11-21 14:00:10.147    83    83 D V4L2Camera: MJPG, 432x240, 20fps
11-21 14:00:10.147    83    83 D V4L2Camera: MJPG, 432x240, 15fps
11-21 14:00:10.147    83    83 D V4L2Camera: MJPG, 432x240, 10fps
11-21 14:00:10.147    83    83 D V4L2Camera: MJPG, 432x240, 5fps
11-21 14:00:10.147    83    83 D V4L2Camera: MJPG, 432x240
11-21 14:00:10.147    83    83 D V4L2Camera: MJPG, 544x288, 30fps
11-21 14:00:10.147    83    83 D V4L2Camera: MJPG, 544x288, 25fps
11-21 14:00:10.147    83    83 D V4L2Camera: MJPG, 544x288, 20fps
11-21 14:00:10.147    83    83 D V4L2Camera: MJPG, 544x288, 15fps
11-21 14:00:10.147    83    83 D V4L2Camera: MJPG, 544x288, 10fps
11-21 14:00:10.147    83    83 D V4L2Camera: MJPG, 544x288, 5fps
11-21 14:00:10.147    83    83 D V4L2Camera: MJPG, 544x288
11-21 14:00:10.147    83    83 D V4L2Camera: MJPG, 640x360, 30fps
11-21 14:00:10.147    83    83 D V4L2Camera: MJPG, 640x360, 25fps
11-21 14:00:10.147    83    83 D V4L2Camera: MJPG, 640x360, 20fps
11-21 14:00:10.147    83    83 D V4L2Camera: MJPG, 640x360, 15fps
11-21 14:00:10.147    83    83 D V4L2Camera: MJPG, 640x360, 10fps
11-21 14:00:10.148    83    83 D V4L2Camera: MJPG, 640x360, 5fps
11-21 14:00:10.148    83    83 D V4L2Camera: MJPG, 640x360
11-21 14:00:10.148    83    83 D V4L2Camera: MJPG, 752x416, 30fps
11-21 14:00:10.148    83    83 D V4L2Camera: MJPG, 752x416, 25fps
11-21 14:00:10.148    83    83 D V4L2Camera: MJPG, 752x416, 20fps
11-21 14:00:10.148    83    83 D V4L2Camera: MJPG, 752x416, 15fps
11-21 14:00:10.148    83    83 D V4L2Camera: MJPG, 752x416, 10fps
11-21 14:00:10.148    83    83 D V4L2Camera: MJPG, 752x416, 5fps
11-21 14:00:10.148    83    83 D V4L2Camera: MJPG, 752x416
11-21 14:00:10.148    83    83 D V4L2Camera: MJPG, 800x448, 30fps
11-21 14:00:10.148    83    83 D V4L2Camera: MJPG, 800x448, 25fps
11-21 14:00:10.148    83    83 D V4L2Camera: MJPG, 800x448, 20fps
11-21 14:00:10.148    83    83 D V4L2Camera: MJPG, 800x448, 15fps
11-21 14:00:10.148    83    83 D V4L2Camera: MJPG, 800x448, 10fps
11-21 14:00:10.148    83    83 D V4L2Camera: MJPG, 800x448, 5fps
11-21 14:00:10.148    83    83 D V4L2Camera: MJPG, 800x448
11-21 14:00:10.148    83    83 D V4L2Camera: MJPG, 800x600, 30fps
11-21 14:00:10.148    83    83 D V4L2Camera: MJPG, 800x600, 25fps
11-21 14:00:10.148    83    83 D V4L2Camera: MJPG, 800x600, 20fps
11-21 14:00:10.148    83    83 D V4L2Camera: MJPG, 800x600, 15fps
11-21 14:00:10.148    83    83 D V4L2Camera: MJPG, 800x600, 10fps
11-21 14:00:10.148    83    83 D V4L2Camera: MJPG, 800x600, 5fps
11-21 14:00:10.148    83    83 D V4L2Camera: MJPG, 800x600
11-21 14:00:10.148    83    83 D V4L2Camera: MJPG, 864x480, 30fps
11-21 14:00:10.148    83    83 D V4L2Camera: MJPG, 864x480, 25fps
11-21 14:00:10.148    83    83 D V4L2Camera: MJPG, 864x480, 20fps
11-21 14:00:10.148    83    83 D V4L2Camera: MJPG, 864x480, 15fps
11-21 14:00:10.148    83    83 D V4L2Camera: MJPG, 864x480, 10fps
11-21 14:00:10.148    83    83 D V4L2Camera: MJPG, 864x480, 5fps
11-21 14:00:10.148    83    83 D V4L2Camera: MJPG, 864x480
11-21 14:00:10.148    83    83 D V4L2Camera: MJPG, 960x544, 30fps
11-21 14:00:10.148    83    83 D V4L2Camera: MJPG, 960x544, 25fps
11-21 14:00:10.148    83    83 D V4L2Camera: MJPG, 960x544, 20fps
11-21 14:00:10.148    83    83 D V4L2Camera: MJPG, 960x544, 15fps
11-21 14:00:10.148    83    83 D V4L2Camera: MJPG, 960x544, 10fps
11-21 14:00:10.148    83    83 D V4L2Camera: MJPG, 960x544, 5fps
11-21 14:00:10.148    83    83 D V4L2Camera: MJPG, 960x544
11-21 14:00:10.148    83    83 D V4L2Camera: MJPG, 960x720, 30fps
11-21 14:00:10.148    83    83 D V4L2Camera: MJPG, 960x720, 25fps
11-21 14:00:10.148    83    83 D V4L2Camera: MJPG, 960x720, 20fps
11-21 14:00:10.148    83    83 D V4L2Camera: MJPG, 960x720, 15fps
11-21 14:00:10.148    83    83 D V4L2Camera: MJPG, 960x720, 10fps
11-21 14:00:10.148    83    83 D V4L2Camera: MJPG, 960x720, 5fps
11-21 14:00:10.148    83    83 D V4L2Camera: MJPG, 960x720
11-21 14:00:10.148    83    83 D V4L2Camera: MJPG, 1024x576, 30fps
11-21 14:00:10.148    83    83 D V4L2Camera: MJPG, 1024x576, 25fps
11-21 14:00:10.148    83    83 D V4L2Camera: MJPG, 1024x576, 20fps
11-21 14:00:10.148    83    83 D V4L2Camera: MJPG, 1024x576, 15fps
11-21 14:00:10.148    83    83 D V4L2Camera: MJPG, 1024x576, 10fps
11-21 14:00:10.148    83    83 D V4L2Camera: MJPG, 1024x576, 5fps
11-21 14:00:10.148    83    83 D V4L2Camera: MJPG, 1024x576
11-21 14:00:10.148    83    83 D V4L2Camera: MJPG, 1184x656, 30fps
11-21 14:00:10.148    83    83 D V4L2Camera: MJPG, 1184x656, 25fps
11-21 14:00:10.148    83    83 D V4L2Camera: MJPG, 1184x656, 20fps
11-21 14:00:10.148    83    83 D V4L2Camera: MJPG, 1184x656, 15fps
11-21 14:00:10.148    83    83 D V4L2Camera: MJPG, 1184x656, 10fps
11-21 14:00:10.148    83    83 D V4L2Camera: MJPG, 1184x656, 5fps
11-21 14:00:10.149    83    83 D V4L2Camera: MJPG, 1184x656
11-21 14:00:10.149    83    83 D V4L2Camera: MJPG, 1280x720, 30fps
11-21 14:00:10.149    83    83 D V4L2Camera: MJPG, 1280x720, 25fps
11-21 14:00:10.149    83    83 D V4L2Camera: MJPG, 1280x720, 20fps
11-21 14:00:10.149    83    83 D V4L2Camera: MJPG, 1280x720, 15fps
11-21 14:00:10.149    83    83 D V4L2Camera: MJPG, 1280x720, 10fps
11-21 14:00:10.149    83    83 D V4L2Camera: MJPG, 1280x720, 5fps
11-21 14:00:10.149    83    83 D V4L2Camera: MJPG, 1280x720
11-21 14:00:10.149    83    83 D V4L2Camera: MJPG, 1280x960, 30fps
11-21 14:00:10.149    83    83 D V4L2Camera: MJPG, 1280x960, 25fps
11-21 14:00:10.149    83    83 D V4L2Camera: MJPG, 1280x960, 20fps
11-21 14:00:10.149    83    83 D V4L2Camera: MJPG, 1280x960, 15fps
11-21 14:00:10.149    83    83 D V4L2Camera: MJPG, 1280x960, 10fps
11-21 14:00:10.149    83    83 D V4L2Camera: MJPG, 1280x960, 5fps
11-21 14:00:10.149    83    83 D V4L2Camera: MJPG, 1280x960
11-21 14:00:10.274   396   432 I InputDispatcher: Window 'Window{41d8e1f0 u0 com.lenovo.vctl/com.lenovo.vctl.OpenmaxTestActivity}' spent 2819.5ms processing the last input event: MotionEvent(action=7, deviceId=6, source=0x00002002, displayId=0)
11-21 14:00:10.283  1089  1089 I Choreographer: Skipped 172 frames!  The application may be doing too much work on its main thread.
11-21 14:00:10.285   396   432 I InputDispatcher: Window 'Window{41d8e1f0 u0 com.lenovo.vctl/com.lenovo.vctl.OpenmaxTestActivity}' spent 2829.8ms processing the last input event: MotionEvent(action=7, deviceId=6, source=0x00002002, displayId=0)
11-21 14:00:10.285   396   432 I InputDispatcher: Window 'Window{41d8e1f0 u0 com.lenovo.vctl/com.lenovo.vctl.OpenmaxTestActivity}' spent 2822.0ms processing the last input event: MotionEvent(action=7, deviceId=6, source=0x00002002, displayId=0)
11-21 14:00:10.285   396   432 I InputDispatcher: Window 'Window{41d8e1f0 u0 com.lenovo.vctl/com.lenovo.vctl.OpenmaxTestActivity}' spent 2814.6ms processing the last input event: MotionEvent(action=7, deviceId=6, source=0x00002002, displayId=0)
11-21 14:00:10.285   396   432 I InputDispatcher: Window 'Window{41d8e1f0 u0 com.lenovo.vctl/com.lenovo.vctl.OpenmaxTestActivity}' spent 2806.6ms processing the last input event: MotionEvent(action=7, deviceId=6, source=0x00002002, displayId=0)
11-21 14:00:10.285   396   432 I InputDispatcher: Window 'Window{41d8e1f0 u0 com.lenovo.vctl/com.lenovo.vctl.OpenmaxTestActivity}' spent 2798.6ms processing the last input event: MotionEvent(action=7, deviceId=6, source=0x00002002, displayId=0)
11-21 14:00:10.285   396   432 I InputDispatcher: Window 'Window{41d8e1f0 u0 com.lenovo.vctl/com.lenovo.vctl.OpenmaxTestActivity}' spent 2790.5ms processing the last input event: MotionEvent(action=7, deviceId=6, source=0x00002002, displayId=0)
11-21 14:00:10.285   396   432 I InputDispatcher: Window 'Window{41d8e1f0 u0 com.lenovo.vctl/com.lenovo.vctl.OpenmaxTestActivity}' spent 2782.6ms processing the last input event: MotionEvent(action=7, deviceId=6, source=0x00002002, displayId=0)
11-21 14:00:10.285   396   432 I InputDispatcher: Window 'Window{41d8e1f0 u0 com.lenovo.vctl/com.lenovo.vctl.OpenmaxTestActivity}' spent 2774.6ms processing the last input event: MotionEvent(action=7, deviceId=6, source=0x00002002, displayId=0)
11-21 14:00:10.285   396   432 I InputDispatcher: Window 'Window{41d8e1f0 u0 com.lenovo.vctl/com.lenovo.vctl.OpenmaxTestActivity}' spent 2766.6ms processing the last input event: MotionEvent(action=7, deviceId=6, source=0x00002002, displayId=0)
11-21 14:00:10.285   396   432 I InputDispatcher: Window 'Window{41d8e1f0 u0 com.lenovo.vctl/com.lenovo.vctl.OpenmaxTestActivity}' spent 2758.6ms processing the last input event: MotionEvent(action=7, deviceId=6, source=0x00002002, displayId=0)
11-21 14:00:10.285   396   432 I InputDispatcher: Window 'Window{41d8e1f0 u0 com.lenovo.vctl/com.lenovo.vctl.OpenmaxTestActivity}' spent 2750.5ms processing the last input event: MotionEvent(action=7, deviceId=6, source=0x00002002, displayId=0)
11-21 14:00:10.285   396   432 I InputDispatcher: Window 'Window{41d8e1f0 u0 com.lenovo.vctl/com.lenovo.vctl.OpenmaxTestActivity}' spent 2742.4ms processing the last input event: MotionEvent(action=7, deviceId=6, source=0x00002002, displayId=0)
11-21 14:00:10.285   396   432 I InputDispatcher: Window 'Window{41d8e1f0 u0 com.lenovo.vctl/com.lenovo.vctl.OpenmaxTestActivity}' spent 2734.6ms processing the last input event: MotionEvent(action=7, deviceId=6, source=0x00002002, displayId=0)
11-21 14:00:10.285   396   432 I InputDispatcher: Window 'Window{41d8e1f0 u0 com.lenovo.vctl/com.lenovo.vctl.OpenmaxTestActivity}' spent 2726.6ms processing the last input event: MotionEvent(action=7, deviceId=6, source=0x00002002, displayId=0)
11-21 14:00:10.285   396   432 I InputDispatcher: Window 'Window{41d8e1f0 u0 com.lenovo.vctl/com.lenovo.vctl.OpenmaxTestActivity}' spent 2718.5ms processing the last input event: MotionEvent(action=7, deviceId=6, source=0x00002002, displayId=0)
11-21 14:00:10.285   396   432 I InputDispatcher: Window 'Window{41d8e1f0 u0 com.lenovo.vctl/com.lenovo.vctl.OpenmaxTestActivity}' spent 2710.6ms processing the last input event: MotionEvent(action=7, deviceId=6, source=0x00002002, displayId=0)
11-21 14:00:10.285   396   432 I InputDispatcher: Window 'Window{41d8e1f0 u0 com.lenovo.vctl/com.lenovo.vctl.OpenmaxTestActivity}' spent 2702.6ms processing the last input event: MotionEvent(action=7, deviceId=6, source=0x00002002, displayId=0)
11-21 14:00:10.285   396   432 I InputDispatcher: Window 'Window{41d8e1f0 u0 com.lenovo.vctl/com.lenovo.vctl.OpenmaxTestActivity}' spent 2692.7ms processing the last input event: MotionEvent(action=7, deviceId=6, source=0x00002002, displayId=0)
11-21 14:00:10.286   396   432 I InputDispatcher: Window 'Window{41d8e1f0 u0 com.lenovo.vctl/com.lenovo.vctl.OpenmaxTestActivity}' spent 2686.2ms processing the last input event: MotionEvent(action=7, deviceId=6, source=0x00002002, displayId=0)
11-21 14:00:10.286   396   432 I InputDispatcher: Window 'Window{41d8e1f0 u0 com.lenovo.vctl/com.lenovo.vctl.OpenmaxTestActivity}' spent 2678.4ms processing the last input event: MotionEvent(action=7, deviceId=6, source=0x00002002, displayId=0)
11-21 14:00:10.286   396   432 I InputDispatcher: Window 'Window{41d8e1f0 u0 com.lenovo.vctl/com.lenovo.vctl.OpenmaxTestActivity}' spent 2670.5ms processing the last input event: MotionEvent(action=7, deviceId=6, source=0x00002002, displayId=0)
11-21 14:00:10.286   396   432 I InputDispatcher: Window 'Window{41d8e1f0 u0 com.lenovo.vctl/com.lenovo.vctl.OpenmaxTestActivity}' spent 2662.2ms processing the last input event: MotionEvent(action=7, deviceId=6, source=0x00002002, displayId=0)
11-21 14:00:10.286   396   432 I InputDispatcher: Window 'Window{41d8e1f0 u0 com.lenovo.vctl/com.lenovo.vctl.OpenmaxTestActivity}' spent 2654.3ms processing the last input event: MotionEvent(action=7, deviceId=6, source=0x00002002, displayId=0)
11-21 14:00:10.286   396   432 I InputDispatcher: Window 'Window{41d8e1f0 u0 com.lenovo.vctl/com.lenovo.vctl.OpenmaxTestActivity}' spent 2646.1ms processing the last input event: MotionEvent(action=7, deviceId=6, source=0x00002002, displayId=0)
11-21 14:00:10.286   396   432 I InputDispatcher: Window 'Window{41d8e1f0 u0 com.lenovo.vctl/com.lenovo.vctl.OpenmaxTestActivity}' spent 2637.5ms processing the last input event: MotionEvent(action=7, deviceId=6, source=0x00002002, displayId=0)
11-21 14:00:10.286   396   432 I InputDispatcher: Window 'Window{41d8e1f0 u0 com.lenovo.vctl/com.lenovo.vctl.OpenmaxTestActivity}' spent 2630.3ms processing the last input event: MotionEvent(action=7, deviceId=6, source=0x00002002, displayId=0)
11-21 14:00:10.286   396   432 I InputDispatcher: Window 'Window{41d8e1f0 u0 com.lenovo.vctl/com.lenovo.vctl.OpenmaxTestActivity}' spent 2621.8ms processing the last input event: MotionEvent(action=7, deviceId=6, source=0x00002002, displayId=0)
11-21 14:00:10.286   396   432 I InputDispatcher: Window 'Window{41d8e1f0 u0 com.lenovo.vctl/com.lenovo.vctl.OpenmaxTestActivity}' spent 2614.3ms processing the last input event: MotionEvent(action=7, deviceId=6, source=0x00002002, displayId=0)
11-21 14:00:10.286   396   432 I InputDispatcher: Window 'Window{41d8e1f0 u0 com.lenovo.vctl/com.lenovo.vctl.OpenmaxTestActivity}' spent 2606.5ms processing the last input event: MotionEvent(action=7, deviceId=6, source=0x00002002, displayId=0)
11-21 14:00:10.286   396   432 I InputDispatcher: Window 'Window{41d8e1f0 u0 com.lenovo.vctl/com.lenovo.vctl.OpenmaxTestActivity}' spent 2598.4ms processing the last input event: MotionEvent(action=7, deviceId=6, source=0x00002002, displayId=0)
11-21 14:00:10.286   396   432 I InputDispatcher: Window 'Window{41d8e1f0 u0 com.lenovo.vctl/com.lenovo.vctl.OpenmaxTestActivity}' spent 2589.9ms processing the last input event: MotionEvent(action=7, deviceId=6, source=0x00002002, displayId=0)
11-21 14:00:10.286   396   432 I InputDispatcher: Window 'Window{41d8e1f0 u0 com.lenovo.vctl/com.lenovo.vctl.OpenmaxTestActivity}' spent 2582.0ms processing the last input event: MotionEvent(action=7, deviceId=6, source=0x00002002, displayId=0)
11-21 14:00:10.286   396   432 I InputDispatcher: Window 'Window{41d8e1f0 u0 com.lenovo.vctl/com.lenovo.vctl.OpenmaxTestActivity}' spent 2574.5ms processing the last input event: MotionEvent(action=7, deviceId=6, source=0x00002002, displayId=0)
11-21 14:00:10.286   396   432 I InputDispatcher: Window 'Window{41d8e1f0 u0 com.lenovo.vctl/com.lenovo.vctl.OpenmaxTestActivity}' spent 2566.2ms processing the last input event: MotionEvent(action=7, deviceId=6, source=0x00002002, displayId=0)
11-21 14:00:10.286   396   432 I InputDispatcher: Window 'Window{41d8e1f0 u0 com.lenovo.vctl/com.lenovo.vctl.OpenmaxTestActivity}' spent 2558.2ms processing the last input event: MotionEvent(action=7, deviceId=6, source=0x00002002, displayId=0)
11-21 14:00:10.286   396   432 I InputDispatcher: Window 'Window{41d8e1f0 u0 com.lenovo.vctl/com.lenovo.vctl.OpenmaxTestActivity}' spent 2550.5ms processing the last input event: MotionEvent(action=7, deviceId=6, source=0x00002002, displayId=0)
11-21 14:00:10.286   396   432 I InputDispatcher: Window 'Window{41d8e1f0 u0 com.lenovo.vctl/com.lenovo.vctl.OpenmaxTestActivity}' spent 2542.2ms processing the last input event: MotionEvent(action=7, deviceId=6, source=0x00002002, displayId=0)
11-21 14:00:10.286   396   432 I InputDispatcher: Window 'Window{41d8e1f0 u0 com.lenovo.vctl/com.lenovo.vctl.OpenmaxTestActivity}' spent 2533.4ms processing the last input event: MotionEvent(action=7, deviceId=6, source=0x00002002, displayId=0)
11-21 14:00:10.286   396   432 I InputDispatcher: Window 'Window{41d8e1f0 u0 com.lenovo.vctl/com.lenovo.vctl.OpenmaxTestActivity}' spent 2526.5ms processing the last input event: MotionEvent(action=7, deviceId=6, source=0x00002002, displayId=0)
11-21 14:00:10.286   396   432 I InputDispatcher: Window 'Window{41d8e1f0 u0 com.lenovo.vctl/com.lenovo.vctl.OpenmaxTestActivity}' spent 2518.1ms processing the last input event: MotionEvent(action=7, deviceId=6, source=0x00002002, displayId=0)
11-21 14:00:10.287   396   432 I InputDispatcher: Window 'Window{41d8e1f0 u0 com.lenovo.vctl/com.lenovo.vctl.OpenmaxTestActivity}' spent 2510.6ms processing the last input event: MotionEvent(action=7, deviceId=6, source=0x00002002, displayId=0)
11-21 14:00:10.287   396   432 I InputDispatcher: Window 'Window{41d8e1f0 u0 com.lenovo.vctl/com.lenovo.vctl.OpenmaxTestActivity}' spent 2502.4ms processing the last input event: MotionEvent(action=7, deviceId=6, source=0x00002002, displayId=0)
11-21 14:00:10.287   396   432 I InputDispatcher: Window 'Window{41d8e1f0 u0 com.lenovo.vctl/com.lenovo.vctl.OpenmaxTestActivity}' spent 2494.5ms processing the last input event: MotionEvent(action=7, deviceId=6, source=0x00002002, displayId=0)
11-21 14:00:10.287   396   432 I InputDispatcher: Window 'Window{41d8e1f0 u0 com.lenovo.vctl/com.lenovo.vctl.OpenmaxTestActivity}' spent 2486.3ms processing the last input event: MotionEvent(action=7, deviceId=6, source=0x00002002, displayId=0)
11-21 14:00:10.287   396   432 I InputDispatcher: Window 'Window{41d8e1f0 u0 com.lenovo.vctl/com.lenovo.vctl.OpenmaxTestActivity}' spent 2478.5ms processing the last input event: MotionEvent(action=7, deviceId=6, source=0x00002002, displayId=0)
11-21 14:00:10.287   396   432 I InputDispatcher: Window 'Window{41d8e1f0 u0 com.lenovo.vctl/com.lenovo.vctl.OpenmaxTestActivity}' spent 2470.5ms processing the last input event: MotionEvent(action=7, deviceId=6, source=0x00002002, displayId=0)
11-21 14:00:10.287   396   432 I InputDispatcher: Window 'Window{41d8e1f0 u0 com.lenovo.vctl/com.lenovo.vctl.OpenmaxTestActivity}' spent 2462.4ms processing the last input event: MotionEvent(action=7, deviceId=6, source=0x00002002, displayId=0)
11-21 14:00:10.287   396   432 I InputDispatcher: Window 'Window{41d8e1f0 u0 com.lenovo.vctl/com.lenovo.vctl.OpenmaxTestActivity}' spent 2454.5ms processing the last input event: MotionEvent(action=7, deviceId=6, source=0x00002002, displayId=0)
11-21 14:00:10.287   396   432 I InputDispatcher: Window 'Window{41d8e1f0 u0 com.lenovo.vctl/com.lenovo.vctl.OpenmaxTestActivity}' spent 2445.6ms processing the last input event: MotionEvent(action=7, deviceId=6, source=0x00002002, displayId=0)
11-21 14:00:10.287   396   432 I InputDispatcher: Window 'Window{41d8e1f0 u0 com.lenovo.vctl/com.lenovo.vctl.OpenmaxTestActivity}' spent 2438.0ms processing the last input event: MotionEvent(action=7, deviceId=6, source=0x00002002, displayId=0)
11-21 14:00:10.287   396   432 I InputDispatcher: Window 'Window{41d8e1f0 u0 com.lenovo.vctl/com.lenovo.vctl.OpenmaxTestActivity}' spent 2430.2ms processing the last input event: MotionEvent(action=7, deviceId=6, source=0x00002002, displayId=0)
11-21 14:00:10.287   396   432 I InputDispatcher: Window 'Window{41d8e1f0 u0 com.lenovo.vctl/com.lenovo.vctl.OpenmaxTestActivity}' spent 2422.2ms processing the last input event: MotionEvent(action=7, deviceId=6, source=0x00002002, displayId=0)
11-21 14:00:10.287   396   432 I InputDispatcher: Window 'Window{41d8e1f0 u0 com.lenovo.vctl/com.lenovo.vctl.OpenmaxTestActivity}' spent 2413.6ms processing the last input event: MotionEvent(action=7, deviceId=6, source=0x00002002, displayId=0)
11-21 14:00:10.287   396   432 I InputDispatcher: Window 'Window{41d8e1f0 u0 com.lenovo.vctl/com.lenovo.vctl.OpenmaxTestActivity}' spent 2406.2ms processing the last input event: MotionEvent(action=7, deviceId=6, source=0x00002002, displayId=0)
11-21 14:00:10.287   396   432 I InputDispatcher: Window 'Window{41d8e1f0 u0 com.lenovo.vctl/com.lenovo.vctl.OpenmaxTestActivity}' spent 2397.5ms processing the last input event: MotionEvent(action=7, deviceId=6, source=0x00002002, displayId=0)
11-21 14:00:10.287   396   432 I InputDispatcher: Window 'Window{41d8e1f0 u0 com.lenovo.vctl/com.lenovo.vctl.OpenmaxTestActivity}' spent 2390.2ms processing the last input event: MotionEvent(action=7, deviceId=6, source=0x00002002, displayId=0)
11-21 14:00:10.287   396   432 I InputDispatcher: Window 'Window{41d8e1f0 u0 com.lenovo.vctl/com.lenovo.vctl.OpenmaxTestActivity}' spent 2382.2ms processing the last input event: MotionEvent(action=7, deviceId=6, source=0x00002002, displayId=0)
11-21 14:00:10.287   396   432 I InputDispatcher: Window 'Window{41d8e1f0 u0 com.lenovo.vctl/com.lenovo.vctl.OpenmaxTestActivity}' spent 2373.7ms processing the last input event: MotionEvent(action=7, deviceId=6, source=0x00002002, displayId=0)
11-21 14:00:10.287   396   432 I InputDispatcher: Window 'Window{41d8e1f0 u0 com.lenovo.vctl/com.lenovo.vctl.OpenmaxTestActivity}' spent 2366.2ms processing the last input event: MotionEvent(action=7, deviceId=6, source=0x00002002, displayId=0)
11-21 14:00:10.287   396   432 I InputDispatcher: Window 'Window{41d8e1f0 u0 com.lenovo.vctl/com.lenovo.vctl.OpenmaxTestActivity}' spent 2358.1ms processing the last input event: MotionEvent(action=7, deviceId=6, source=0x00002002, displayId=0)
11-21 14:00:10.287   396   432 I InputDispatcher: Window 'Window{41d8e1f0 u0 com.lenovo.vctl/com.lenovo.vctl.OpenmaxTestActivity}' spent 2350.3ms processing the last input event: MotionEvent(action=7, deviceId=6, source=0x00002002, displayId=0)
11-21 14:00:10.287   396   432 I InputDispatcher: Window 'Window{41d8e1f0 u0 com.lenovo.vctl/com.lenovo.vctl.OpenmaxTestActivity}' spent 2342.3ms processing the last input event: MotionEvent(action=7, deviceId=6, source=0x00002002, displayId=0)
11-21 14:00:10.287   396   432 I InputDispatcher: Window 'Window{41d8e1f0 u0 com.lenovo.vctl/com.lenovo.vctl.OpenmaxTestActivity}' spent 2334.2ms processing the last input event: MotionEvent(action=7, deviceId=6, source=0x00002002, displayId=0)
11-21 14:00:10.293    80   394 W BufferQueue: freeAllBuffersLocked called but mQueue is not empty
11-21 14:00:10.329  1089  1119 I OpenmaxTest: opengl onSurfaceCreated
11-21 14:00:10.330  1089  1119 I OpenmaxTest: opengl onSurfaceChanged
11-21 14:00:10.336  1089  1119 I OpenmaxTest: opengl loadTextures
11-21 14:00:10.504   396   411 I ActivityManager: Displayed com.lenovo.vctl/.OpenmaxTestActivity: +4s5ms
11-21 14:00:10.585   396   594 D dalvikvm: GC_EXPLICIT freed 154K, 8% free 6697K/7256K, paused 5ms+9ms, total 119ms
11-21 14:00:10.670   643   646 D dalvikvm: GC_CONCURRENT freed 348K, 8% free 4869K/5240K, paused 2ms+10ms, total 62ms
11-21 14:00:11.436  1089  1108 E decode.c: after omx_encode_get_h264, result  = 0, h264_length = 18474, decode_exit_flag = 0
11-21 14:00:11.438    83  1110 I OMXWmtCodec: [2880] [wmtcodec] version 1.03.00, changeset: 34108
11-21 14:00:11.438    83  1110 I OMXWmtCodec: 
11-21 14:00:11.439    83  1110 I OMXWmtCodec: [2882] [msvd] wmt_msvd_open. Tag 34363248.
11-21 14:00:11.464    83  1110 I VPUAPI  : [VDI] layout_size 48, maximum_instances 4, sizeof_CodecInst 4, layout_inited 1
11-21 14:00:11.464    83  1110 I VPUAPI  : [VDI] instance pool physaddr=0x3a6bb000, virtaddr=0x43119000, base=0xf37bb000, size=123012
11-21 14:00:11.464    83  1110 I VPUAPI  : [VDI] allocate_common_memory, physaddr=0x3a6da000, virtaddr=0x45066000
11-21 14:00:11.465    83  1110 I VPUAPI  : [VDI] vdi_get_common_memory physaddr=0x3a6da000, size=473088, virtaddr=0x45066000
11-21 14:00:11.465    83  1110 I VPUAPI  : [VDI] map vdb_register coreIdx=0, virtaddr=0x43138000, size=16384
11-21 14:00:11.465    83  1110 I VPUAPI  : [VDI] success to init driver 
11-21 14:00:11.485    83  1110 I VPUAPI  : VPU coreNum : [0]
11-21 14:00:11.485    83  1110 I VPUAPI  : Firmware Version => projectId : e820 | version : 0002.0003.00000010 | revision : r40392
11-21 14:00:11.485    83  1110 I VPUAPI  : Hardware Version => 9500
11-21 14:00:11.485    83  1110 I VPUAPI  : API Version => 0149, WMT Version => 1.01.00 (changeset: 34007)
11-21 14:00:11.485    83  1110 I VPUAPI  : 
11-21 14:00:11.495  1089  1108 E decode.c: after omx_encode_get_h264, result  = 0, h264_length = 4180, decode_exit_flag = 0
11-21 14:00:11.512    83  1110 I VPUAPI  : [VDI] vdi_allocate_dma_memory, physaddr=0x0x391cb000, virtaddr=0x0x4514b000, size=1048576
11-21 14:00:11.515    83  1110 I VPUAPI  : [VDI] vdi_allocate_dma_memory, physaddr=0x0x392cb000, virtaddr=0x0x4524b000, size=409600
11-21 14:00:11.515    83  1110 I OMXWmtCodec: [2958] [wmt-h264,0] init!!
11-21 14:00:11.515    83  1110 I OMXWmtCodec: [2958] [wmtcodec] codec h264 inited.
11-21 14:00:11.524    83  1110 I OMXWmtCodec: [2967] [wmt-h264,0] Seq: Profile 66 Level 31 interlace 0/0 aspectRateInfo -1 bitRate -1 framerate [-1,-1]
11-21 14:00:11.524    83  1110 W OMXWmtCodec: [2967] [MB-WARN] MB (25) set phys 0x3932f000 cachable fail. Not a typewriter
11-21 14:00:11.524    83  1110 W OMXWmtCodec: [2967] [MB-WARN] MB (25) set phys 0x39420000 cachable fail. Not a typewriter
11-21 14:00:11.525    83  1110 W OMXWmtCodec: [2968] [MB-WARN] MB (25) set phys 0x39511000 cachable fail. Not a typewriter
11-21 14:00:11.527    83  1110 W OMXWmtCodec: [2970] [MB-WARN] MB (25) set phys 0x39602000 cachable fail. Not a typewriter
11-21 14:00:11.527    83  1110 W OMXWmtCodec: [2971] [MB-WARN] MB (25) set phys 0x396f3000 cachable fail. Not a typewriter
11-21 14:00:11.528    83  1110 W OMXWmtCodec: [2971] [MB-WARN] MB (25) set phys 0x397e4000 cachable fail. Not a typewriter
11-21 14:00:11.528    83  1110 W OMXWmtCodec: [2971] [MB-WARN] MB (25) set phys 0x398d5000 cachable fail. Not a typewriter
11-21 14:00:11.529    83  1110 W OMXWmtCodec: [2972] [MB-WARN] MB (25) set phys 0x399c6000 cachable fail. Not a typewriter
11-21 14:00:11.529    83  1110 W OMXWmtCodec: [2972] [MB-WARN] MB (25) set phys 0x39ab7000 cachable fail. Not a typewriter
11-21 14:00:11.529    83  1110 W OMXWmtCodec: [2972] [MB-WARN] MB (25) set phys 0x39ba8000 cachable fail. Not a typewriter
11-21 14:00:11.529    83  1110 W OMXWmtCodec: [2972] [MB-WARN] MB (25) set phys 0x39c99000 cachable fail. Not a typewriter
11-21 14:00:11.531    83  1110 W OMXWmtCodec: [2974] [MB-WARN] MB (25) set phys 0x39d8a000 cachable fail. Not a typewriter
11-21 14:00:11.531    83  1110 I OMXWmtCodec: [2974] [wmt-h264,0] Seq: fmt YUV420Planar W/H 640x480 @ 640x480 [0,0,640,480] cnt 12/12 delay 4 min 6 def 2 rate -1/-1
11-21 14:00:11.531    83  1110 I OMXWmtCodec: [2974] [0] SRAM config {1, 1, 1, 1, 1, 1}
11-21 14:00:11.532    83  1110 I OMXWmtCodec: [2974] [0] enable msvd SRAM
11-21 14:00:11.532    83  1110 I OMXWmtCodec: [2975] [0] config cache {0, 0, 3, f}
11-21 14:00:11.544    83  1110 I VPUAPI  : [VDI] vdi_allocate_dma_memory, physaddr=0x0x39e7b000, virtaddr=0x0x457fb000, size=1566720
11-21 14:00:11.567  1089  1108 E decode.c: after omx_encode_get_h264, result  = 0, h264_length = 7802, decode_exit_flag = 0
11-21 14:00:11.627  1089  1108 E decode.c: after omx_encode_get_h264, result  = 0, h264_length = 11619, decode_exit_flag = 0
11-21 14:00:11.679   396   799 D dalvikvm: GC_EXPLICIT freed 130K, 8% free 6688K/7256K, paused 4ms+9ms, total 87ms
11-21 14:00:11.700  1089  1108 E decode.c: after omx_encode_get_h264, result  = 0, h264_length = 14589, decode_exit_flag = 0
11-21 14:00:11.704    83  1110 I OMXWmtDec: [3147] [AVC] I frame received, start return frame
11-21 14:00:11.704    83  1110 E OMXWmtCodec: [3147] [MB-ERR] MB (25) sync addr 0x452af000 error. Not a typewriter.
11-21 14:00:11.729  1089  1119 E encode.c: after get_decode_rgbframe+++ , result = 0, size = 460800
11-21 14:00:11.780  1089  1119 E local_preview.c: temp1 = 0.625000, temp2 = 0.937500
11-21 14:00:11.828  1089  1108 E decode.c: after omx_encode_get_h264, result  = 0, h264_length = 19277, decode_exit_flag = 0
11-21 14:00:11.832    83  1110 E OMXWmtCodec: [3275] [MB-ERR] MB (25) sync addr 0x45320000 error. Not a typewriter.
11-21 14:00:11.837  1089  1108 E decode.c: after omx_encode_get_h264, result  = 0, h264_length = 26639, decode_exit_flag = 0
11-21 14:00:11.855  1089  1119 E encode.c: after get_decode_rgbframe+++ , result = 0, size = 460800
11-21 14:00:11.868    83  1110 E OMXWmtCodec: [3311] [MB-ERR] MB (25) sync addr 0x45391000 error. Not a typewriter.
11-21 14:00:11.897  1089  1108 E decode.c: after omx_encode_get_h264, result  = 0, h264_length = 36030, decode_exit_flag = 0
11-21 14:00:11.903    83  1110 E OMXWmtCodec: [3346] [MB-ERR] MB (25) sync addr 0x45402000 error. Not a typewriter.
11-21 14:00:11.914  1089  1119 E local_preview.c: temp1 = 0.625000, temp2 = 0.937500
11-21 14:00:11.933  1089  1119 E encode.c: after get_decode_rgbframe+++ , result = 0, size = 460800
11-21 14:00:11.972  1089  1108 E decode.c: after omx_encode_get_h264, result  = 0, h264_length = 49292, decode_exit_flag = 0
11-21 14:00:11.979    83  1110 E OMXWmtCodec: [3422] [MB-ERR] MB (25) sync addr 0x45473000 error. Not a typewriter.
11-21 14:00:11.992  1089  1119 E local_preview.c: temp1 = 0.625000, temp2 = 0.937500
11-21 14:00:12.053  1089  1108 E decode.c: after omx_encode_get_h264, result  = 0, h264_length = 47635, decode_exit_flag = 0
11-21 14:00:12.061    83  1110 E OMXWmtCodec: [3504] [MB-ERR] MB (25) sync addr 0x454e4000 error. Not a typewriter.
11-21 14:00:12.093  1089  1119 E encode.c: after get_decode_rgbframe+++ , result = 0, size = 460800
11-21 14:00:12.114  1089  1108 E decode.c: after omx_encode_get_h264, result  = 0, h264_length = 33877, decode_exit_flag = 0
11-21 14:00:12.120    83  1110 E OMXWmtCodec: [3562] [MB-ERR] MB (25) sync addr 0x45555000 error. Not a typewriter.
11-21 14:00:12.158  1089  1119 E local_preview.c: temp1 = 0.625000, temp2 = 0.937500
11-21 14:00:12.167  1089  1119 E encode.c: after get_decode_rgbframe+++ , result = 0, size = 460800
11-21 14:00:12.181  1089  1108 E decode.c: after omx_encode_get_h264, result  = 0, h264_length = 23820, decode_exit_flag = 0
11-21 14:00:12.187    83  1110 E OMXWmtCodec: [3630] [MB-ERR] MB (25) sync addr 0x455c6000 error. Not a typewriter.
11-21 14:00:12.226  1089  1119 E local_preview.c: temp1 = 0.625000, temp2 = 0.937500
11-21 14:00:12.236  1089  1119 E encode.c: after get_decode_rgbframe+++ , result = 0, size = 460800
11-21 14:00:12.245  1089  1108 E decode.c: after omx_encode_get_h264, result  = 0, h264_length = 15366, decode_exit_flag = 0
11-21 14:00:12.250    83  1110 E OMXWmtCodec: [3693] [MB-ERR] MB (25) sync addr 0x45637000 error. Not a typewriter.
11-21 14:00:12.282  1089  1119 E local_preview.c: temp1 = 0.625000, temp2 = 0.937500
11-21 14:00:12.302  1089  1119 E encode.c: after get_decode_rgbframe+++ , result = 0, size = 460800
11-21 14:00:12.310  1089  1108 E decode.c: after omx_encode_get_h264, result  = 0, h264_length = 10142, decode_exit_flag = 0
11-21 14:00:12.314    83  1110 E OMXWmtCodec: [3757] [MB-ERR] MB (25) sync addr 0x456a8000 error. Not a typewriter.
11-21 14:00:12.357  1089  1119 E local_preview.c: temp1 = 0.625000, temp2 = 0.937500
11-21 14:00:12.372  1089  1119 E encode.c: after get_decode_rgbframe+++ , result = 0, size = 460800
11-21 14:00:12.382  1089  1108 E decode.c: after omx_encode_get_h264, result  = 0, h264_length = 19064, decode_exit_flag = 0
11-21 14:00:12.387    83  1110 E OMXWmtCodec: [3830] [MB-ERR] MB (25) sync addr 0x45719000 error. Not a typewriter.
11-21 14:00:12.443  1089  1108 E decode.c: after omx_encode_get_h264, result  = 0, h264_length = 23818, decode_exit_flag = 0
11-21 14:00:12.450    83  1110 E OMXWmtCodec: [3893] [MB-ERR] MB (25) sync addr 0x4578a000 error. Not a typewriter.
11-21 14:00:12.452  1089  1119 E local_preview.c: temp1 = 0.625000, temp2 = 0.937500
11-21 14:00:12.460  1089  1119 E encode.c: after get_decode_rgbframe+++ , result = 0, size = 460800
11-21 14:00:12.510  1089  1108 E decode.c: after omx_encode_get_h264, result  = 0, h264_length = 6138, decode_exit_flag = 0
11-21 14:00:12.514    83  1110 E OMXWmtCodec: [3957] [MB-ERR] MB (25) sync addr 0x452af000 error. Not a typewriter.
11-21 14:00:12.528  1089  1119 E local_preview.c: temp1 = 0.625000, temp2 = 0.937500
11-21 14:00:12.535  1089  1119 E encode.c: after get_decode_rgbframe+++ , result = 0, size = 460800
11-21 14:00:12.585  1089  1108 E decode.c: after omx_encode_get_h264, result  = 0, h264_length = 3126, decode_exit_flag = 0
11-21 14:00:12.591    83  1110 E OMXWmtCodec: [4034] [MB-ERR] MB (25) sync addr 0x45320000 error. Not a typewriter.
11-21 14:00:12.605  1089  1119 E local_preview.c: temp1 = 0.625000, temp2 = 0.937500
11-21 14:00:12.610  1089  1119 E encode.c: after get_decode_rgbframe+++ , result = 0, size = 460800
11-21 14:00:12.654  1089  1108 E decode.c: after omx_encode_get_h264, result  = 0, h264_length = 5513, decode_exit_flag = 0
11-21 14:00:12.659    83  1110 E OMXWmtCodec: [4102] [MB-ERR] MB (25) sync addr 0x45391000 error. Not a typewriter.
11-21 14:00:12.669  1089  1119 E local_preview.c: temp1 = 0.625000, temp2 = 0.937500
11-21 14:00:12.678  1089  1119 E encode.c: after get_decode_rgbframe+++ , result = 0, size = 460800
11-21 14:00:12.723  1089  1119 E local_preview.c: temp1 = 0.625000, temp2 = 0.937500
11-21 14:00:12.725  1089  1108 E decode.c: after omx_encode_get_h264, result  = 0, h264_length = 5184, decode_exit_flag = 0
11-21 14:00:12.729    83  1110 E OMXWmtCodec: [4173] [MB-ERR] MB (25) sync addr 0x45402000 error. Not a typewriter.
11-21 14:00:12.751  1089  1119 E encode.c: after get_decode_rgbframe+++ , result = 0, size = 460800
11-21 14:00:12.791  1089  1108 E decode.c: after omx_encode_get_h264, result  = 0, h264_length = 4981, decode_exit_flag = 0
11-21 14:00:12.796    83  1110 E OMXWmtCodec: [4239] [MB-ERR] MB (25) sync addr 0x45473000 error. Not a typewriter.
11-21 14:00:12.810  1089  1119 E local_preview.c: temp1 = 0.625000, temp2 = 0.937500
11-21 14:00:12.818  1089  1119 E encode.c: after get_decode_rgbframe+++ , result = 0, size = 460800
11-21 14:00:12.859  1089  1108 E decode.c: after omx_encode_get_h264, result  = 0, h264_length = 5032, decode_exit_flag = 0
11-21 14:00:12.863    83  1110 E OMXWmtCodec: [4306] [MB-ERR] MB (25) sync addr 0x454e4000 error. Not a typewriter.
11-21 14:00:12.879  1089  1119 E local_preview.c: temp1 = 0.625000, temp2 = 0.937500
11-21 14:00:12.888  1089  1119 E encode.c: after get_decode_rgbframe+++ , result = 0, size = 460800
11-21 14:00:12.927  1089  1108 E decode.c: after omx_encode_get_h264, result  = 0, h264_length = 5775, decode_exit_flag = 0
11-21 14:00:12.932    83  1110 E OMXWmtCodec: [4375] [MB-ERR] MB (25) sync addr 0x45555000 error. Not a typewriter.
11-21 14:00:12.946  1089  1119 E local_preview.c: temp1 = 0.625000, temp2 = 0.937500
11-21 14:00:12.951  1089  1119 E encode.c: after get_decode_rgbframe+++ , result = 0, size = 460800
11-21 14:00:12.997  1089  1108 E decode.c: after omx_encode_get_h264, result  = 0, h264_length = 7110, decode_exit_flag = 0
11-21 14:00:12.997  1089  1119 E local_preview.c: temp1 = 0.625000, temp2 = 0.937500
11-21 14:00:13.005    83  1110 E OMXWmtCodec: [4448] [MB-ERR] MB (25) sync addr 0x455c6000 error. Not a typewriter.
11-21 14:00:13.012  1089  1119 E encode.c: after get_decode_rgbframe+++ , result = 0, size = 460800
11-21 14:00:13.065  1089  1119 E local_preview.c: temp1 = 0.625000, temp2 = 0.937500
11-21 14:00:13.072  1089  1108 E decode.c: after omx_encode_get_h264, result  = 0, h264_length = 8171, decode_exit_flag = 0
11-21 14:00:13.074  1089  1119 E encode.c: after get_decode_rgbframe+++ , result = 0, size = 460800
11-21 14:00:13.079    83  1110 E OMXWmtCodec: [4522] [MB-ERR] MB (25) sync addr 0x45637000 error. Not a typewriter.
11-21 14:00:13.137  1089  1108 E decode.c: after omx_encode_get_h264, result  = 0, h264_length = 8882, decode_exit_flag = 0
11-21 14:00:13.137  1089  1119 E local_preview.c: temp1 = 0.625000, temp2 = 0.937500
11-21 14:00:13.143    83  1110 E OMXWmtCodec: [4586] [MB-ERR] MB (25) sync addr 0x456a8000 error. Not a typewriter.
11-21 14:00:13.149  1089  1119 E encode.c: after get_decode_rgbframe+++ , result = 0, size = 460800
11-21 14:00:13.202  1089  1108 E decode.c: after omx_encode_get_h264, result  = 0, h264_length = 7454, decode_exit_flag = 0
11-21 14:00:13.206    83  1110 E OMXWmtCodec: [4649] [MB-ERR] MB (25) sync addr 0x45719000 error. Not a typewriter.
11-21 14:00:13.211  1089  1119 E local_preview.c: temp1 = 0.625000, temp2 = 0.937500
11-21 14:00:13.221  1089  1119 E encode.c: after get_decode_rgbframe+++ , result = 0, size = 460800
11-21 14:00:13.275  1089  1119 E local_preview.c: temp1 = 0.625000, temp2 = 0.937500
11-21 14:00:13.299  1089  1119 E encode.c: after get_decode_rgbframe+++ , result = 0, size = 460800
11-21 14:00:13.301  1089  1108 E decode.c: after omx_encode_get_h264, result  = 0, h264_length = 14184, decode_exit_flag = 0
11-21 14:00:13.307    83  1110 E OMXWmtCodec: [4750] [MB-ERR] MB (25) sync addr 0x4578a000 error. Not a typewriter.
11-21 14:00:13.352  1089  1119 E local_preview.c: temp1 = 0.625000, temp2 = 0.937500
11-21 14:00:13.363  1089  1119 E encode.c: after get_decode_rgbframe+++ , result = 0, size = 460800
11-21 14:00:13.388  1089  1108 E decode.c: after omx_encode_get_h264, result  = 0, h264_length = 6172, decode_exit_flag = 0
11-21 14:00:13.392    83  1110 E OMXWmtCodec: [4835] [MB-ERR] MB (25) sync addr 0x452af000 error. Not a typewriter.
11-21 14:00:13.416  1089  1119 E local_preview.c: temp1 = 0.625000, temp2 = 0.937500
11-21 14:00:13.423  1089  1119 E encode.c: after get_decode_rgbframe+++ , result = 0, size = 460800
11-21 14:00:13.463  1089  1108 E decode.c: after omx_encode_get_h264, result  = 0, h264_length = 3717, decode_exit_flag = 0
11-21 14:00:13.468    83  1110 E OMXWmtCodec: [4911] [MB-ERR] MB (25) sync addr 0x45320000 error. Not a typewriter.
11-21 14:00:13.482  1089  1119 E local_preview.c: temp1 = 0.625000, temp2 = 0.937500
11-21 14:00:13.492  1089  1119 E encode.c: after get_decode_rgbframe+++ , result = 0, size = 460800
11-21 14:00:13.521  1089  1108 E decode.c: after omx_encode_get_h264, result  = 0, h264_length = 10520, decode_exit_flag = 0
11-21 14:00:13.525   539   543 D dalvikvm: GC_CONCURRENT freed 840K, 12% free 7152K/8040K, paused 5ms+17ms, total 198ms
11-21 14:00:13.528    83  1110 E OMXWmtCodec: [4971] [MB-ERR] MB (25) sync addr 0x45391000 error. Not a typewriter.
11-21 14:00:13.546  1089  1119 E local_preview.c: temp1 = 0.625000, temp2 = 0.937500
11-21 14:00:13.550  1089  1119 E encode.c: after get_decode_rgbframe+++ , result = 0, size = 460800
11-21 14:00:13.570  1089  1108 E decode.c: after omx_encode_get_h264, result  = 0, h264_length = 10056, decode_exit_flag = 0
11-21 14:00:13.574    83  1110 E OMXWmtCodec: [5017] [MB-ERR] MB (25) sync addr 0x45402000 error. Not a typewriter.
11-21 14:00:13.605  1089  1119 E local_preview.c: temp1 = 0.625000, temp2 = 0.937500
11-21 14:00:13.619  1089  1119 E encode.c: after get_decode_rgbframe+++ , result = 0, size = 460800
11-21 14:00:13.622  1089  1108 E decode.c: after omx_encode_get_h264, result  = 0, h264_length = 8151, decode_exit_flag = 0
11-21 14:00:13.627    83  1110 E OMXWmtCodec: [5070] [MB-ERR] MB (25) sync addr 0x45473000 error. Not a typewriter.
11-21 14:00:13.660  1089  1108 E decode.c: after omx_encode_get_h264, result  = 0, h264_length = 6322, decode_exit_flag = 0
11-21 14:00:13.664    83  1110 E OMXWmtCodec: [5107] [MB-ERR] MB (25) sync addr 0x454e4000 error. Not a typewriter.
11-21 14:00:13.675  1089  1119 E local_preview.c: temp1 = 0.625000, temp2 = 0.937500
11-21 14:00:13.680  1089  1119 E encode.c: after get_decode_rgbframe+++ , result = 0, size = 460800
11-21 14:00:13.717  1089  1108 E decode.c: after omx_encode_get_h264, result  = 0, h264_length = 8697, decode_exit_flag = 0
11-21 14:00:13.727    83  1110 E OMXWmtCodec: [5170] [MB-ERR] MB (25) sync addr 0x45555000 error. Not a typewriter.
11-21 14:00:13.731  1089  1119 E local_preview.c: temp1 = 0.625000, temp2 = 0.937500
11-21 14:00:13.738  1089  1119 E encode.c: after get_decode_rgbframe+++ , result = 0, size = 460800
11-21 14:00:13.777  1089  1108 E decode.c: after omx_encode_get_h264, result  = 0, h264_length = 9289, decode_exit_flag = 0
11-21 14:00:13.785    83  1110 E OMXWmtCodec: [5228] [MB-ERR] MB (25) sync addr 0x455c6000 error. Not a typewriter.
11-21 14:00:13.793  1089  1119 E local_preview.c: temp1 = 0.625000, temp2 = 0.937500
11-21 14:00:13.799  1089  1119 E encode.c: after get_decode_rgbframe+++ , result = 0, size = 460800
11-21 14:00:13.839  1089  1108 E decode.c: after omx_encode_get_h264, result  = 0, h264_length = 8118, decode_exit_flag = 0
11-21 14:00:13.844    83  1110 E OMXWmtCodec: [5287] [MB-ERR] MB (25) sync addr 0x45637000 error. Not a typewriter.
11-21 14:00:13.870  1089  1119 E local_preview.c: temp1 = 0.625000, temp2 = 0.937500
11-21 14:00:13.884  1089  1119 E encode.c: after get_decode_rgbframe+++ , result = 0, size = 460800
11-21 14:00:13.888  1089  1108 E decode.c: after omx_encode_get_h264, result  = 0, h264_length = 11740, decode_exit_flag = 0
11-21 14:00:13.895    83  1110 E OMXWmtCodec: [5339] [MB-ERR] MB (25) sync addr 0x456a8000 error. Not a typewriter.
11-21 14:00:13.940  1089  1119 E local_preview.c: temp1 = 0.625000, temp2 = 0.937500
11-21 14:00:13.945  1089  1108 E decode.c: after omx_encode_get_h264, result  = 0, h264_length = 7920, decode_exit_flag = 0
11-21 14:00:13.954  1089  1119 E encode.c: after get_decode_rgbframe+++ , result = 0, size = 460800
11-21 14:00:13.959    83  1110 E OMXWmtCodec: [5402] [MB-ERR] MB (25) sync addr 0x45719000 error. Not a typewriter.
11-21 14:00:13.993  1089  1108 E decode.c: after omx_encode_get_h264, result  = 0, h264_length = 12169, decode_exit_flag = 0
11-21 14:00:14.002    83  1110 E OMXWmtCodec: [5446] [MB-ERR] MB (25) sync addr 0x4578a000 error. Not a typewriter.
11-21 14:00:14.007  1089  1119 E local_preview.c: temp1 = 0.625000, temp2 = 0.937500
11-21 14:00:14.015  1089  1119 E encode.c: after get_decode_rgbframe+++ , result = 0, size = 460800
11-21 14:00:14.048  1089  1108 E decode.c: after omx_encode_get_h264, result  = 0, h264_length = 10091, decode_exit_flag = 0
11-21 14:00:14.053    83  1110 E OMXWmtCodec: [5496] [MB-ERR] MB (25) sync addr 0x452af000 error. Not a typewriter.
11-21 14:00:14.058  1089  1119 E local_preview.c: temp1 = 0.625000, temp2 = 0.937500
11-21 14:00:14.064  1089  1119 E encode.c: after get_decode_rgbframe+++ , result = 0, size = 460800
11-21 14:00:14.093  1089  1108 E decode.c: after omx_encode_get_h264, result  = 0, h264_length = 11230, decode_exit_flag = 0
11-21 14:00:14.101    83  1110 E OMXWmtCodec: [5544] [MB-ERR] MB (25) sync addr 0x45320000 error. Not a typewriter.
11-21 14:00:14.154  1089  1108 E decode.c: after omx_encode_get_h264, result  = 0, h264_length = 9419, decode_exit_flag = 0
11-21 14:00:14.161    83  1110 E OMXWmtCodec: [5604] [MB-ERR] MB (25) sync addr 0x45391000 error. Not a typewriter.
11-21 14:00:14.173  1089  1119 E local_preview.c: temp1 = 0.625000, temp2 = 0.937500
