11-21 13:58:56.721   396   409 D MountService: got storage path: /storage/sdcard0 description: 内存设备 primary: true removable: false emulated: true mtpReserve: 100 allowMassStorage: false maxFileSize: 0
11-21 13:58:56.722   396   409 I MountService: maindev is 0, path is /storage/sdcard0
11-21 13:58:56.722   396   409 D MountService: maindev is 0, addVolumeLocked() StorageVolume [mStorageId=65537 mPath=/storage/emulated/0 mDescriptionId=17040638 mPrimary=true mRemovable=false mEmulated=true mMtpReserveSpace=100 mAllowMassStorage=false mMaxFileSize=0 mOwner=UserHandle{0}]
11-21 13:58:56.723   396   409 D MountService: got storage path: /storage/sdcard1 description: SD 卡 primary: false removable: true emulated: false mtpReserve: 0 allowMassStorage: false maxFileSize: 4294967296
11-21 13:58:56.723   396   409 D MountService: maindev is 0, addVolumeLocked() StorageVolume [mStorageId=0 mPath=/storage/sdcard1 mDescriptionId=17040639 mPrimary=false mRemovable=true mEmulated=false mMtpReserveSpace=0 mAllowMassStorage=false mMaxFileSize=4294967296 mOwner=null]
11-21 13:58:56.723   396   409 D MountService: got storage path: /storage/udisk description: USB 存储器 primary: false removable: true emulated: false mtpReserve: 0 allowMassStorage: false maxFileSize: 4294967296
11-21 13:58:56.723   396   409 D MountService: maindev is 0, addVolumeLocked() StorageVolume [mStorageId=0 mPath=/storage/udisk mDescriptionId=17040640 mPrimary=false mRemovable=true mEmulated=false mMtpReserveSpace=0 mAllowMassStorage=false mMaxFileSize=4294967296 mOwner=null]
11-21 13:58:56.724   396   409 D MountService: got storage path: /storage/udisk2 description: USB 存储器 primary: false removable: true emulated: false mtpReserve: 0 allowMassStorage: false maxFileSize: 4294967296
11-21 13:58:56.724   396   409 D MountService: maindev is 0, addVolumeLocked() StorageVolume [mStorageId=0 mPath=/storage/udisk2 mDescriptionId=17040640 mPrimary=false mRemovable=true mEmulated=false mMtpReserveSpace=0 mAllowMassStorage=false mMaxFileSize=4294967296 mOwner=null]
11-21 13:58:56.724   396   409 D MountService: got storage path: /storage/udisk3 description: USB 存储器 primary: false removable: true emulated: false mtpReserve: 0 allowMassStorage: false maxFileSize: 4294967296
11-21 13:58:56.724   396   409 D MountService: maindev is 0, addVolumeLocked() StorageVolume [mStorageId=0 mPath=/storage/udisk3 mDescriptionId=17040640 mPrimary=false mRemovable=true mEmulated=false mMtpReserveSpace=0 mAllowMassStorage=false mMaxFileSize=4294967296 mOwner=null]
11-21 13:58:56.724   396   409 D MountService: got storage path: /storage/udisk4 description: USB 存储器 primary: false removable: true emulated: false mtpReserve: 0 allowMassStorage: false maxFileSize: 4294967296
11-21 13:58:56.725   396   409 D MountService: maindev is 0, addVolumeLocked() StorageVolume [mStorageId=0 mPath=/storage/udisk4 mDescriptionId=17040640 mPrimary=false mRemovable=true mEmulated=false mMtpReserveSpace=0 mAllowMassStorage=false mMaxFileSize=4294967296 mOwner=null]
11-21 13:58:56.725   396   409 D MountService: got storage path: /storage/udisk5 description: USB 存储器 primary: false removable: true emulated: false mtpReserve: 0 allowMassStorage: false maxFileSize: 4294967296
11-21 13:58:56.725   396   409 D MountService: maindev is 0, addVolumeLocked() StorageVolume [mStorageId=0 mPath=/storage/udisk5 mDescriptionId=17040640 mPrimary=false mRemovable=true mEmulated=false mMtpReserveSpace=0 mAllowMassStorage=false mMaxFileSize=4294967296 mOwner=null]
11-21 13:58:56.725   396   409 D MountService: got storage path: /storage/udisk6 description: USB 存储器 primary: false removable: true emulated: false mtpReserve: 0 allowMassStorage: false maxFileSize: 4294967296
11-21 13:58:56.725   396   409 D MountService: maindev is 0, addVolumeLocked() StorageVolume [mStorageId=0 mPath=/storage/udisk6 mDescriptionId=17040640 mPrimary=false mRemovable=true mEmulated=false mMtpReserveSpace=0 mAllowMassStorage=false mMaxFileSize=4294967296 mOwner=null]
11-21 13:58:56.726   396   409 D MountService: got storage path: /storage/udisk7 description: USB 存储器 primary: false removable: true emulated: false mtpReserve: 0 allowMassStorage: false maxFileSize: 4294967296
11-21 13:58:56.726   396   409 D MountService: maindev is 0, addVolumeLocked() StorageVolume [mStorageId=0 mPath=/storage/udisk7 mDescriptionId=17040640 mPrimary=false mRemovable=true mEmulated=false mMtpReserveSpace=0 mAllowMassStorage=false mMaxFileSize=4294967296 mOwner=null]
11-21 13:58:56.726   396   409 D MountService: got storage path: /storage/udisk8 description: USB 存储器 primary: false removable: true emulated: false mtpReserve: 0 allowMassStorage: false maxFileSize: 4294967296
11-21 13:58:56.727   396   409 D MountService: maindev is 0, addVolumeLocked() StorageVolume [mStorageId=0 mPath=/storage/udisk8 mDescriptionId=17040640 mPrimary=false mRemovable=true mEmulated=false mMtpReserveSpace=0 mAllowMassStorage=false mMaxFileSize=4294967296 mOwner=null]
11-21 13:58:56.731   396   409 I SystemServer: LockSettingsService
11-21 13:58:56.731   396   409 I SystemServer: Device Policy
11-21 13:58:56.735   396   433 I EventHub: New device: id=4, fd=105, path='/dev/input/event2', name='SIGMACH1P USB Keykoard', classes=0x80000161, configuration='', keyLayout='/system/usr/keylayout/Generic.kl', keyCharacterMap='/system/usr/keychars/Generic.kcm', builtinKeyboard=false, usingSuspendBlockIoctl=true, usingClockIoctl=true
11-21 13:58:56.735   396   433 D EventHub: No input device configuration file found for device 'SIGMACH1P USB Keykoard'.
11-21 13:58:56.736   396   409 I SystemServer: Status Bar
11-21 13:58:56.737   396   409 I SystemServer: Clipboard Service
11-21 13:58:56.738   396   409 I SystemServer: NetworkManagement Service
11-21 13:58:56.746    75   113 D VoldCmdListener: volume list
11-21 13:58:56.746   396   433 I EventHub: New device: id=5, fd=109, path='/dev/input/event1', name='SIGMACH1P USB Keykoard', classes=0x80000003, configuration='', keyLayout='/system/usr/keylayout/Generic.kl', keyCharacterMap='/system/usr/keychars/Generic.kcm', builtinKeyboard=false, usingSuspendBlockIoctl=true, usingClockIoctl=true
11-21 13:58:56.746   396   433 E EventHub: could not get driver version for /dev/input/mouse0, Not a typewriter
11-21 13:58:56.749   396   446 I MountService: Updating valid state unmounted
11-21 13:58:56.749   396   446 D MountService: volume state changed for /storage/sdcard1 (null -> unmounted)
11-21 13:58:56.749   396   446 I MountService: Updating valid state removed
11-21 13:58:56.749   396   446 D MountService: volume state changed for /storage/udisk (null -> removed)
11-21 13:58:56.752   396   409 I SystemServer: Text Service Manager Service
11-21 13:58:56.753   396   409 W TextServicesManagerService: no available spell checker services found
11-21 13:58:56.754   396   409 I SystemServer: NetworkStats Service
11-21 13:58:56.757   396   409 I SystemServer: NetworkPolicy Service
11-21 13:58:56.761    75   113 D VoldCmdListener: asec list
11-21 13:58:56.762   396   409 I SystemServer: Wi-Fi P2pService
11-21 13:58:56.764   396   446 I PackageManager: No secure containers on sdcard
11-21 13:58:56.764   396   446 I PackageManager: Loading packages
11-21 13:58:56.765   396   446 W PackageManager: Unknown permission com.google.android.gallery3d.permission.PICASA_STORE in package com.android.dreams.phototable
11-21 13:58:56.766   396   446 W PackageManager: Not granting permission android.permission.CALL_PRIVILEGED to package com.lenovo.vctl (protectionLevel=18 flags=0x98be46)
11-21 13:58:56.766   396   446 W PackageManager: Not granting permission android.permission.READ_LOGS to package com.lenovo.vctl (protectionLevel=50 flags=0x98be46)
11-21 13:58:56.767   396   446 W PackageManager: Unknown permission android.permission.CONFIGURE_SIP in package com.lenovo.vctl
11-21 13:58:56.767   396   446 W PackageManager: Not granting permission android.permission.MOUNT_UNMOUNT_FILESYSTEMS to package com.lenovo.vctl (protectionLevel=18 flags=0x98be46)
11-21 13:58:56.767   396   446 W PackageManager: Not granting permission android.permission.DEVICE_POWER to package com.lenovo.vctl (protectionLevel=2 flags=0x98be46)
11-21 13:58:56.767   396   446 W PackageManager: Not granting permission android.permission.WRITE_SECURE_SETTINGS to package com.lenovo.vctl (protectionLevel=50 flags=0x98be46)
11-21 13:58:56.768   396   433 D EventHub: No input device configuration file found for device 'Lenovo Optical Mouse'.
11-21 13:58:56.769   396   433 I EventHub: New device: id=6, fd=124, path='/dev/input/event3', name='Lenovo Optical Mouse', classes=0x80000008, configuration='', keyLayout='', keyCharacterMap='', builtinKeyboard=false, usingSuspendBlockIoctl=true, usingClockIoctl=true
11-21 13:58:56.769   396   433 D EventHub: No input device configuration file found for device 'UVC Camera (046d:0825)'.
11-21 13:58:56.769   396   446 W PackageManager: Unknown permission com.google.android.googleapps.permission.GOOGLE_AUTH in package com.android.settings
11-21 13:58:56.771   396   446 W PackageManager: Unknown permission com.google.android.googleapps.permission.GOOGLE_AUTH.mail in package com.android.contacts
11-21 13:58:56.772   396   446 W PackageManager: Not granting permission android.permission.ACCESS_SURFACE_FLINGER to package com.android.gallery3d (protectionLevel=2 flags=0x98bc45)
11-21 13:58:56.773   396   446 W PackageManager: Unknown permission android.permission.UPDATE_DEVICE_STATUS in package com.wmt.airshow
11-21 13:58:56.773   396   446 W PackageManager: Unknown permission android.permission.READ_SECURE_SETTINGS in package com.wmt.airshow
11-21 13:58:56.774   396   446 W PackageManager: Unknown permission com.google.android.googleapps.permission.GOOGLE_AUTH in package com.android.providers.calendar
11-21 13:58:56.774   396   446 W PackageManager: Unknown permission com.google.android.googleapps.permission.GOOGLE_AUTH.cl in package com.android.providers.calendar
11-21 13:58:56.775   396   446 W PackageManager: Not granting permission android.permission.CALL_PRIVILEGED to package com.lenovo.videotalk (protectionLevel=18 flags=0x88be46)
11-21 13:58:56.775   396   446 W PackageManager: Not granting permission android.permission.READ_LOGS to package com.lenovo.videotalk (protectionLevel=50 flags=0x88be46)
11-21 13:58:56.775   396   446 W PackageManager: Unknown permission android.permission.CONFIGURE_SIP in package com.lenovo.videotalk
11-21 13:58:56.776   396   446 W PackageManager: Not granting permission android.permission.SEND_DOWNLOAD_COMPLETED_INTENTS to package com.android.browser (protectionLevel=2 flags=0x89be45)
11-21 13:58:56.776   396   446 W PackageManager: Unknown permission com.android.email.permission.READ_ATTACHMENT in package com.wmt.addons
11-21 13:58:56.776   396   446 W PackageManager: Unknown permission com.google.android.gm.permission.READ_GMAIL in package com.wmt.addons
11-21 13:58:56.778   396   446 W PackageManager: Not granting permission android.permission.DEVICE_POWER to package com.ota.update.service (protectionLevel=2 flags=0x88be45)
11-21 13:58:56.778   396   446 W PackageManager: Unknown permission android.permission.SYSTEM_OVERLAY_WINDOW in package com.ota.update.service
11-21 13:58:56.782   396   433 I EventHub: New device: id=7, fd=125, path='/dev/input/event0', name='UVC Camera (046d:0825)', classes=0x80000001, configuration='', keyLayout='/system/usr/keylayout/Generic.kl', keyCharacterMap='/system/usr/keychars/Generic.kcm', builtinKeyboard=false, usingSuspendBlockIoctl=true, usingClockIoctl=true
11-21 13:58:56.795   396   433 I InputReader: Device added: id=-1, name='Virtual', sources=0x00000301
11-21 13:58:56.795   396   433 I InputReader: Device added: id=7, name='UVC Camera (046d:0825)', sources=0x00000101
11-21 13:58:56.840   396   433 I InputReader: Device added: id=6, name='Lenovo Optical Mouse', sources=0x00002002
11-21 13:58:56.840   396   433 I InputReader: Device added: id=5, name='SIGMACH1P USB Keykoard', sources=0x00000101
11-21 13:58:56.841   396   433 I InputReader: Device added: id=4, name='SIGMACH1P USB Keykoard', sources=0x01000711
11-21 13:58:56.841   396   433 I InputReader: Device added: id=3, name='kpadPower', sources=0x00000101
11-21 13:58:56.841   396   433 I InputReader: Device added: id=2, name='rmtctl', sources=0x00000301
11-21 13:58:56.841   396   433 I InputReader: Device added: id=1, name='rmtctl-rel', sources=0x00002002
11-21 13:58:56.843   396   433 I InputReader: Reconfiguring input devices.  changes=0x00000004
11-21 13:58:56.843   396   432 I ActivityManager: Config changed: {1.0 ?mcc?mnc zh_CN ldltr sw720dp w1280dp h672dp 160dpi lrg long land ?uimode ?night finger -keyb/v/h dpad/v s.3}
11-21 13:58:56.868   396   399 D dalvikvm: GC_CONCURRENT freed 340K, 7% free 5459K/5832K, paused 4ms+4ms, total 43ms
11-21 13:58:56.932   396   446 E Environment: getVolumePath: sPrimaryVolume is null, return /storage/sdcard1
11-21 13:58:56.932   396   446 E Environment: getVolumePath: sPrimaryVolume is null, return /storage/udisk
11-21 13:58:57.058   396   409 I SystemServer: Wi-Fi Service
11-21 13:58:57.076    78   392 E CommandListener: Failed to open /proc/sys/net/ipv6/conf/wlan0/disable_ipv6: No such file or directory
11-21 13:58:57.077   396   409 I SystemServer: Connectivity Service
11-21 13:58:57.078   396   452 E WifiStateMachine: Failed to disable IPv6: java.lang.IllegalStateException: command '1 interface ipv6 wlan0 disable' failed with '400 1 Failed to change IPv6 state (No such file or directory)'
11-21 13:58:57.079   396   409 D ConnectivityService: ConnectivityService starting up
11-21 13:58:57.100   396   409 D BluetoothTethering: startMonitoring: target: Handler (com.android.server.ConnectivityService$NetworkStateTrackerHandler) {41c20698}
11-21 13:58:57.104   396   409 E MobileDataStateTracker: default: Ignoring feature request because could not acquire PhoneService
11-21 13:58:57.104   396   409 E MobileDataStateTracker: default: Could not enable APN type "default"
11-21 13:58:57.118    78   392 D CommandListener: Setting iface cfg
11-21 13:58:57.118    78   392 D CommandListener: Trying to bring up eth0
11-21 13:58:57.495   234   234 D FFPlayer: player->isPlaying() return false
11-21 13:58:57.495   234   234 D FFPlayer: Seek to 8000 miliseconds for looping
11-21 13:58:57.495    83   343 D FFPlayer: seekTo 8000 ms, seekId=2...
11-21 13:58:57.495    83   364 E FFPlayer: (41dab170/41d8c008) av_read_frame return 0xDFB9B0BB, 0x20464F45/541478725=EOF , seekTime=-1
11-21 13:58:57.514   234   234 D FFPlayer: player->isPlaying() return false
11-21 13:58:57.514   234   234 D FFPlayer: Seek to 8000 miliseconds for looping
11-21 13:58:57.514    83   342 D FFPlayer: seekTo 8000 ms, seekId=3...
11-21 13:58:57.514    83   364 E FFPlayer: (41dab170/41d8c008) av_read_frame return 0xDFB9B0BB, 0x20464F45/541478725=EOF , seekTime=-1
11-21 13:58:58.146   396   409 D Pppoe   : PppoeDataTracker1
11-21 13:58:58.146   396   409 D Pppoe   : PppoeDataTracker2
11-21 13:58:58.154   396   448 D Tethering: interfaceLinkStateChanged eth0, true
11-21 13:58:58.154   396   448 D Tethering: interfaceStatusChanged eth0, true
11-21 13:58:58.160   396   409 I WifiService: WifiService starting up with Wi-Fi disabled
11-21 13:58:58.166   396   409 I SystemServer: Network Service Discovery Service
11-21 13:58:58.169   396   409 D NsdService: Network service discovery enabled true
11-21 13:58:58.173   396   409 I SystemServer: Throttle Service
11-21 13:58:58.175   396   409 I SystemServer: UpdateLock Service
11-21 13:58:58.289   396   409 I SystemServer: Notification Manager
11-21 13:58:58.295   396   409 I SystemServer: Device Storage Monitor
11-21 13:58:58.298   396   409 I SystemServer: Location Manager
11-21 13:58:58.300   396   409 I SystemServer: Country Detector
11-21 13:58:58.301   396   409 I SystemServer: Search Service
11-21 13:58:58.304   396   409 I SystemServer: DropBox Service
11-21 13:58:58.305   396   409 I SystemServer: Wallpaper Service
11-21 13:58:58.318   396   409 I SystemServer: Audio Service
11-21 13:58:58.336   396   399 D dalvikvm: GC_CONCURRENT freed 306K, 6% free 5613K/5952K, paused 2ms+6ms, total 45ms
11-21 13:58:58.350   396   458 D Ethernet: Interface eth0 link up
11-21 13:58:58.354   396   409 I AudioService:   Remote Control   registerMediaButtonIntent() for PendingIntent{41c6d9d0: PendingIntentRecord{41c6d998 android broadcastIntent}}
11-21 13:58:58.391   469   469 I dhcpcd  : dhcpcd[470]: version 5.5.6 starting
11-21 13:58:58.443   469   469 I dhcpcd  : dhcpcd[470]: eth0: broadcasting for a lease
11-21 13:58:58.451   396   409 I SystemServer: Dock Observer
11-21 13:58:58.451   396   409 W DockObserver: This kernel does not have dock station support
11-21 13:58:58.451   396   409 I SystemServer: Wired Accessory Manager
11-21 13:58:58.452   396   409 W WiredAccessoryManager: This kernel does not have wired headset support
11-21 13:58:58.452   396   409 W WiredAccessoryManager: This kernel does not have usb audio support
11-21 13:58:58.453   396   409 W WiredAccessoryManager: This kernel does not have SIM dectect support
11-21 13:58:58.453   396   409 W WiredAccessoryManager: This kernel does not have SIM2 dectect support
11-21 13:58:58.453   396   409 W WiredAccessoryManager: This kernel does not have hardware lock rotation dectect support
11-21 13:58:58.453   396   409 I SystemServer: USB Service
11-21 13:58:58.461   396   409 I SystemServer: Serial Service
11-21 13:58:58.462   396   409 I SystemServer: Twilight Service
11-21 13:58:58.463   396   409 I SystemServer: UI Mode Manager Service
11-21 13:58:58.464   396   409 I SystemServer: Backup Service
11-21 13:58:58.471   396   409 V BackupManagerService: No ancestral data
11-21 13:58:58.532   396   409 I BackupManagerService: Found stale backup journal, scheduling
11-21 13:58:58.536   396   409 I BackupManagerService:   android
11-21 13:58:58.536   396   409 I BackupManagerService:   com.android.browser
11-21 13:58:58.536   396   409 I BackupManagerService:   com.android.providers.settings
11-21 13:58:58.537   396   409 I BackupManagerService:   com.android.providers.userdictionary
11-21 13:58:58.537   396   409 I BackupManagerService:   com.android.sharedstoragebackup
11-21 13:58:58.546   396   409 I BackupManagerService: Backup enabled => false
11-21 13:58:58.547   396   409 I SystemServer: AppWidget Service
11-21 13:58:58.548   396   409 I SystemServer: Recognition Service
11-21 13:58:58.549   396   409 I SystemServer: DiskStats Service
11-21 13:58:58.550   396   409 I SystemServer: SamplingProfiler Service
11-21 13:58:58.581   396   409 I SystemServer: NetworkTimeUpdateService
11-21 13:58:58.582   396   409 I SystemServer: CommonTimeManagementService
11-21 13:58:58.583   396   409 I SystemServer: CertBlacklister
11-21 13:58:58.584   396   409 I SystemServer: Dreams Service
11-21 13:58:58.588   396   409 I WindowManager: SAFE MODE not enabled
11-21 13:58:58.588   396   402 D dalvikvm: JIT started for system_server
11-21 13:58:58.640   396   399 D dalvikvm: GC_CONCURRENT freed 284K, 6% free 5714K/6032K, paused 3ms+21ms, total 55ms
11-21 13:58:58.641   396   409 D SQLiteOpenHelper: get write db : locksettings.db
11-21 13:58:58.729   396   409 D WMT_ENV : get syspara wmt.gpo.logoled
11-21 13:58:58.730   396   410 I PhoneWindowManager:  updateSettings , mDismissAllow = false, mEdgeGesturesEnabled = true
11-21 13:58:58.732   396   409 E WMT_ENV : MEMGETENV get wmt.gpo.logoled error: 1 No such file or directory
11-21 13:58:58.766   396   409 I ActivityManager: System now ready
11-21 13:58:58.766   396   479 D lights  : set_light_backlight: state->color=0xff666666, brightness = 102
11-21 13:58:58.774   396   409 I SystemServer: Making services ready
11-21 13:58:58.775   396   409 D SystemServer: Starting service: Intent { cmp=com.android.systemui/.SystemUIService }
11-21 13:58:58.778   396   409 I Zygote  : Process: zygote socket opened
11-21 13:58:58.789   480   480 I dalvikvm: !!!!!mountMode is 3
11-21 13:58:58.793   396   409 I ActivityManager: Start proc com.android.systemui for service com.android.systemui/.SystemUIService: pid=480 uid=10017 gids={50017, 1028, 1015, 3002, 3001}
11-21 13:58:58.794   396   443 I MountService: doMountVolume: Mouting /storage/sdcard1
11-21 13:58:58.794    75   113 D VoldCmdListener: volume mount /storage/sdcard1
11-21 13:58:58.795    75   113 I Vold    : ljb --- mountVol: devicePath is: /dev/block/vold/179:1 
11-21 13:58:58.795    75   113 I Vold    : /dev/block/vold/179:1 being considered for volume sdcard
11-21 13:58:58.795    75   113 D Vold    : Volume sdcard state changing 1 (Idle-Unmounted) -> 3 (Checking)
11-21 13:58:58.799   396   445 I MountService: onEvent:: raw= 605 Volume sdcard /storage/sdcard1 state changed from 1 (Idle-Unmounted) to 3 (Checking) cooked =  605 Volume sdcard /storage/sdcard1 state changed from 1 (Idle-Unmounted) to 3 (Checking)
11-21 13:58:58.799   396   445 I MountService: notifyVolumeStateChange::unmounted
11-21 13:58:58.799   396   445 I MountService: updating volume state checking
11-21 13:58:58.799   396   445 D MountService: volume state changed for /storage/sdcard1 (unmounted -> checking)
11-21 13:58:58.800   396   445 D MountService: sendStorageIntent Intent { act=android.intent.action.MEDIA_CHECKING dat=file:///storage/sdcard1 (has extras) } to UserHandle{-1}
11-21 13:58:58.805   396   409 D NetworkManagementService: enabling bandwidth control
11-21 13:58:58.806    78   392 V BandwidthController: runCommands(): 7 commands
11-21 13:58:58.806    78   392 V BandwidthController: runIpxtablesCmd(cmd=-F bw_INPUT)
11-21 13:58:58.835    78   392 V BandwidthController: runIpxtablesCmd(cmd=-F bw_OUTPUT)
11-21 13:58:58.839    75   113 I /system/bin/fsck_msdos: ** /dev/block/vold/179:1
11-21 13:58:58.847    75   113 I /system/bin/fsck_msdos: ** Phase 1 - Read and Compare FATs
11-21 13:58:58.848    75   113 I /system/bin/fsck_msdos: Attempting to allocate 3756 KB for FAT
11-21 13:58:58.855    78   392 V BandwidthController: runIpxtablesCmd(cmd=-F bw_FORWARD)
11-21 13:58:58.870    78   392 V BandwidthController: runIpxtablesCmd(cmd=-F penalty_box)
11-21 13:58:58.883   480   480 E Trace   : error opening trace file: No such file or directory (2)
11-21 13:58:58.891    78   392 V BandwidthController: runIpxtablesCmd(cmd=-F costly_shared)
11-21 13:58:58.908    78   392 V BandwidthController: runIpxtablesCmd(cmd=-t raw -F bw_raw_PREROUTING)
11-21 13:58:58.925    78   392 V BandwidthController: runIpxtablesCmd(cmd=-t mangle -F bw_mangle_POSTROUTING)
11-21 13:58:58.943    78   392 V BandwidthController: runCommands(): 7 commands
11-21 13:58:58.943    78   392 V BandwidthController: runIpxtablesCmd(cmd=-A bw_INPUT -i lo --jump RETURN)
11-21 13:58:58.960    78   392 V BandwidthController: runIpxtablesCmd(cmd=-A bw_INPUT -m owner --socket-exists)
11-21 13:58:58.977    78   392 V BandwidthController: runIpxtablesCmd(cmd=-A bw_OUTPUT -o lo --jump RETURN)
11-21 13:58:58.994    78   392 V BandwidthController: runIpxtablesCmd(cmd=-A bw_OUTPUT -m owner --socket-exists)
11-21 13:58:59.010    78   392 V BandwidthController: runIpxtablesCmd(cmd=-A costly_shared --jump penalty_box)
11-21 13:58:59.021    78   392 V BandwidthController: runIpxtablesCmd(cmd=-t raw -A bw_raw_PREROUTING ! -i lo+ -m owner --socket-exists)
11-21 13:58:59.036    78   392 V BandwidthController: runIpxtablesCmd(cmd=-t mangle -A bw_mangle_POSTROUTING ! -o lo+ -m owner --socket-exists)
11-21 13:58:59.057    85    85 I keystore: uid: 1000 action: e -> 7 state: 3 -> 3 retry: 4
11-21 13:58:59.133   480   480 D SystemUIService: loading: class com.android.systemui.statusbar.tablet.TabletStatusBar
11-21 13:58:59.136   480   480 D SystemUIService: running: com.android.systemui.statusbar.tablet.TabletStatusBar@41b9e188
11-21 13:58:59.197    78   392 V BandwidthController: runIpxtablesCmd(cmd=! -i lo+ -I bw_INPUT -m quota2 ! --quota 2097152 --name globalAlert)
11-21 13:58:59.219    78   392 V BandwidthController: runIpxtablesCmd(cmd=! -o lo+ -I bw_OUTPUT -m quota2 ! --quota 2097152 --name globalAlert)
11-21 13:58:59.234   396   406 I StatusBarManagerService: registerStatusBar bar=com.android.internal.statusbar.IStatusBar$Stub$Proxy@41cc3410
11-21 13:58:59.246    85    85 I keystore: uid: 1000 action: e -> 7 state: 3 -> 3 retry: 4
11-21 13:58:59.305   480   486 D dalvikvm: GC_CONCURRENT freed 133K, 4% free 4433K/4580K, paused 7ms+4ms, total 60ms
11-21 13:58:59.316   396   409 I ActivityManager: Config changed: {1.0 ?mcc?mnc zh_CN ldltr sw720dp w1280dp h672dp 160dpi lrg long land finger -keyb/v/h dpad/v s.4}
11-21 13:58:59.320   396   409 W RecognitionManagerService: no available voice recognition services found for user 0
11-21 13:58:59.351   396   413 I ActivityManager: Start proc android.process.media for broadcast com.android.providers.media/.MtpReceiver: pid=539 uid=10004 gids={50004, 1015, 1023, 1024, 1028, 2001, 3003, 3007}
11-21 13:58:59.352   539   539 I dalvikvm: !!!!!mountMode is 2
11-21 13:58:59.461   396   537 W ApplicationContext: Calling a method in the system process without a qualified user: android.app.ContextImpl.sendBroadcast:1032 com.android.server.usb.UsbSettingsManager.deviceAttached:619 com.android.server.usb.UsbHostManager.usbDeviceAdded:154 
11-21 13:58:59.468   469   469 I dhcpcd  : dhcpcd[470]: eth0: offered 192.168.0.108 from 192.168.0.1
11-21 13:58:59.469   396   409 W InputMethodManagerService: Ignoring setImeWindowStatus of uid 1000 token: null
11-21 13:58:59.471   469   469 I dhcpcd  : dhcpcd[470]: eth0: acknowledged 192.168.0.108 from 192.168.0.1
11-21 13:58:59.480   469   469 I dhcpcd  : dhcpcd[470]: eth0: leased 192.168.0.108 for 86400 seconds
11-21 13:58:59.489   396   409 W InputMethodManagerService: Found no subtypes in a system IME: com.android.inputmethod.pinyin
11-21 13:58:59.492   396   537 W ApplicationContext: Calling a method in the system process without a qualified user: android.app.ContextImpl.sendBroadcast:1032 com.android.server.usb.UsbSettingsManager.deviceAttached:619 com.android.server.usb.UsbHostManager.usbDeviceAdded:154 
11-21 13:58:59.500   539   539 E Trace   : error opening trace file: No such file or directory (2)
11-21 13:58:59.516   552   552 I dalvikvm: !!!!!mountMode is 2
11-21 13:58:59.523   396   409 I ActivityManager: Start proc com.android.inputmethod.pinyin for service com.android.inputmethod.pinyin/.PinyinIME: pid=552 uid=10022 gids={50022, 3003, 1028}
11-21 13:58:59.530   396   561 I LocationBlacklist: whitelist: []
11-21 13:58:59.587   396   409 I CommonTimeManagementService: No common time service detected on this platform.  Common time services will be unavailable.
11-21 13:58:59.590   396   433 I InputReader: Reconfiguring input devices.  changes=0x00000020
11-21 13:58:59.591   539   539 I ActivityThread: Pub media: com.android.providers.media.MediaProvider
11-21 13:58:59.611   396   433 I InputReader: Reconfiguring input devices.  changes=0x00000010
11-21 13:58:59.637   581   581 I dalvikvm: !!!!!mountMode is 2
11-21 13:58:59.653   396   409 I ActivityManager: Start proc com.wmt.airshow for added application com.wmt.airshow: pid=581 uid=10029 gids={50029, 3003, 1028}
11-21 13:58:59.654   396   409 W ActivityManager: Broadcast Intent { act=android.intent.action.USER_STARTING flg=0x40000010 (has extras) } not ordered but result callback requested!
11-21 13:58:59.658   396   409 I ActivityManager: START u0 {act=android.intent.action.MAIN cat=[android.intent.category.HOME] flg=0x10000000 cmp=com.android.launcher/com.android.launcher2.Launcher} from pid 0
11-21 13:58:59.682   539   539 E Environment: getVolumePath: sPrimaryVolume is null, return /storage/udisk
11-21 13:58:59.682   539   539 E Environment: getVolumePath: sPrimaryVolume is null, return /storage/sdcard1
11-21 13:58:59.688   396   561 I LocationBlacklist: blacklist: []
11-21 13:58:59.717   396   566 W ThrottleService: unable to find stats for iface ppp2
11-21 13:58:59.740   596   596 I dalvikvm: !!!!!mountMode is 2
11-21 13:58:59.752   396   409 I ActivityManager: Start proc com.android.launcher for activity com.android.launcher/com.android.launcher2.Launcher: pid=596 uid=10021 gids={50021, 1028}
11-21 13:58:59.799   396   399 D dalvikvm: GC_CONCURRENT freed 322K, 6% free 5907K/6260K, paused 7ms+10ms, total 260ms
11-21 13:58:59.799   396   409 D dalvikvm: WAIT_FOR_CONCURRENT_GC blocked 24ms
11-21 13:58:59.799   396   566 D dalvikvm: WAIT_FOR_CONCURRENT_GC blocked 24ms
11-21 13:58:59.800   396   468 D dalvikvm: WAIT_FOR_CONCURRENT_GC blocked 24ms
11-21 13:58:59.801   396   597 D dalvikvm: WAIT_FOR_CONCURRENT_GC blocked 22ms
11-21 13:58:59.801   396   424 D dalvikvm: WAIT_FOR_CONCURRENT_GC blocked 26ms
11-21 13:58:59.802   396   594 D dalvikvm: WAIT_FOR_CONCURRENT_GC blocked 27ms
11-21 13:58:59.807   539   539 D SQLiteOpenHelper: get write db : /storage/emulated/0/.databases/local.db
11-21 13:58:59.808   396   396 D dalvikvm: WAIT_FOR_CONCURRENT_GC blocked 32ms
11-21 13:58:59.837   552   552 E Trace   : error opening trace file: No such file or directory (2)
11-21 13:58:59.888   581   581 E Trace   : error opening trace file: No such file or directory (2)
11-21 13:58:59.957    75   113 I /system/bin/fsck_msdos: Attempting to allocate 3756 KB for FAT
11-21 13:58:59.969    78   392 D CommandListener: Setting iface cfg
11-21 13:58:59.969    78   392 D CommandListener: Trying to bring up eth0
11-21 13:58:59.976   396   468 D         : Static IP configuration succeeded.
11-21 13:58:59.979   396   468 D         : Static IP addRoute succeeded
11-21 13:58:59.980   396   454 D ConnectivityService: ConnectivityChange for ETHERNET: CONNECTED/CONNECTED
11-21 13:59:00.074   396   454 D ConnectivityService: enter updateRoutes routesChanged:true
11-21 13:59:00.074   396   454 D ConnectivityService: routeDiff.added.size():1isLinkDefault:true
11-21 13:59:00.074   396   454 D ConnectivityService: RouteInfo:0.0.0.0/0 -> 192.168.0.1
11-21 13:59:00.092   596   596 E Trace   : error opening trace file: No such file or directory (2)
11-21 13:59:00.144   234   234 D FFPlayer: player->isPlaying() return false
11-21 13:59:00.144   234   234 D FFPlayer: Seek to 8000 miliseconds for looping
11-21 13:59:00.145    83    83 D FFPlayer: seekTo 8000 ms, seekId=4...
11-21 13:59:00.145    83   364 E FFPlayer: (41dab170/41d8c008) av_read_frame return 0xDFB9B0BB, 0x20464F45/541478725=EOF , seekTime=-1
11-21 13:59:00.186   539   539 E Environment: getVolumePath: sPrimaryVolume is null, return /storage/sdcard1
11-21 13:59:00.186   539   539 E Environment: getVolumePath: sPrimaryVolume is null, return /storage/udisk
11-21 13:59:00.188   396   454 D ConnectivityService: Netled Device ETHERNET Connect count: 1
11-21 13:59:00.234   480   486 D dalvikvm: GC_CONCURRENT freed 46K, 2% free 4829K/4900K, paused 8ms+19ms, total 132ms
11-21 13:59:00.243   396   561 W GpsLocationProvider: Could not open GPS configuration file /etc/gps.conf
11-21 13:59:00.249   396   561 W ServiceWatcher: com.google.android.location not found
11-21 13:59:00.250   396   561 W ServiceWatcher: com.google.android.location not found
11-21 13:59:00.251   396   561 W LocationManagerService: no network location provider found
11-21 13:59:00.251   396   561 W ServiceWatcher: com.google.android.location not found
11-21 13:59:00.268   626   626 I dalvikvm: !!!!!mountMode is 2
11-21 13:59:00.288   396   561 I ActivityManager: Start proc com.android.location.fused for service com.android.location.fused/.FusedLocationService: pid=626 uid=10020 gids={50020, 1028}
11-21 13:59:00.289   396   561 W ServiceWatcher: com.google.android.location not found
11-21 13:59:00.289   396   561 E LocationManagerService: no geocoder provider found
11-21 13:59:00.303   396   561 D gps_fr  : gps power state = 1
11-21 13:59:00.358   396   409 D DevicePolicyManagerService: Handling package changes for user 0
11-21 13:59:00.362   626   626 E Trace   : error opening trace file: No such file or directory (2)
11-21 13:59:00.369   539   539 I ActivityThread: Pub downloads: com.android.providers.downloads.DownloadProvider
11-21 13:59:00.382   396   409 I PhoneWindowManager:  updateSettings , mDismissAllow = false, mEdgeGesturesEnabled = true
11-21 13:59:00.392   396   436 D BluetoothManagerService: Message: 300
11-21 13:59:00.393   396   436 D BluetoothManagerService: MESSAGE_USER_SWITCHED
11-21 13:59:00.408   396   409 I AudioService:   Remote Control   registerMediaButtonIntent() for PendingIntent{41d4c100: PendingIntentRecord{41c6d998 android broadcastIntent}}
11-21 13:59:00.533   552   552 D dalvikvm: Trying to load lib /data/app-lib/PinyinIME/libjni_pinyinime.so 0x41b63e18
11-21 13:59:00.542   596   596 I ActivityThread: Pub com.android.launcher2.settings: com.android.launcher2.LauncherProvider
11-21 13:59:00.553   552   552 D dalvikvm: Added shared lib /data/app-lib/PinyinIME/libjni_pinyinime.so 0x41b63e18
11-21 13:59:00.576   596   596 D SQLiteOpenHelper: get write db : launcher.db
11-21 13:59:00.580   480   486 D dalvikvm: GC_CONCURRENT freed 32K, 2% free 5275K/5336K, paused 4ms+3ms, total 121ms
11-21 13:59:00.684   396   409 D SQLiteOpenHelper: get write db : /data/system/users/0/accounts.db
11-21 13:59:00.686   539   539 I ActivityThread: Pub drm: com.android.providers.drm.DrmProvider
11-21 13:59:00.693   539   640 I DownloadManager: in removeSpuriousFiles
11-21 13:59:00.716   539   640 D SQLiteOpenHelper: get write db : downloads.db
11-21 13:59:00.897   396   409 D PackageManager: generateServicesMap() for 0
11-21 13:59:00.903   396   409 D PackageManager: generateServicesMap() for 0
11-21 13:59:00.943   396   409 D TelephonyRegistry: MSG_USER_SWITCHED userId=0
11-21 13:59:00.959   626   626 I FusedLocation: engine started (com.android.location.fused)
11-21 13:59:00.975   643   643 I dalvikvm: !!!!!mountMode is 2
11-21 13:59:00.983   396   409 I ActivityManager: Start proc com.android.settings for broadcast com.android.settings/.widget.SettingsAppWidgetProvider: pid=643 uid=1000 gids={41000, 1015, 1028, 3002, 3001, 3003}
11-21 13:59:01.048   643   643 E Trace   : error opening trace file: No such file or directory (2)
11-21 13:59:01.053   480   480 E Environment: getVolumePath: sPrimaryVolume is null, return /storage/sdcard1
11-21 13:59:01.054   480   480 E Environment: getVolumePath: sPrimaryVolume is null, return /storage/udisk
11-21 13:59:01.055   480   480 D StorageNotification: Startup with UMS connection false (media state mounted)
11-21 13:59:01.057   396   399 D dalvikvm: GC_CONCURRENT freed 353K, 7% free 5972K/6356K, paused 15ms+6ms, total 153ms
11-21 13:59:01.059   480   480 D SystemUIService: loading: class com.android.systemui.power.PowerUI
11-21 13:59:01.060   480   480 D SystemUIService: running: com.android.systemui.power.PowerUI@41ca6d90
11-21 13:59:01.062   480   480 D SystemUIService: loading: class com.android.systemui.wifi.WifiVerificationUI
11-21 13:59:01.063   480   480 D SystemUIService: running: com.android.systemui.wifi.WifiVerificationUI@41ca7a50
11-21 13:59:01.065   480   480 D SystemUIService: loading: class com.android.systemui.media.RingtonePlayer
11-21 13:59:01.067   480   480 D SystemUIService: running: com.android.systemui.media.RingtonePlayer@41ca8aa8
11-21 13:59:01.069   480   657 I StorageNotification: UMS connection changed to false (media state mounted)
11-21 13:59:01.070   480   657 V AlarmAlertWakeLock: Releasing wake lock
11-21 13:59:01.107   596   596 E Environment: getVolumePath: sPrimaryVolume is null, return /storage/sdcard1
11-21 13:59:01.107   596   596 E Environment: getVolumePath: sPrimaryVolume is null, return /storage/udisk
11-21 13:59:01.148   480   480 I Choreographer: Skipped 77 frames!  The application may be doing too much work on its main thread.
11-21 13:59:01.237   480   486 D dalvikvm: GC_CONCURRENT freed 257K, 5% free 5405K/5688K, paused 4ms+3ms, total 33ms
11-21 13:59:01.258    75   113 I /system/bin/fsck_msdos: ** Phase 2 - Check Cluster Chains
11-21 13:59:01.390   596   603 D dalvikvm: GC_CONCURRENT freed 189K, 5% free 4383K/4596K, paused 4ms+29ms, total 71ms
11-21 13:59:01.660    75   113 I /system/bin/fsck_msdos: ** Phase 3 - Checking Directories
11-21 13:59:01.808   661   661 I dalvikvm: !!!!!mountMode is 2
11-21 13:59:01.816   396   407 I ActivityManager: Start proc com.wmt.music for broadcast com.wmt.music/.MediaButtonIntentReceiver: pid=661 uid=10026 gids={50026, 3003, 1015, 1028}
11-21 13:59:01.872   661   661 E Trace   : error opening trace file: No such file or directory (2)
11-21 13:59:02.047   596   603 D dalvikvm: GC_CONCURRENT freed 130K, 4% free 4650K/4804K, paused 4ms+4ms, total 29ms
11-21 13:59:02.088   596   596 E AppsCustomizePagedView: Widget ComponentInfo{com.wmt.music/com.wmt.mediawidget.SimpleMusicWidgetProvider} can not fit on this device (1000, 1000)
11-21 13:59:02.171   675   675 I dalvikvm: !!!!!mountMode is 2
11-21 13:59:02.190   396   594 I ActivityManager: Start proc com.wmt.music:music_service for service com.wmt.music/.MediaPlaybackService: pid=675 uid=10026 gids={50026, 3003, 1015, 1028}
11-21 13:59:02.226    81    81 D dalvikvm: GC_EXPLICIT freed 36K, 2% free 4161K/4220K, paused 3ms+4ms, total 44ms
11-21 13:59:02.226   396   396 I SearchManagerService: Building list of searchable activities for userId=0
11-21 13:59:02.260    81    81 D dalvikvm: GC_EXPLICIT freed <1K, 2% free 4161K/4220K, paused 4ms+3ms, total 33ms
11-21 13:59:02.292    81    81 D dalvikvm: GC_EXPLICIT freed <1K, 2% free 4161K/4220K, paused 2ms+3ms, total 32ms
11-21 13:59:02.328   675   675 E Trace   : error opening trace file: No such file or directory (2)
11-21 13:59:02.375   675   675 E Environment: getVolumePath: sPrimaryVolume is null, return /storage/sdcard1
11-21 13:59:02.375   675   675 E Environment: getVolumePath: sPrimaryVolume is null, return /storage/udisk
11-21 13:59:02.392   396   407 I AudioService:   Remote Control   registerMediaButtonIntent() for PendingIntent{41d0f630: PendingIntentRecord{41cb8c20 com.wmt.music broadcastIntent}}
11-21 13:59:02.445   675   675 E Environment: getVolumePath: sPrimaryVolume is null, return /storage/sdcard1
11-21 13:59:02.567   596   596 D libEGL  : loaded /system/lib/egl/libEGL_mali.so
11-21 13:59:02.576   596   596 D libEGL  : loaded /system/lib/egl/libGLESv1_CM_mali.so
11-21 13:59:02.581   596   596 D libEGL  : loaded /system/lib/egl/libGLESv2_mali.so
11-21 13:59:02.611   480   480 I SkWMTJdec: WonderMedia H/W JPEG Library (built: Nov 12 2013 11:30:17): Tid=480
11-21 13:59:02.632    80    80 W BufferQueue: freeAllBuffersLocked called but mQueue is not empty
11-21 13:59:02.686   596   596 D OpenGLRenderer: Enabling debug mode 0
11-21 13:59:02.805   396   411 I ActivityManager: Displayed com.android.launcher/com.android.launcher2.Launcher: +3s84ms
11-21 13:59:02.825   234   234 D FFPlayer: player->isPlaying() return false
11-21 13:59:02.825   234   234 D FFPlayer: Seek to 8000 miliseconds for looping
11-21 13:59:02.826    83   341 D FFPlayer: seekTo 8000 ms, seekId=5...
11-21 13:59:02.827    83   364 E FFPlayer: (41dab170/41d8c008) av_read_frame return 0xDFB9B0BB, 0x20464F45/541478725=EOF , seekTime=-1
11-21 13:59:03.005   480   480 E SkWMTJdec: wmt_jdec_decode_loop fail (filesize: 1525356, ret: -1)
11-21 13:59:03.047   480   480 D dalvikvm: GC_FOR_ALLOC freed 29K, 5% free 5453K/5688K, paused 42ms, total 42ms
11-21 13:59:03.083   480   480 I dalvikvm-heap: Grow heap (frag case) to 11.459MB for 6410576-byte allocation
11-21 13:59:03.141   480   486 D dalvikvm: GC_CONCURRENT freed 4K, 3% free 11709K/11952K, paused 4ms+4ms, total 57ms
11-21 13:59:03.146   596   603 D dalvikvm: GC_CONCURRENT freed 176K, 4% free 4880K/5084K, paused 2ms+5ms, total 40ms
11-21 13:59:03.195   396   409 D Tethering: Tethering got CONNECTIVITY_ACTION
11-21 13:59:03.196   396   459 D Tethering: MasterInitialState.processMessage what=3
11-21 13:59:03.199   396   569 D SystemClock: Setting time of day to sec=1385013543
11-21 13:59:03.665   693   693 I dalvikvm: !!!!!mountMode is 2
11-21 13:59:03.668   693   693 D dalvikvm: Late-enabling CheckJNI
11-21 13:59:03.671   396   413 I ActivityManager: Start proc com.lenovo.vctl for broadcast com.lenovo.vctl/.NetworkBroadcastReceiver: pid=693 uid=10030 gids={50030, 3002, 1015, 1006, 3003, 1028}
11-21 13:59:03.685   396   409 V DevicePolicyManagerService: Sending password expiration notifications for action android.intent.action.BOOT_COMPLETED for user 0
11-21 13:59:03.706   703   703 I dalvikvm: !!!!!mountMode is 2
11-21 13:59:03.727   396   561 I ActivityManager: Start proc com.android.phone for content provider com.android.providers.telephony/.TelephonyProvider: pid=703 uid=1001 gids={41001, 1015, 1028}
11-21 13:59:03.728   693   693 I dalvikvm: Turning on JNI app bug workarounds for target SDK version 10...
11-21 13:59:03.729   396   409 I Ethernet: Found eth0:fe80000000000000024063fffe05b121 03 40 20 80     eth0
11-21 13:59:03.741   396   409 V WiredAccessoryManager: init()
11-21 13:59:03.743   396   409 V WiredAccessoryManager: newName=hdmi newState=16 headsetState=16 prev headsetState=0
11-21 13:59:03.747   396   409 V WiredAccessoryManager: device hdmi connected
11-21 13:59:03.768    83   343 E WVMExtractor: Failed to open libwvm.so
11-21 13:59:03.778   693   693 E Trace   : error opening trace file: No such file or directory (2)
11-21 13:59:03.821   703   703 E Trace   : error opening trace file: No such file or directory (2)
11-21 13:59:03.848    83   341 E WVMExtractor: Failed to open libwvm.so
11-21 13:59:03.859   703   703 I ActivityThread: Pub mms: com.android.providers.telephony.MmsProvider
11-21 13:59:03.888   703   703 I ActivityThread: Pub sms: com.android.providers.telephony.SmsProvider
11-21 13:59:03.894   703   703 I ActivityThread: Pub telephony: com.android.providers.telephony.TelephonyProvider
11-21 13:59:03.906   396   411 W WindowManager: Window freeze timeout expired.
11-21 13:59:03.906   396   411 W WindowManager: Force clearing orientation change: Window{41d422e0 u0 SystemBar}
11-21 13:59:03.906   396   411 W WindowManager: Force clearing orientation change: Window{41d6e3a8 u0 com.android.systemui.ImageWallpaper}
11-21 13:59:03.924    83   342 E WVMExtractor: Failed to open libwvm.so
11-21 13:59:03.925    90    90 I ril3g   : 3g_server start init
11-21 13:59:04.048    83    83 E WVMExtractor: Failed to open libwvm.so
11-21 13:59:04.079   703   703 W TelephonyProvider: onCreate: confFile=/system/etc/apns-conf.xml oldCheckSum=-1
11-21 13:59:04.082   703   703 D TelephonyManager: getLteOnCdmaMode=0 curVal=-1 product_type='' lteOnCdmaProductType=''
11-21 13:59:04.083   703   703 I ActivityThread: Pub mms-sms: com.android.providers.telephony.MmsSmsProvider
11-21 13:59:04.123   693   693 I NetworkBroadcastReceiver: ==========network=reopen==================
11-21 13:59:04.130    83   341 E WVMExtractor: Failed to open libwvm.so
11-21 13:59:04.144   747   747 I dalvikvm: !!!!!mountMode is 2
11-21 13:59:04.152   747   747 D dalvikvm: Late-enabling CheckJNI
11-21 13:59:04.160   396   406 I ActivityManager: Start proc com.lenovo.vctl.weaver.alert for broadcast com.lenovo.videotalk/com.lenovo.vctl.weaver.service.NetworkBroadcastReceiver: pid=747 uid=10031 gids={50031, 3003, 3002, 1015, 1006, 1028}
11-21 13:59:04.274   703   725 D SQLiteOpenHelper: get write db : telephony.db
11-21 13:59:04.313   480   480 D dalvikvm: GC_FOR_ALLOC freed 1K, 3% free 11711K/11952K, paused 35ms, total 35ms
11-21 13:59:04.355   747   747 E Trace   : error opening trace file: No such file or directory (2)
11-21 13:59:04.398   480   480 I dalvikvm-heap: Grow heap (frag case) to 21.417MB for 10444816-byte allocation
11-21 13:59:04.408    83   342 W AudioPolicyManagerBase: checkOutputsForDevice(): No output available for device 0400
11-21 13:59:04.445   480   486 D dalvikvm: GC_CONCURRENT freed 0K, 2% free 21911K/22156K, paused 12ms+5ms, total 47ms
11-21 13:59:04.445   480   480 D dalvikvm: WAIT_FOR_CONCURRENT_GC blocked 35ms
11-21 13:59:04.878   747   747 I ActivityThread: Pub com.lenovo.vctl.weaver.content.flash.image: com.lenovo.vctl.weaver.db.ImageProvider
11-21 13:59:04.902   480   480 D libEGL  : loaded /system/lib/egl/libEGL_mali.so
11-21 13:59:04.912   480   480 D libEGL  : loaded /system/lib/egl/libGLESv1_CM_mali.so
11-21 13:59:04.920   480   480 D libEGL  : loaded /system/lib/egl/libGLESv2_mali.so
11-21 13:59:04.979    75   113 I /system/bin/fsck_msdos: ** Phase 4 - Checking for Lost Files
11-21 13:59:05.056    80    80 W BufferQueue: freeAllBuffersLocked called but mQueue is not empty
11-21 13:59:05.157    75   113 I /system/bin/fsck_msdos: Next free cluster in FSInfo block (109408) not free
11-21 13:59:05.157    75   113 I /system/bin/fsck_msdos: FIXED
11-21 13:59:05.158    75   113 I /system/bin/fsck_msdos: 9656 files, 450780 free (112695 clusters)
11-21 13:59:05.250   747   747 I ActivityThread: Pub com.lenovo.vctl.weaver.content.sd: com.lenovo.vctl.weaver.db.SdProvider
11-21 13:59:05.256   747   747 E Environment: getVolumePath: sPrimaryVolume is null, return /storage/sdcard1
11-21 13:59:05.256   747   747 E Environment: getVolumePath: sPrimaryVolume is null, return /storage/udisk
11-21 13:59:05.271   747   747 I ActivityThread: Pub com.lenovo.vctl.weaver.content.flash: com.lenovo.vctl.weaver.db.FlashProvider
11-21 13:59:05.418   747   747 D Weaver  : |NetworkBroadcastReceiver|TV net has connected!
11-21 13:59:05.452   480   480 I Choreographer: Skipped 210 frames!  The application may be doing too much work on its main thread.
11-21 13:59:05.473    75   113 I Vold    : Filesystem check completed OK
11-21 13:59:05.485    75   113 I Vold    : Device /dev/block/vold/179:1  target /storage/sdcard1 mounted @ /mnt/secure/staging
11-21 13:59:05.485    75   113 I Vold    : primaryStorage is 0, externalStorage is /storage/emulated/legacy
11-21 13:59:05.486    75   113 D Vold    : Volume sdcard state changing 3 (Checking) -> 4 (Mounted)
11-21 13:59:05.489   396   445 I MountService: onEvent:: raw= 605 Volume sdcard /storage/sdcard1 state changed from 3 (Checking) to 4 (Mounted) cooked =  605 Volume sdcard /storage/sdcard1 state changed from 3 (Checking) to 4 (Mounted)
11-21 13:59:05.489   396   445 I MountService: notifyVolumeStateChange::checking
11-21 13:59:05.489   396   445 I MountService: updating volume state mounted
11-21 13:59:05.489   396   445 D MountService: volume state changed for /storage/sdcard1 (checking -> mounted)
11-21 13:59:05.493   396   445 D MountService: sendStorageIntent Intent { act=android.intent.action.MEDIA_MOUNTED dat=file:///storage/sdcard1 (has extras) } to UserHandle{-1}
11-21 13:59:05.495   396   443 E VoldConnector: NDC Command {3 volume mount /storage/sdcard1} took too long (6252ms)
11-21 13:59:05.496   396   443 W MountService: Duplicate state transition (mounted -> mounted) for /storage/emulated/0
11-21 13:59:05.509   675   675 E Environment: getVolumePath: sPrimaryVolume is null, return /storage/sdcard1
11-21 13:59:05.519    80   395 I SurfaceFlinger: Boot is finished (30420 ms)
11-21 13:59:05.529   234   234 D FFPlayer: isBootanimExit return 1
11-21 13:59:05.530    83   343 E FFPlayer: (41dab170/41d8c008) stop called
11-21 13:59:05.531    83   342 D FFPlayer: Enter close ...
11-21 13:59:05.542   780   780 I dalvikvm: !!!!!mountMode is 2
11-21 13:59:05.549   396   407 I ActivityManager: Start proc com.ota.update.service for broadcast com.ota.update.service/.Receiver: pid=780 uid=10000 gids={50000, 3003, 1015, 1028, 2001}
11-21 13:59:05.554   396   411 I ActivityManager: Config changed: {1.0 ?mcc?mnc zh_CN ldltr sw720dp w1280dp h672dp 160dpi lrg long land finger -keyb/v/h dpad/v s.5}
11-21 13:59:05.565   747   747 D Weaver  : |SipService|Service create......
11-21 13:59:05.613    83   364 D FFPlayer: inputProc thread exited
11-21 13:59:05.613    83   342 D FFPlayer: Leave close.
11-21 13:59:05.614    83   341 D FFPlayer: Enter close ...
11-21 13:59:05.614    83   341 D FFPlayer: Leave close.
11-21 13:59:05.616    83   341 D FFPlayer: Enter close ...
11-21 13:59:05.616    83   341 D FFPlayer: Leave close.
11-21 13:59:05.628    83   341 I FFPlayer: (41dab170/41d8c008) FFPlayer deleted, Count = 0, del timer
11-21 13:59:05.684   396   413 W Process : Unable to open /proc/234/status
11-21 13:59:05.702   396   424 I PowerManagerService: Boot animation finished.
11-21 13:59:05.726   396   413 E NotificationService: Ignoring notification with icon==0: Notification(pri=0 contentView=null vibrate=null sound=null defaults=0x0 flags=0x62 kind=[null])
11-21 13:59:05.747   780   780 E Trace   : error opening trace file: No such file or directory (2)
11-21 13:59:05.781   480   480 D TabletStatusBar:  newState = 1 mBarViewState = 1
11-21 13:59:05.782   480   657 I StorageNotification: Media {/storage/sdcard1} state changed from {checking} -> {mounted}
11-21 13:59:05.784   480   657 I StorageNotification: UMS connection changed to false (media state mounted)
11-21 13:59:05.784   480   657 V AlarmAlertWakeLock: Releasing wake lock
11-21 13:59:05.800   396   399 D dalvikvm: GC_CONCURRENT freed 315K, 6% free 6091K/6440K, paused 23ms+5ms, total 148ms
11-21 13:59:05.803   747   747 I Weaver  : |AccountLogoManager|Check update for default logos...
11-21 13:59:05.804   747   747 D Weaver  : |ImageProvider|Modify image on flash image DB. table:default_account_image
11-21 13:59:05.805   747   747 D SQLiteOpenHelper: get write db : image.db
11-21 13:59:05.864   747   747 I Weaver  : |ImageProvider|update2 in ImageProvider.
11-21 13:59:05.864   747   747 D Weaver  : |ImageProvider|Query image from flash image DB. table:default_account_image
11-21 13:59:05.890   747   747 D Weaver  : |ImageProvider|cursor.getCount:0
11-21 13:59:05.891   747   747 I Weaver  : |AccountLogoManager|Check update for default logos END. result:-1
11-21 13:59:05.891   747   747 E Weaver  : |SipService|Is Create:true
11-21 13:59:05.891   747   747 D Weaver  : |SipService|Weaver alert service start......
