11-21 13:58:33.089    84    84 I installd: installd firing up
11-21 13:58:33.259    79    79 I DEBUG   : debuggerd: Nov 12 2013 11:21:34
11-21 13:58:33.287    75    75 I Vold    : Vold 2.1 (the revenge) firing up
11-21 13:58:33.337    75    75 D Vold    : Volume sdcard state changing -1 (Initializing) -> 0 (No-Media)
11-21 13:58:33.337    75    75 D Vold    : Volume udisk state changing -1 (Initializing) -> 0 (No-Media)
11-21 13:58:33.375    75   112 D DirectVolume: first udisk add
11-21 13:58:33.375    75   112 D DirectVolume: Dv::diskIns - waiting for 1 partitions (mask 0x2)
11-21 13:58:33.375    75   112 D Vold    : Volume sdcard state changing 0 (No-Media) -> 2 (Pending)
11-21 13:58:33.377    75   112 D DirectVolume: Dv:partAdd: part_num = 1, minor = 1
11-21 13:58:33.377    75   112 D DirectVolume: Dv:partAdd: Got all partitions - ready to rock!
11-21 13:58:33.377    75   112 D Vold    : Volume sdcard state changing 2 (Pending) -> 1 (Idle-Unmounted)
11-21 13:58:33.396    98    98 D WMT_ENV : get syspara ethaddr
11-21 13:58:33.400   108   108 D WMT_ENV : get syspara memtotal
11-21 13:58:33.422    90    90 I ril3g   : 3g_server start
11-21 13:58:33.447    78    78 I Netd    : Netd 1.0 starting
11-21 13:58:33.491    78    78 W InterfaceController: Warning (Cannot load library: load_library(linker.cpp:745): library "/system/lib/libnetcmdiface.so" not found) while opening the net interface command library
11-21 13:58:33.582   115   115 D WMT_ENV : get syspara ethaddr
11-21 13:58:34.278   153   153 D WMT_ENV : get syspara wmt.io.touch
11-21 13:58:34.279   153   153 E WMT_ENV : MEMGETENV get wmt.io.touch error: 1 No such file or directory
11-21 13:58:34.650    80    80 I SurfaceFlinger: SurfaceFlinger is starting
11-21 13:58:34.650    80    80 D WMT_ENV : get syspara wmt.display.param
11-21 13:58:34.663    80    80 D WMT_ENV : get syspara wmt.unidisplay.overscan
11-21 13:58:34.683    80    80 I SurfaceFlinger: Unidisplay overscan initialized, 810mode=1, (0x0x0x0)
11-21 13:58:34.684    80   176 I SurfaceFlinger: SurfaceFlinger's main thread ready to run. Initializing graphics H/W...
11-21 13:58:35.362    80   176 D libEGL  : loaded /system/lib/egl/libEGL_mali.so
11-21 13:58:35.599    80   176 D libEGL  : loaded /system/lib/egl/libGLESv1_CM_mali.so
11-21 13:58:35.604    80   176 D libEGL  : loaded /system/lib/egl/libGLESv2_mali.so
11-21 13:58:35.703    80   176 D WMT_ENV : get syspara wmt.gralloc.param
11-21 13:58:35.716    80   176 I gralloc : wmt.gralloc.param=[32]
11-21 13:58:35.716    80   176 I [Gralloc]: using (fd=15)
11-21 13:58:35.716    80   176 I [Gralloc]: id           = gefb
11-21 13:58:35.716    80   176 I [Gralloc]: xres         = 1920 px
11-21 13:58:35.716    80   176 I [Gralloc]: yres         = 1080 px
11-21 13:58:35.716    80   176 I [Gralloc]: xres_virtual = 1920 px
11-21 13:58:35.716    80   176 I [Gralloc]: yres_virtual = 3240 px
11-21 13:58:35.716    80   176 I [Gralloc]: bpp          = 32
11-21 13:58:35.716    80   176 I [Gralloc]: r            = 16:8
11-21 13:58:35.716    80   176 I [Gralloc]: g            =  8:8
11-21 13:58:35.716    80   176 I [Gralloc]: b            =  0:8
11-21 13:58:35.717    80   176 I [Gralloc]: width        = 203 mm (240.236450 dpi)
11-21 13:58:35.717    80   176 I [Gralloc]: height       = 114 mm (240.631577 dpi)
11-21 13:58:35.717    80   176 I [Gralloc]: refresh rate = 59.16 Hz
11-21 13:58:35.822    80   176 D WMT_ENV : get syspara wmt.display.dual
11-21 13:58:35.833    80   176 D WMT_ENV : get syspara wmt.display.param
11-21 13:58:35.843    80   176 I hwcomposer: tvbox mode
11-21 13:58:35.844    80   176 I hwcomposer: attr->valid = 0, xres = 1920, yres = 1080, nonstd = 0, bits_per_pixel = 32
11-21 13:58:35.845    80   176 I hwcomposer: get attribute 1920x1080,bpp 32,dpi(240000.000000,240000.000000),colfmt 6
11-21 13:58:35.845    80   176 I hwcomposer: VOUT 4 plugin
11-21 13:58:35.846    80   176 D hwcomposer: {wmt_hwc_enable_ext_display} vmode num = 20
11-21 13:58:35.846    80   176 D hwcomposer: choosedHdmiCfg 1920x1080@60,1920x1080@50,1280x720@60,1280x720@50,720x480@60
11-21 13:58:35.890    81    81 D AndroidRuntime: 
11-21 13:58:35.890    81    81 D AndroidRuntime: >>>>>> AndroidRuntime START com.android.internal.os.ZygoteInit <<<<<<
11-21 13:58:35.890    81    81 D AndroidRuntime: CheckJNI is OFF
11-21 13:58:35.894    80   176 D hwcomposer: HDMI TV support 20 kinds, choice 1920x1080
11-21 13:58:35.895    80   176 D WMT_ENV : get syspara wmt.display.param
11-21 13:58:36.013    80   176 I hwcomposer: HDMI plugin detect
11-21 13:58:36.013    80   176 I hwcomposer: attr->valid = 0, xres = 1920, yres = 1080, nonstd = 0, bits_per_pixel = 32
11-21 13:58:36.014    80   176 I hwcomposer: get attribute 1920x1080,bpp 32,dpi(240000.000000,240000.000000),colfmt 6
11-21 13:58:36.014    80   176 I hwcomposer: Initializing vsync thread
11-21 13:58:36.015    80   176 I hwcomposer: Initializing scale thread
11-21 13:58:36.015    80   176 I hwcomposer: hwc_device_open end 0
11-21 13:58:36.015    80   176 I SurfaceFlinger: Using composer version 1.1
11-21 13:58:36.015    80   176 I hwcomposer: get config : disp 0,ret 0
11-21 13:58:36.015    80   176 I hwcomposer: attr->valid = 1, xres = 1920, yres = 1080, nonstd = 0, bits_per_pixel = 32
11-21 13:58:36.015    80   176 I hwcomposer: get attr : disp 0, xres 1920
11-21 13:58:36.015    80   176 I hwcomposer: get attr : disp 0, yres 1080
11-21 13:58:36.015    80   176 I hwcomposer: get attr : disp 0, xdpi 160000
11-21 13:58:36.015    80   229 I hwcomposer: [wmt] hwc use hw vsync
11-21 13:58:36.015    80   176 I hwcomposer: get attr : disp 0, ydpi 160000
11-21 13:58:36.015    80   176 I hwcomposer: get config : disp 1,ret -22
11-21 13:58:36.018    80   229 E Trace   : error opening trace file: No such file or directory (2)
11-21 13:58:36.018    80   229 W SurfaceFlinger: WARNING: EventThread not started, ignoring vsync
11-21 13:58:36.018    80   229 W SurfaceFlinger: WARNING: EventThread not started, ignoring vsync
11-21 13:58:36.019    80   176 E SurfaceFlinger: HWComposer: framebufferTarget is null
11-21 13:58:36.020    80   176 I SurfaceFlinger: DisplayDevice::setViewportAndProjection: 0, 1920, 0, 1080
11-21 13:58:36.020    80   176 I SurfaceFlinger: EGL informations:
11-21 13:58:36.020    80   176 I SurfaceFlinger: vendor    : Android
11-21 13:58:36.020    80   176 I SurfaceFlinger: version   : 1.4 Android META-EGL
11-21 13:58:36.020    80   176 I SurfaceFlinger: extensions: EGL_KHR_image EGL_KHR_image_base EGL_KHR_image_pixmap EGL_KHR_gl_texture_2D_image EGL_KHR_gl_texture_cubemap_image EGL_KHR_gl_renderbuffer_image EGL_KHR_fence_sync EGL_EXT_create_context_robustness EGL_ANDROID_image_native_buffer 
11-21 13:58:36.020    80   176 I SurfaceFlinger: Client API: OpenGL_ES
11-21 13:58:36.020    80   176 I SurfaceFlinger: EGLSurface: 8-8-8-8, config=0x60000014
11-21 13:58:36.020    80   176 I SurfaceFlinger: OpenGL ES informations:
11-21 13:58:36.020    80   176 I SurfaceFlinger: vendor    : ARM
11-21 13:58:36.020    80   176 I SurfaceFlinger: renderer  : Mali-400 MP
11-21 13:58:36.020    80   176 I SurfaceFlinger: version   : OpenGL ES-CM 1.1
11-21 13:58:36.020    80   176 I SurfaceFlinger: extensions: GL_EXT_debug_marker GL_OES_byte_coordinates GL_OES_fixed_point GL_OES_single_precision GL_OES_matrix_get GL_OES_read_format GL_OES_compressed_paletted_texture GL_OES_point_size_array GL_OES_point_sprite GL_OES_texture_npot GL_OES_query_matrix GL_OES_matrix_palette GL_OES_extended_matrix_palette GL_OES_compressed_ETC1_RGB8_texture GL_OES_EGL_image GL_OES_draw_texture GL_OES_depth_texture GL_OES_packed_depth_stencil GL_EXT_texture_format_BGRA8888 GL_OES_framebuffer_object GL_OES_stencil8 GL_OES_depth24 GL_ARM_rgba8 GL_OES_EGL_image_external GL_OES_EGL_sync GL_OES_rgb8_rgba8 GL_EXT_multisampled_render_to_texture GL_OES_texture_cube_map GL_EXT_discard_framebuffer GL_EXT_robustness GL_OES_depth_texture_cube_map 
11-21 13:58:36.020    80   176 I SurfaceFlinger: GL_MAX_TEXTURE_SIZE = 4096
11-21 13:58:36.020    80   176 I SurfaceFlinger: GL_MAX_VIEWPORT_DIMS = 4096 x 4096
11-21 13:58:36.034    80   229 W SurfaceFlinger: WARNING: EventThread not started, ignoring vsync
11-21 13:58:36.039    80   176 D SurfaceFlinger: Screen acquired, type=0 flinger=0x40fe2318
11-21 13:58:36.051    80   176 D SurfaceFlinger: Ignore first eventReceiver DISPLAY_EVENT_VSYNC 
11-21 13:58:37.060    83    83 I mediaserver: ServiceManager: 0x41930ec8
11-21 13:58:37.060    83    83 I AudioFlinger: Using default 3000 mSec as standby time.
11-21 13:58:37.775    78    78 V NatController: runCmd() buffer='/system/bin/iptables -F natctrl_FORWARD' res=0
11-21 13:58:37.788    78    78 V NatController: runCmd() buffer='/system/bin/iptables -t nat -F natctrl_nat_POSTROUTING' res=0
11-21 13:58:37.830    81    81 D dalvikvm: Trying to load lib libjavacore.so 0x0
11-21 13:58:37.848    83    83 D FFPlayer: FFPlayer preinit done build Nov  6 2013.
11-21 13:58:37.862    83    83 I CameraService: CameraService started (pid=83)
11-21 13:58:37.921    78    78 V NatController: runCmd() buffer='/system/bin/ip rule flush' res=0
11-21 13:58:37.940    78    78 V NatController: runCmd() buffer='/system/bin/ip -6 rule flush' res=0
11-21 13:58:37.947    78    78 V NatController: runCmd() buffer='/system/bin/ip rule add from all lookup default prio 32767' res=0
11-21 13:58:37.949    81    81 D dalvikvm: Added shared lib libjavacore.so 0x0
11-21 13:58:37.966    78    78 V NatController: runCmd() buffer='/system/bin/ip rule add from all lookup main prio 32766' res=0
11-21 13:58:37.984    78    78 V NatController: runCmd() buffer='/system/bin/ip -6 rule add from all lookup default prio 32767' res=512
11-21 13:58:37.989    83    83 D WMT_ENV : get syspara wmt.camera.param
11-21 13:58:37.990    78    78 V NatController: runCmd() buffer='/system/bin/ip -6 rule add from all lookup main prio 32766' res=512
11-21 13:58:37.995    78    78 V NatController: runCmd() buffer='/system/bin/ip route flush cache' res=0
11-21 13:58:37.995    78    78 V BandwidthController: runCommands(): 7 commands
11-21 13:58:37.995    78    78 V BandwidthController: runIpxtablesCmd(cmd=-F bw_INPUT)
11-21 13:58:38.003    83    83 D CameraFactory: Camera Env #0: type 2, gpio -1, pol 0, mirror 0, cap 0
11-21 13:58:38.016    78    78 V BandwidthController: runIpxtablesCmd(cmd=-F bw_OUTPUT)
11-21 13:58:38.033    83    83 I AudioPolicyManagerBase: loadAudioPolicyConfig() loaded /system/etc/audio_policy.conf
11-21 13:58:38.034    78    78 V BandwidthController: runIpxtablesCmd(cmd=-F bw_FORWARD)
11-21 13:58:38.057    83    83 D audio_hw_primary: getAudioHardware ret [MONOMIX=[0,0],USBMIC=[1],AMPCTRL=[0,0,0,0],HSMICCTRL=[0,0,0,0]=]
11-21 13:58:38.057    83    83 D audio_hw_primary: ngfmctl: 0 , 0, 0
11-21 13:58:38.057    83    83 D audio_hw_primary: getAudioHardware2 ret []
11-21 13:58:38.057    83    83 D audio_hw_primary: getAudioCallVolume ret []
11-21 13:58:38.057    83    83 D audio_hw_primary: getAudioVolume ret[]
11-21 13:58:38.057    83    83 D audio_hw_primary: getAudioBtsco ret[]
11-21 13:58:38.057    83    83 I AudioFlinger: loadHwModule() Loaded primary audio interface from WMT audio(VT1603) HW HAL (audio) handle 1
11-21 13:58:38.057    83    83 D audio_hw_primary: <<< adev_open_output_stream pass from audioflinger format 1, channel 3, sr 48000
11-21 13:58:38.057    83    83 D audio_hw_primary: <<< adev_open_output_stream pass back to audioflinger format 1, channel 3, sr 48000
11-21 13:58:38.057    83    83 I AudioFlinger: HAL output buffer size 1024 frames, normal mix buffer size 1024 frames
11-21 13:58:38.059    78    78 V BandwidthController: runIpxtablesCmd(cmd=-F penalty_box)
11-21 13:58:38.071    78    78 E BandwidthController: runIptablesCmd(): failed /system/bin/iptables -F penalty_box res=256
11-21 13:58:38.115    78    78 E BandwidthController: runIptablesCmd(): failed /system/bin/ip6tables -F penalty_box res=256
11-21 13:58:38.115    78    78 V BandwidthController: runIpxtablesCmd(cmd=-F costly_shared)
11-21 13:58:38.128    78    78 E BandwidthController: runIptablesCmd(): failed /system/bin/iptables -F costly_shared res=256
11-21 13:58:38.156    78    78 E BandwidthController: runIptablesCmd(): failed /system/bin/ip6tables -F costly_shared res=256
11-21 13:58:38.156    78    78 V BandwidthController: runIpxtablesCmd(cmd=-t raw -F bw_raw_PREROUTING)
11-21 13:58:38.176    83    83 I AudioMixer: found effect "Multichannel Downmix To Stereo" from The Android Open Source Project
11-21 13:58:38.177    83    83 I AudioFlinger: Using module 1 has the primary audio interface
11-21 13:58:38.178    83   337 I AudioFlinger: AudioFlinger's thread 0x41d9d010 ready to run
11-21 13:58:38.179    83   337 W AudioFlinger: Thread AudioOut_2 cannot connect to the power manager service
11-21 13:58:38.179    78    78 V BandwidthController: runIpxtablesCmd(cmd=-t mangle -F bw_mangle_POSTROUTING)
11-21 13:58:38.198    83    83 I r_submix: adev_open(name=audio_hw_if)
11-21 13:58:38.198    83    83 I r_submix: adev_init_check()
11-21 13:58:38.198    83    83 I AudioFlinger: loadHwModule() Loaded r_submix audio interface from Wifi Display audio HAL (audio) handle 3
11-21 13:58:38.207    78    78 V BandwidthController: runCommands(): 2 commands
11-21 13:58:38.207    78    78 V BandwidthController: runIpxtablesCmd(cmd=-X penalty_box)
11-21 13:58:38.217    83    83 I audio_a2dp_hw: adev_open:  adev_open in A2dp_hw module
11-21 13:58:38.217    83    83 I AudioFlinger: loadHwModule() Loaded a2dp audio interface from A2DP Audio HW HAL (audio) handle 4
11-21 13:58:38.217    83    83 I AudioPolicyService: Loaded audio policy from LEGACY Audio Policy HAL (audio_policy)
11-21 13:58:38.220    83   337 W AudioFlinger: Thread AudioOut_2 cannot connect to the power manager service
11-21 13:58:38.220   234   234 D FFPlayer: FFPlayer bootanim args: loop 8000,w:-1,h:-1,audio:0
11-21 13:58:38.221    78    78 E BandwidthController: runIptablesCmd(): failed /system/bin/iptables -X penalty_box res=256
11-21 13:58:38.235    78    78 E BandwidthController: runIptablesCmd(): failed /system/bin/ip6tables -X penalty_box res=256
11-21 13:58:38.235    78    78 V BandwidthController: runIpxtablesCmd(cmd=-X costly_shared)
11-21 13:58:38.250    78    78 E BandwidthController: runIptablesCmd(): failed /system/bin/iptables -X costly_shared res=256
11-21 13:58:38.263    78    78 E BandwidthController: runIptablesCmd(): failed /system/bin/ip6tables -X costly_shared res=256
11-21 13:58:38.263    78    78 V BandwidthController: runCommands(): 2 commands
11-21 13:58:38.263    78    78 V BandwidthController: runIpxtablesCmd(cmd=-N costly_shared)
11-21 13:58:38.294    78    78 V BandwidthController: runIpxtablesCmd(cmd=-N penalty_box)
11-21 13:58:38.320    78    78 V BandwidthController: runCommands(): 7 commands
11-21 13:58:38.320    78    78 V BandwidthController: runIpxtablesCmd(cmd=-F bw_INPUT)
11-21 13:58:38.334    81    81 D dalvikvm: Trying to load lib libnativehelper.so 0x0
11-21 13:58:38.334    81    81 D dalvikvm: Added shared lib libnativehelper.so 0x0
11-21 13:58:38.354    78    78 V BandwidthController: runIpxtablesCmd(cmd=-F bw_OUTPUT)
11-21 13:58:38.395    78    78 V BandwidthController: runIpxtablesCmd(cmd=-F bw_FORWARD)
11-21 13:58:38.432    78    78 V BandwidthController: runIpxtablesCmd(cmd=-F penalty_box)
11-21 13:58:38.469    78    78 V BandwidthController: runIpxtablesCmd(cmd=-F costly_shared)
11-21 13:58:38.487    83    83 E WVMExtractor: Failed to open libwvm.so
11-21 13:58:38.489    83    83 I FFPlayer: (41dab170/41d8c008) FFPlayer created, Count = 1, create timer
11-21 13:58:38.489    83    83 D FFPlayer: Enter close ...
11-21 13:58:38.489    83    83 D FFPlayer: Leave close.
11-21 13:58:38.491    83   342 D MediaPlayerService: VOOMAdj 7FFFFFFF => 40000000 for priority 40000000, adj -1
11-21 13:58:38.492    83   364 I FFPlayer: (41dab170/41d8c008) Open file: fd://18,0,1587601
11-21 13:58:38.492    83   364 I FFPlayer: (41dab170/41d8c008)    => /system/wmtapp/bootanimation/boot.mov
11-21 13:58:38.502    78    78 V BandwidthController: runIpxtablesCmd(cmd=-t raw -F bw_raw_PREROUTING)
11-21 13:58:38.559    78    78 V BandwidthController: runIpxtablesCmd(cmd=-t mangle -F bw_mangle_POSTROUTING)
11-21 13:58:38.595    78    78 V BandwidthController: runCommands(): 7 commands
11-21 13:58:38.595    78    78 V BandwidthController: runIpxtablesCmd(cmd=-A bw_INPUT -i lo --jump RETURN)
11-21 13:58:38.630    78    78 V BandwidthController: runIpxtablesCmd(cmd=-A bw_INPUT -m owner --socket-exists)
11-21 13:58:38.651    78    78 V BandwidthController: runIpxtablesCmd(cmd=-A bw_OUTPUT -o lo --jump RETURN)
11-21 13:58:38.677    78    78 V BandwidthController: runIpxtablesCmd(cmd=-A bw_OUTPUT -m owner --socket-exists)
11-21 13:58:38.707    78    78 V BandwidthController: runIpxtablesCmd(cmd=-A costly_shared --jump penalty_box)
11-21 13:58:38.737    78    78 V BandwidthController: runIpxtablesCmd(cmd=-t raw -A bw_raw_PREROUTING ! -i lo+ -m owner --socket-exists)
11-21 13:58:38.769    78    78 V BandwidthController: runIpxtablesCmd(cmd=-t mangle -A bw_mangle_POSTROUTING ! -o lo+ -m owner --socket-exists)
11-21 13:58:38.804    78   390 D MDnsDS  : MDnsSdListener starting to monitor
11-21 13:58:38.805    78   390 D MDnsDS  : Going to poll with pollCount 1
11-21 13:58:38.805    78    78 D MDnsDS  : MDnsSdListener::Hander starting up
11-21 13:58:38.808    83   364 E FFMPEG  : [MB-ERR] MB (22) get version error. Not a typewriter.
11-21 13:58:38.856    83   364 I VPUAPI  : [VDI] layout_size 48, maximum_instances 4, sizeof_CodecInst 4, layout_inited 1
11-21 13:58:38.856    83   364 I VPUAPI  : [VDI] instance pool physaddr=0x3a6bb000, virtaddr=0x42620000, base=0xf37bb000, size=123012
11-21 13:58:38.858    83   364 I VPUAPI  : [VDI] allocate_common_memory, physaddr=0x3a6da000, virtaddr=0x4263f000
11-21 13:58:38.858    83   364 I VPUAPI  : [VDI] vdi_get_common_memory physaddr=0x3a6da000, size=473088, virtaddr=0x4263f000
11-21 13:58:38.858    83   364 I VPUAPI  : [VDI] map vdb_register coreIdx=0, virtaddr=0x426b3000, size=16384
11-21 13:58:38.858    83   364 I VPUAPI  : [VDI] success to init driver 
11-21 13:58:38.871    83   364 I VPUAPI  : VPU coreNum : [0]
11-21 13:58:38.871    83   364 I VPUAPI  : Firmware Version => projectId : e820 | version : 0002.0003.00000010 | revision : r40392
11-21 13:58:38.871    83   364 I VPUAPI  : Hardware Version => 9500
11-21 13:58:38.871    83   364 I VPUAPI  : API Version => 0149, WMT Version => 1.01.00 (changeset: 34007)
11-21 13:58:38.871    83   364 I VPUAPI  : 
11-21 13:58:38.876    83   364 I VPUAPI  : [VDI] vdi_allocate_dma_memory, physaddr=0x0x3a74e000, virtaddr=0x0x426b7000, size=1048576
11-21 13:58:38.878    83   364 I VPUAPI  : [VDI] vdi_allocate_dma_memory, physaddr=0x0x3a84e000, virtaddr=0x0x427b7000, size=409600
11-21 13:58:38.972    83   364 E FFPlayer: mov,mp4,m4a,3gp,3g2,mj2:1 streams found,read 372503, break
11-21 13:58:38.980    83   364 E FFMPEG  : [MB-ERR] MB (22) get version error. Not a typewriter.
11-21 13:58:38.994    83   364 I VPUAPI  : [VDI] layout_size 48, maximum_instances 4, sizeof_CodecInst 4, layout_inited 1
11-21 13:58:38.994    83   364 I VPUAPI  : [VDI] instance pool physaddr=0x3a6bb000, virtaddr=0x42620000, base=0xf37bb000, size=123012
11-21 13:58:38.994    83   364 I VPUAPI  : [VDI] allocate_common_memory, physaddr=0x3a6da000, virtaddr=0x4263f000
11-21 13:58:38.994    83   364 I VPUAPI  : [VDI] vdi_get_common_memory physaddr=0x3a6da000, size=473088, virtaddr=0x4263f000
11-21 13:58:38.994    83   364 I VPUAPI  : [VDI] map vdb_register coreIdx=0, virtaddr=0x426b3000, size=16384
11-21 13:58:38.994    83   364 I VPUAPI  : [VDI] success to init driver 
11-21 13:58:39.007    83   364 I VPUAPI  : VPU coreNum : [0]
11-21 13:58:39.007    83   364 I VPUAPI  : Firmware Version => projectId : e820 | version : 0002.0003.00000010 | revision : r40392
11-21 13:58:39.007    83   364 I VPUAPI  : Hardware Version => 9500
11-21 13:58:39.007    83   364 I VPUAPI  : API Version => 0149, WMT Version => 1.01.00 (changeset: 34007)
11-21 13:58:39.007    83   364 I VPUAPI  : 
11-21 13:58:39.012    83   364 I VPUAPI  : [VDI] vdi_allocate_dma_memory, physaddr=0x0x3a74e000, virtaddr=0x0x426b7000, size=1048576
11-21 13:58:39.013    83   364 I VPUAPI  : [VDI] vdi_allocate_dma_memory, physaddr=0x0x3a84e000, virtaddr=0x0x427b7000, size=409600
11-21 13:58:39.016    83   364 I PTSFix  : Type(V) avtime 0,StartTime 0(0) usage add to 1
11-21 13:58:39.017    83   341 D MediaPlayerService: VOOMAdj 40000000 => 40000001 for priority FFFFFFFF, adj 1
11-21 13:58:39.017   234   346 W MediaPlayer: info/warning (3, 0)
11-21 13:58:39.020    83   342 E Trace   : error opening trace file: No such file or directory (2)
11-21 13:58:39.025   234   346 E Trace   : error opening trace file: No such file or directory (2)
11-21 13:58:39.139    80   233 D WmtEGL  : 0x45efe008 /system/bin/surfaceflinger queue size:1
11-21 13:58:39.595    83   364 E FFPlayer: (41dab170/41d8c008) av_read_frame return 0xDFB9B0BB, 0x20464F45/541478725=EOF , seekTime=-1
11-21 13:58:40.626    81    81 I SamplingProfilerIntegration: Profiling disabled.
11-21 13:58:40.648    81    81 I Zygote  : Preloading classes...
11-21 13:58:40.655    81    81 D dalvikvm: GC_EXPLICIT freed 36K, 9% free 420K/460K, paused 0ms+3ms, total 7ms
11-21 13:58:40.689    81    81 D dalvikvm: GC_EXPLICIT freed 4K, 5% free 490K/512K, paused 1ms+1ms, total 4ms
11-21 13:58:40.701    81    81 D dalvikvm: Note: class Landroid/app/ActivityManagerNative; has 156 unimplemented (abstract) methods
11-21 13:58:40.713    81    81 D dalvikvm: GC_EXPLICIT freed 21K, 5% free 530K/556K, paused 0ms+0ms, total 4ms
11-21 13:58:40.733    81    81 D dalvikvm: GC_EXPLICIT freed 27K, 6% free 557K/588K, paused 0ms+0ms, total 4ms
11-21 13:58:40.736    81    81 W Zygote  : Class not found for preloading: android.bluetooth.BluetoothAudioGateway
11-21 13:58:40.737    81    81 W Zygote  : Class not found for preloading: android.bluetooth.HeadsetBase
11-21 13:58:40.738    81    81 W Zygote  : Class not found for preloading: undroid.content.AbstractThreadedSyncAdapter$SyncThread
11-21 13:58:40.758    81    81 D dalvikvm: GC_EXPLICIT freed 23K, 5% free 607K/636K, paused 0ms+1ms, total 4ms
11-21 13:58:41.219    81    81 D dalvikvm: GC_EXPLICIT freed 26K, 5% free 635K/664K, paused 1ms+1ms, total 5ms
11-21 13:58:41.357    81    81 D dalvikvm: GC_EXPLICIT freed 60K, 8% free 736K/800K, paused 1ms+0ms, total 5ms
11-21 13:58:42.462    81    81 D dalvikvm: GC_EXPLICIT freed 31K, 5% free 761K/800K, paused 1ms+0ms, total 6ms
11-21 13:58:42.489    81    81 D TextLayoutCache: Using debug level = 0 - Debug Enabled = 0
11-21 13:58:42.503    81    81 D dalvikvm: GC_EXPLICIT freed 18K, 3% free 797K/820K, paused 1ms+0ms, total 7ms
11-21 13:58:42.624    81    81 I dalvikvm: threadid=1: recursive native library load attempt (/system/lib/libmedia_jni.so)
11-21 13:58:42.624    81    81 D MtpDeviceJNI: register_android_mtp_MtpDevice
11-21 13:58:42.624    81    81 I dalvikvm: threadid=1: recursive native library load attempt (/system/lib/libmedia_jni.so)
11-21 13:58:42.625    81    81 I dalvikvm: threadid=1: recursive native library load attempt (/system/lib/libmedia_jni.so)
11-21 13:58:42.642    81    81 I MediaFile: Fail to load media format file. java.io.FileNotFoundException: /system/wmtapp/mediaformatfilter: open failed: ENOENT (No such file or directory)
11-21 13:58:42.656    81    81 D dalvikvm: GC_EXPLICIT freed 17K, 3% free 837K/860K, paused 1ms+1ms, total 7ms
11-21 13:58:42.948    81    81 D dalvikvm: GC_FOR_ALLOC freed 214K, 16% free 1137K/1352K, paused 10ms, total 10ms
11-21 13:58:43.035    81    81 D dalvikvm: GC_EXPLICIT freed 268K, 18% free 1293K/1564K, paused 1ms+1ms, total 14ms
11-21 13:58:43.214    81    81 D dalvikvm: GC_EXPLICIT freed 29K, 16% free 1318K/1564K, paused 1ms+1ms, total 12ms
11-21 13:58:43.240    81    81 D dalvikvm: GC_EXPLICIT freed 12K, 12% free 1378K/1564K, paused 2ms+1ms, total 13ms
11-21 13:58:44.566    81    81 W Zygote  : Class not found for preloading: android.server.BluetoothA2dpService
11-21 13:58:44.567    81    81 W Zygote  : Class not found for preloading: android.server.BluetoothEventLoop
11-21 13:58:44.567    81    81 W Zygote  : Class not found for preloading: android.server.BluetoothService
11-21 13:58:44.569    81    81 D TelephonyManager: No /proc/cmdline exception=java.io.FileNotFoundException: /proc/cmdline: open failed: EACCES (Permission denied)
11-21 13:58:44.569    81    81 D TelephonyManager: /proc/cmdline=
11-21 13:58:44.649    81    81 D dalvikvm: GC_EXPLICIT freed 29K, 12% free 1414K/1596K, paused 1ms+1ms, total 12ms
11-21 13:58:44.715    81    81 D dalvikvm: GC_EXPLICIT freed 24K, 2% free 1719K/1748K, paused 2ms+2ms, total 17ms
11-21 13:58:44.725    81    81 W Zygote  : Class not found for preloading: android.util.LocaleUtil
11-21 13:58:44.752    81    81 D dalvikvm: GC_EXPLICIT freed 36K, 3% free 1753K/1792K, paused 2ms+2ms, total 19ms
11-21 13:58:44.798    81    81 D dalvikvm: GC_EXPLICIT freed 31K, 2% free 1776K/1812K, paused 2ms+1ms, total 19ms
11-21 13:58:44.835    81    81 W Zygote  : Class not found for preloading: android.view.ViewRootImpl$ResizedInfo
11-21 13:58:44.839    81    81 W Zygote  : Class not found for preloading: android.view.Window$LocalWindowManager
11-21 13:58:44.841    81    81 W Zygote  : Class not found for preloading: android.view.WindowManagerImpl$CompatModeWrapper
11-21 13:58:44.863    81    81 D dalvikvm: GC_EXPLICIT freed 30K, 2% free 1800K/1832K, paused 2ms+2ms, total 19ms
11-21 13:58:45.910    81    81 I dalvikvm: threadid=1: recursive native library load attempt (/system/lib/libwebcore.so)
11-21 13:58:45.910    81    81 D dalvikvm: No JNI_OnLoad found in /system/lib/libchromium_net.so 0x0, skipping init
11-21 13:58:45.948    81    81 D dalvikvm: GC_EXPLICIT freed 21K, 2% free 1833K/1856K, paused 2ms+2ms, total 19ms
11-21 13:58:46.107    81    81 D dalvikvm: GC_EXPLICIT freed 26K, 2% free 1861K/1888K, paused 2ms+1ms, total 20ms
11-21 13:58:46.236    81    81 D dalvikvm: GC_EXPLICIT freed 30K, 2% free 1891K/1924K, paused 2ms+1ms, total 20ms
11-21 13:58:46.364    81    81 D dalvikvm: GC_EXPLICIT freed 26K, 2% free 1919K/1948K, paused 1ms+2ms, total 19ms
11-21 13:58:46.429    81    81 D dalvikvm: GC_EXPLICIT freed 31K, 2% free 1942K/1976K, paused 2ms+2ms, total 19ms
11-21 13:58:46.458    81    81 D dalvikvm: GC_EXPLICIT freed 28K, 2% free 1968K/2000K, paused 2ms+2ms, total 20ms
11-21 13:58:46.495    81    81 D dalvikvm: GC_EXPLICIT freed 29K, 2% free 1995K/2028K, paused 2ms+1ms, total 21ms
11-21 13:58:46.527    81    81 D dalvikvm: GC_EXPLICIT freed 39K, 3% free 2012K/2056K, paused 2ms+2ms, total 19ms
11-21 13:58:46.533    81    81 W Zygote  : Class not found for preloading: java.text.DecimalFormat$1
11-21 13:58:46.562    81    81 D dalvikvm: GC_EXPLICIT freed 41K, 3% free 2026K/2072K, paused 2ms+1ms, total 20ms
11-21 13:58:46.566    81    81 W Zygote  : Class not found for preloading: java.util.concurrent.FutureTask$Sync
11-21 13:58:46.569    81    81 W Zygote  : Class not found for preloading: java.util.concurrent.atomic.UnsafeAccess
11-21 13:58:46.571    81    81 W Zygote  : Class not found for preloading: java.util.concurrent.locks.UnsafeAccess
11-21 13:58:46.594    81    81 D dalvikvm: GC_EXPLICIT freed 41K, 3% free 2039K/2084K, paused 2ms+2ms, total 20ms
11-21 13:58:46.598    81    81 W Zygote  : Class not found for preloading: libcore.icu.ErrorCode
11-21 13:58:46.873    81    81 I System  : Loaded time zone names for  in 275ms (270ms in ICU)
11-21 13:58:47.037    81    81 I System  : Loaded time zone names for en_US in 164ms (159ms in ICU)
11-21 13:58:47.217    81    81 D dalvikvm: GC_FOR_ALLOC freed 329K, 13% free 2221K/2552K, paused 22ms, total 22ms
11-21 13:58:47.230    81    81 I System  : Loaded time zone names for zh_CN in 193ms (187ms in ICU)
11-21 13:58:47.255    81    81 D dalvikvm: GC_EXPLICIT freed 155K, 16% free 2171K/2560K, paused 2ms+2ms, total 24ms
11-21 13:58:47.288    81    81 D dalvikvm: GC_EXPLICIT freed 15K, 13% free 2232K/2564K, paused 2ms+2ms, total 25ms
11-21 13:58:47.359    81    81 D dalvikvm: GC_EXPLICIT freed 52K, 12% free 2264K/2564K, paused 2ms+3ms, total 25ms
11-21 13:58:47.395    81    81 D dalvikvm: GC_EXPLICIT freed 29K, 11% free 2291K/2564K, paused 2ms+2ms, total 25ms
11-21 13:58:47.433    81    81 D dalvikvm: GC_EXPLICIT freed 38K, 11% free 2307K/2564K, paused 2ms+2ms, total 24ms
11-21 13:58:47.473    81    81 D dalvikvm: GC_EXPLICIT freed 32K, 10% free 2330K/2564K, paused 2ms+2ms, total 25ms
11-21 13:58:47.479    81    81 I Zygote  : ...preloaded 2541 classes in 6831ms.
11-21 13:58:47.505    81    81 D dalvikvm: GC_EXPLICIT freed 23K, 9% free 2334K/2564K, paused 2ms+2ms, total 25ms
11-21 13:58:47.505    81    81 I Zygote  : Preloading resources...
11-21 13:58:47.585    81    81 D dalvikvm: GC_EXPLICIT freed 2K, 9% free 2385K/2604K, paused 2ms+2ms, total 24ms
11-21 13:58:47.625    81    81 D dalvikvm: GC_EXPLICIT freed 4K, 9% free 2434K/2652K, paused 2ms+3ms, total 25ms
11-21 13:58:47.672    81    81 D dalvikvm: GC_EXPLICIT freed 5K, 8% free 2482K/2684K, paused 2ms+2ms, total 26ms
11-21 13:58:47.711    81    81 D dalvikvm: GC_EXPLICIT freed 5K, 8% free 2532K/2732K, paused 2ms+2ms, total 25ms
11-21 13:58:47.752    81    81 D dalvikvm: GC_EXPLICIT freed 4K, 7% free 2580K/2772K, paused 2ms+2ms, total 25ms
11-21 13:58:47.810    81    81 D dalvikvm: WAIT_FOR_CONCURRENT_GC blocked 1ms
11-21 13:58:47.836    81    81 D dalvikvm: GC_EXPLICIT freed 6K, 7% free 2629K/2816K, paused 2ms+2ms, total 26ms
11-21 13:58:47.909    81    81 D dalvikvm: GC_EXPLICIT freed 5K, 7% free 2677K/2856K, paused 2ms+3ms, total 24ms
11-21 13:58:47.948    81    81 D dalvikvm: GC_EXPLICIT freed 5K, 6% free 2724K/2888K, paused 2ms+2ms, total 25ms
11-21 13:58:48.002    81    81 D dalvikvm: GC_EXPLICIT freed 8K, 5% free 2807K/2952K, paused 2ms+2ms, total 27ms
11-21 13:58:48.042    81    81 D dalvikvm: GC_EXPLICIT freed 6K, 5% free 2859K/2996K, paused 2ms+2ms, total 27ms
11-21 13:58:48.087    81    81 D dalvikvm: GC_EXPLICIT freed 6K, 5% free 2905K/3032K, paused 2ms+2ms, total 27ms
11-21 13:58:48.133    81    81 D dalvikvm: GC_EXPLICIT freed 5K, 4% free 2953K/3076K, paused 2ms+2ms, total 30ms
11-21 13:58:48.185    81    81 D dalvikvm: GC_EXPLICIT freed 2K, 4% free 3252K/3380K, paused 2ms+3ms, total 32ms
11-21 13:58:48.219    81    81 D dalvikvm: GC_EXPLICIT freed 1K, 4% free 3303K/3428K, paused 2ms+2ms, total 26ms
11-21 13:58:48.276    81    81 D dalvikvm: GC_EXPLICIT freed 2K, 4% free 3371K/3488K, paused 2ms+2ms, total 25ms
11-21 13:58:48.320    81    81 D dalvikvm: GC_EXPLICIT freed 4K, 4% free 3691K/3808K, paused 2ms+3ms, total 27ms
11-21 13:58:48.366    81    81 D dalvikvm: GC_EXPLICIT freed 9K, 2% free 3738K/3812K, paused 2ms+2ms, total 28ms
11-21 13:58:48.428    81    81 D dalvikvm: GC_EXPLICIT freed 12K, 2% free 3778K/3852K, paused 2ms+2ms, total 27ms
11-21 13:58:48.480    81    81 D dalvikvm: GC_EXPLICIT freed 6K, 2% free 3827K/3884K, paused 2ms+2ms, total 27ms
11-21 13:58:48.551    81    81 D dalvikvm: GC_EXPLICIT freed 6K, 2% free 3875K/3936K, paused 2ms+2ms, total 27ms
11-21 13:58:48.586    81    81 D dalvikvm: GC_EXPLICIT freed 2K, 2% free 3927K/3984K, paused 2ms+2ms, total 28ms
11-21 13:58:48.624    81    81 D dalvikvm: GC_EXPLICIT freed 8K, 2% free 3971K/4024K, paused 3ms+2ms, total 28ms
11-21 13:58:48.634    81    81 W Resources: Preloaded drawable resource #0x1080296 (android:drawable/ic_ab_back_holo_dark) that varies with configuration!!
11-21 13:58:48.635    81    81 W Resources: Preloaded drawable resource #0x1080297 (android:drawable/ic_ab_back_holo_light) that varies with configuration!!
11-21 13:58:48.665    81    81 D dalvikvm: GC_EXPLICIT freed 9K, 1% free 4017K/4056K, paused 2ms+3ms, total 27ms
11-21 13:58:48.700    81    81 D dalvikvm: GC_EXPLICIT freed 4K, 1% free 4063K/4104K, paused 2ms+3ms, total 27ms
11-21 13:58:48.755    81    81 D dalvikvm: GC_EXPLICIT freed 2K, 1% free 4112K/4152K, paused 2ms+3ms, total 27ms
11-21 13:58:48.774    81    81 I Zygote  : ...preloaded 276 resources in 1268ms.
11-21 13:58:48.818    81    81 D dalvikvm: GC_EXPLICIT freed 11K, 1% free 4156K/4176K, paused 2ms+3ms, total 28ms
11-21 13:58:48.823    81    81 I Zygote  : ...preloaded 31 resources in 50ms.
11-21 13:58:48.853    81    81 D dalvikvm: GC_EXPLICIT freed 13K, 1% free 4154K/4176K, paused 3ms+2ms, total 29ms
11-21 13:58:48.884    81    81 D dalvikvm: GC_EXPLICIT freed 4K, 1% free 4150K/4176K, paused 4ms+3ms, total 31ms
11-21 13:58:48.913    81    81 D dalvikvm: GC_EXPLICIT freed 1K, 1% free 4149K/4176K, paused 2ms+3ms, total 28ms
11-21 13:58:48.925    81    81 I dalvikvm: System server process 396 has been created
11-21 13:58:48.930    81    81 I Zygote  : Accepting command socket connections
11-21 13:58:49.082   396   396 D BatteryService: debug level = 0.
11-21 13:58:49.354   396   396 E BatteryService: acOnlinePath not found
11-21 13:58:49.354   396   396 E BatteryService: usbOnlinePath not found
11-21 13:58:49.354   396   396 E BatteryService: wirelessOnlinePath not found
11-21 13:58:49.354   396   396 E BatteryService: batteryStatusPath not found
11-21 13:58:49.354   396   396 E BatteryService: batteryHealthPath not found
11-21 13:58:49.354   396   396 E BatteryService: batteryPresentPath not found
11-21 13:58:49.354   396   396 E BatteryService: batteryCapacityPath not found
11-21 13:58:49.354   396   396 E BatteryService: batteryVoltagePath not found
11-21 13:58:49.354   396   396 E BatteryService: batteryTemperaturePath not found
11-21 13:58:49.354   396   396 E BatteryService: batteryTechnologyPath not found
11-21 13:58:49.367   396   396 I sysproc : Entered system_init()
11-21 13:58:49.367   396   396 I sysproc : ServiceManager: 0x6096a960
11-21 13:58:49.367   396   396 D SensorService: nuSensorService starting...
11-21 13:58:49.375   396   396 D Sensors : [open_sensors] sensor_num=1
11-21 13:58:49.990   396   396 E Sensors : couldn't find 'g-sensor' input device
11-21 13:58:49.990   396   396 W Sensors : wmt.sensor.debug.poll 0
11-21 13:58:49.990   396   396 W Sensors : closed debug sensor polling time!
11-21 13:58:49.990   396   396 D Sensors : [sensors__get_sensors_list] sensornum=1
11-21 13:58:49.990   396   396 D Sensors : [sensors__get_sensors_list] sensornum=1
11-21 13:58:49.990   396   396 I SensorService: WMT Virtual Accelerometer
11-21 13:58:49.990   396   396 D Sensors : [sensors__get_sensors_list] sensornum=1
11-21 13:58:49.991   396   396 I sysproc : System server: starting Android runtime.
11-21 13:58:49.991   396   396 I sysproc : System server: starting Android services.
11-21 13:58:49.991   396   408 D SensorService: nuSensorService thread starting...
11-21 13:58:49.991   396   396 I SystemServer: Entered the Android system server!
11-21 13:58:49.992   396   396 I sysproc : System server: entering thread pool.
11-21 13:58:49.994   396   409 I SystemServer: Waiting for installd to be ready.
11-21 13:58:50.011   396   409 I Installer: connecting...
11-21 13:58:50.012    84    84 I installd: new connection
11-21 13:58:50.012   396   409 I SystemServer: Entropy Mixer
11-21 13:58:50.046   396   409 I SystemServer: Power Manager
11-21 13:58:50.047   396   409 D SuspendBlockerImpl: PowerManagerService->acquire(): mReferenceCount=0
11-21 13:58:50.049   396   409 I SystemServer: Activity Manager
11-21 13:58:50.055   396   413 I ActivityManager: Memory class: 128
11-21 13:58:50.083   396   413 W BatteryStatsImpl: Couldn't get kernel wake lock stats
11-21 13:58:50.217   396   399 D dalvikvm: GC_CONCURRENT freed 185K, 5% free 4396K/4604K, paused 2ms+3ms, total 27ms
11-21 13:58:50.278   396   409 I SystemServer: Display Manager
11-21 13:58:50.279   396   409 I SystemServer: Telephony Registry
11-21 13:58:50.281   396   409 I SystemServer: Scheduling Policy
11-21 13:58:50.303   396   411 I DisplayManagerService: Display device added: DisplayDeviceInfo{"内置屏幕": 1280 x 720, 60.000004 fps, density 160, 160.0 x 160.0 dpi, touch INTERNAL, FLAG_DEFAULT_DISPLAY, FLAG_ROTATES_WITH_CONTENT, FLAG_SECURE, FLAG_SUPPORTS_PROTECTED_BUFFERS, rotation 3, type BUILT_IN, address null}
11-21 13:58:50.325   396   409 I SystemServer: Package Manager
11-21 13:58:50.478   396   399 D dalvikvm: GC_CONCURRENT freed 373K, 9% free 4508K/4908K, paused 2ms+2ms, total 23ms
11-21 13:58:50.716   396   399 D dalvikvm: GC_CONCURRENT freed 278K, 7% free 4620K/4924K, paused 2ms+2ms, total 22ms
11-21 13:58:51.257   396   399 D dalvikvm: GC_CONCURRENT freed 207K, 5% free 4806K/5036K, paused 1ms+4ms, total 25ms
11-21 13:58:52.327   396   399 D dalvikvm: GC_CONCURRENT freed 197K, 5% free 5005K/5228K, paused 2ms+3ms, total 27ms
11-21 13:58:52.696   396   409 W PackageParser: Unknown element under <application>: permission at /system/app/Gallery2.apk Binary XML file line #228
11-21 13:58:52.696   396   409 W PackageParser: Unknown element under <application>: permission at /system/app/Gallery2.apk Binary XML file line #231
11-21 13:58:52.697   396   409 W ResourceType: Failure getting entry for 0x7f040019 (t=3 e=25) in package 0 (error -75)
11-21 13:58:52.698   396   409 W ResourceType: Failure getting entry for 0x7f040019 (t=3 e=25) in package 0 (error -75)
11-21 13:58:52.701   396   409 W PackageManager: Package com.android.gallery3d desires unavailable shared library com.google.android.media.effects; ignoring!
11-21 13:58:52.966   396   409 W PackageParser: No actions in intent filter at /system/app/Contacts.apk Binary XML file line #537
11-21 13:58:53.262   396   409 W PackageParser: No actions in intent filter at /vendor/app/wmt-commres.apk Binary XML file line #42
11-21 13:58:54.536   396   409 I PackageManager: Linking native library dir for /data/app/com.lenovo.vctl-1.apk
11-21 13:58:54.600   396   399 D dalvikvm: GC_CONCURRENT freed 228K, 5% free 5164K/5416K, paused 1ms+3ms, total 29ms
11-21 13:58:54.906   234   234 D FFPlayer: player->isPlaying() return false
11-21 13:58:54.906   234   234 D FFPlayer: Seek to 8000 miliseconds for looping
11-21 13:58:54.906    83   341 D FFPlayer: seekTo 8000 ms, seekId=1...
11-21 13:58:54.907    83   364 E FFPlayer: (41dab170/41d8c008) av_read_frame return 0xDFB9B0BB, 0x20464F45/541478725=EOF , seekTime=-1
11-21 13:58:55.793   396   409 I PackageManager: Linking native library dir for /data/app/com.lenovo.videotalk-1.apk
11-21 13:58:55.831   396   409 W PackageManager: Package com.lenovo.videotalk has activity com.lenovo.vctl.weaver.ui.WeaverHome with priority > 0, forcing to 0
11-21 13:58:55.831   396   409 W PackageManager: Package com.lenovo.videotalk has activity com.lenovo.vctl.weaver.ui.WeaverHome with priority > 0, forcing to 0
11-21 13:58:55.831   396   409 W PackageManager: Package com.lenovo.videotalk has activity com.lenovo.vctl.weaver.ui.WeaverHome with priority > 0, forcing to 0
11-21 13:58:55.831   396   409 W PackageManager: Package com.lenovo.videotalk has activity com.lenovo.vctl.weaver.ui.call.ogl.InCallActivity2 with priority > 0, forcing to 0
11-21 13:58:55.832   396   409 I PackageManager: Time to scan packages: 5.101 seconds
11-21 13:58:55.832   396   409 W PackageManager: Unknown permission com.google.android.gallery3d.permission.PICASA_STORE in package com.android.dreams.phototable
11-21 13:58:55.834   396   409 W PackageManager: Not granting permission android.permission.CALL_PRIVILEGED to package com.lenovo.vctl (protectionLevel=18 flags=0x18be46)
11-21 13:58:55.834   396   409 W PackageManager: Not granting permission android.permission.READ_LOGS to package com.lenovo.vctl (protectionLevel=50 flags=0x18be46)
11-21 13:58:55.834   396   409 W PackageManager: Unknown permission android.permission.CONFIGURE_SIP in package com.lenovo.vctl
11-21 13:58:55.834   396   409 W PackageManager: Not granting permission android.permission.MOUNT_UNMOUNT_FILESYSTEMS to package com.lenovo.vctl (protectionLevel=18 flags=0x18be46)
11-21 13:58:55.834   396   409 W PackageManager: Not granting permission android.permission.DEVICE_POWER to package com.lenovo.vctl (protectionLevel=2 flags=0x18be46)
11-21 13:58:55.834   396   409 W PackageManager: Not granting permission android.permission.WRITE_SECURE_SETTINGS to package com.lenovo.vctl (protectionLevel=50 flags=0x18be46)
11-21 13:58:55.835   396   409 W PackageManager: Unknown permission com.google.android.googleapps.permission.GOOGLE_AUTH in package com.android.settings
11-21 13:58:55.836   396   409 W PackageManager: Unknown permission com.google.android.googleapps.permission.GOOGLE_AUTH.mail in package com.android.contacts
11-21 13:58:55.837   396   409 W PackageManager: Not granting permission android.permission.ACCESS_SURFACE_FLINGER to package com.android.gallery3d (protectionLevel=2 flags=0x18bc45)
11-21 13:58:55.837   396   409 W PackageManager: Unknown permission android.permission.UPDATE_DEVICE_STATUS in package com.wmt.airshow
11-21 13:58:55.837   396   409 W PackageManager: Unknown permission android.permission.READ_SECURE_SETTINGS in package com.wmt.airshow
11-21 13:58:55.839   396   409 W PackageManager: Unknown permission com.google.android.googleapps.permission.GOOGLE_AUTH in package com.android.providers.calendar
11-21 13:58:55.839   396   409 W PackageManager: Unknown permission com.google.android.googleapps.permission.GOOGLE_AUTH.cl in package com.android.providers.calendar
11-21 13:58:55.839   396   409 W PackageManager: Not granting permission android.permission.CALL_PRIVILEGED to package com.lenovo.videotalk (protectionLevel=18 flags=0x8be46)
11-21 13:58:55.840   396   409 W PackageManager: Not granting permission android.permission.READ_LOGS to package com.lenovo.videotalk (protectionLevel=50 flags=0x8be46)
11-21 13:58:55.840   396   409 W PackageManager: Unknown permission android.permission.CONFIGURE_SIP in package com.lenovo.videotalk
11-21 13:58:55.840   396   409 W PackageManager: Not granting permission android.permission.SEND_DOWNLOAD_COMPLETED_INTENTS to package com.android.browser (protectionLevel=2 flags=0x9be45)
11-21 13:58:55.841   396   409 W PackageManager: Unknown permission com.android.email.permission.READ_ATTACHMENT in package com.wmt.addons
11-21 13:58:55.841   396   409 W PackageManager: Unknown permission com.google.android.gm.permission.READ_GMAIL in package com.wmt.addons
11-21 13:58:55.842   396   409 W PackageManager: Not granting permission android.permission.DEVICE_POWER to package com.ota.update.service (protectionLevel=2 flags=0x8be45)
11-21 13:58:55.842   396   409 W PackageManager: Unknown permission android.permission.SYSTEM_OVERLAY_WINDOW in package com.ota.update.service
11-21 13:58:56.011   396   409 D dalvikvm: GC_EXPLICIT freed 334K, 8% free 5101K/5532K, paused 2ms+4ms, total 45ms
11-21 13:58:56.015   396   409 I SystemServer: User Service
11-21 13:58:56.015   396   409 I SystemServer: Account Manager
11-21 13:58:56.020   396   409 I SystemServer: Content Manager
11-21 13:58:56.021   396   409 I SystemServer: System Content Providers
11-21 13:58:56.022   396   409 I ActivityThread: Pub settings: com.android.providers.settings.SettingsProvider
11-21 13:58:56.052   396   409 D SQLiteOpenHelper: get write db : settings.db
11-21 13:58:56.251   396   420 D SettingsProvider: cache for settings table 'global' rows=41; fullycached=true
11-21 13:58:56.254   396   420 D SettingsProvider: cache for settings table 'secure' rows=30; fullycached=true
11-21 13:58:56.267   396   420 D SettingsProvider: cache for settings table 'system' rows=38; fullycached=true
11-21 13:58:56.286   396   409 W Settings: Setting device_provisioned has moved from android.provider.Settings.Secure to android.provider.Settings.Global.
11-21 13:58:56.287   396   409 I SystemServer: Lights Service
11-21 13:58:56.291   396   409 I lights  : open_lights ... [backlight]
11-21 13:58:56.291   396   409 I lights  : open_lights ... [keyboard]
11-21 13:58:56.291   396   409 I lights  : open_lights ... [buttons]
11-21 13:58:56.291   396   409 I lights  : open_lights ... [battery]
11-21 13:58:56.291   396   409 I lights  : open_lights ... [notifications]
11-21 13:58:56.291   396   409 I lights  : open_lights ... [attention]
11-21 13:58:56.291   396   409 I lights  : open_lights ... [bluetooth]
11-21 13:58:56.291   396   409 I lights  : open_lights ... [wifi]
11-21 13:58:56.292   396   409 I SystemServer: Battery Service
11-21 13:58:56.295   396   409 D BatteryService: Init battery level 50.
11-21 13:58:56.296   396   409 W BatteryStatsImpl: Couldn't get kernel wake lock stats
11-21 13:58:56.298   396   409 D BatteryService: Battery thread start running!
11-21 13:58:56.298   396   409 D WMT_ENV : get syspara wmt.io.bat
11-21 13:58:56.299   396   409 E WMT_ENV : MEMGETENV get wmt.io.bat error: 1 No such file or directory
11-21 13:58:56.313   396   409 D BatteryService: Not found wmt.io.bat, return false!
11-21 13:58:56.314   396   423 D BatteryService: Thread loop is false, exit!
11-21 13:58:56.314   396   409 I SystemServer: Vibrator Service
11-21 13:58:56.320   396   409 W libsuspend: Error writing 'on' to /sys/power/state: Invalid argument
11-21 13:58:56.321   396   409 E libsuspend: Error opening /sys/power/autosleep: No such file or directory
11-21 13:58:56.321   396   409 I libsuspend: Selected wakeup count
11-21 13:58:56.322    80    80 D PermissionCache: checking android.permission.ACCESS_SURFACE_FLINGER for uid=1000 => granted (908 us)
11-21 13:58:56.322    80   176 D SurfaceFlinger: Screen acquired, type=0 flinger=0x40fe2318
11-21 13:58:56.323    80   176 D SurfaceFlinger:  screen was previously acquired
11-21 13:58:56.323   396   409 I SystemServer: Alarm Manager
11-21 13:58:56.324   396   409 D AlarmManagerService: Kernel timezone updated to -480 minutes west of GMT
11-21 13:58:56.326   396   409 I SystemServer: Init Watchdog
11-21 13:58:56.327   396   409 I SystemServer: Input Manager
11-21 13:58:56.328   396   409 I InputManager: Initializing input manager, mUseDevInputEventForAudioJack=false
11-21 13:58:56.339   396   409 D WMT_ENV : get syspara wmt.display.param
11-21 13:58:56.352   396   409 I SystemServer: Window Manager
11-21 13:58:56.526   396   410 D PhoneWindowManager: ui_style:
11-21 13:58:56.562   396   410 I PhoneWindowManager:  updateSettings , mDismissAllow = false, mEdgeGesturesEnabled = true
11-21 13:58:56.569    83   342 D WMTOMXPLUGIN: WMTOMXPlugin Created
11-21 13:58:56.573    83   342 E WVMExtractor: Failed to open libwvm.so
11-21 13:58:56.593   396   409 I InputManager: Starting input manager
11-21 13:58:56.596   396   409 I SystemServer: Bluetooth Manager Service
11-21 13:58:56.601   396   409 D BluetoothManagerService: Loading stored name and address
11-21 13:58:56.602   396   409 D BluetoothManagerService: Stored bluetooth Name=null,Address=null
11-21 13:58:56.602   396   409 D BluetoothManagerService: airplaneModeOn: false bluetoothOn: false
11-21 13:58:56.602   396   409 D BluetoothManagerService: Retrieving Bluetooth Adapter name and address...
11-21 13:58:56.602   396   409 D BluetoothManagerService: getNameAndAddress(): mBluetooth = null mBinding = false
11-21 13:58:56.602   396   436 D BluetoothManagerService: Message: 200
11-21 13:58:56.602   396   436 D BluetoothManagerService: MESSAGE_GET_NAME_AND_ADDRESS
11-21 13:58:56.602   396   436 D BluetoothManagerService: Binding to service to get name and address
11-21 13:58:56.603   396   436 W ActivityManager: Unable to start service Intent { act=android.bluetooth.IBluetooth } U=0: not found
11-21 13:58:56.603   396   436 E BluetoothManagerService: fail to bind to: android.bluetooth.IBluetooth
11-21 13:58:56.610   396   433 D EventHub: No input device configuration file found for device 'rmtctl-rel'.
11-21 13:58:56.611   396   433 I EventHub: New device: id=1, fd=99, path='/dev/input/event6', name='rmtctl-rel', classes=0x8, configuration='', keyLayout='', keyCharacterMap='', builtinKeyboard=false, usingSuspendBlockIoctl=true, usingClockIoctl=true
11-21 13:58:56.611   396   433 E EventHub: could not get driver version for /dev/input/mouse1, Not a typewriter
11-21 13:58:56.612   396   409 I SystemServer: Input Method Service
11-21 13:58:56.618   396   409 W InputMethodManagerService: Couldn't create dir.: /data/system/inputmethod
11-21 13:58:56.630   396   433 D EventHub: No input device configuration file found for device 'rmtctl'.
11-21 13:58:56.653   396   399 D dalvikvm: GC_CONCURRENT freed 244K, 5% free 5335K/5612K, paused 5ms+4ms, total 68ms
11-21 13:58:56.675   396   409 I SystemServer: Accessibility Manager
11-21 13:58:56.676   396   433 I EventHub: New device: id=2, fd=101, path='/dev/input/event5', name='rmtctl', classes=0x21, configuration='', keyLayout='/system/usr/keylayout/Generic.kl', keyCharacterMap='/system/usr/keychars/Generic.kcm', builtinKeyboard=false, usingSuspendBlockIoctl=true, usingClockIoctl=true
11-21 13:58:56.676   396   433 D EventHub: No input device configuration file found for device 'kpadPower'.
11-21 13:58:56.680    83    83 E WVMExtractor: Failed to open libwvm.so
11-21 13:58:56.688   396   433 I EventHub: New device: id=3, fd=103, path='/dev/input/event4', name='kpadPower', classes=0x1, configuration='', keyLayout='/system/usr/keylayout/Generic.kl', keyCharacterMap='/system/usr/keychars/Generic.kcm', builtinKeyboard=false, usingSuspendBlockIoctl=true, usingClockIoctl=true
11-21 13:58:56.688   396   433 E EventHub: could not get driver version for /dev/input/mice, Not a typewriter
11-21 13:58:56.695   396   409 I ActivityManager: Config changed: {1.0 ?mcc?mnc zh_CN ldltr sw720dp w1280dp h672dp 160dpi lrg long land ?uimode ?night finger -keyb/v/h -nav/h s.2}
11-21 13:58:56.697   396   409 E Trace   : error opening trace file: No such file or directory (2)
11-21 13:58:56.712   396   409 I SystemServer: Mount Service
11-21 13:58:56.721   396   433 D EventHub: No input device configuration file found for device 'SIGMACH1P USB Keykoard'.
